Component: ARM Compiler 5.06 (build 20) Tool: armlink [4d35a3]

==============================================================================

Section Cross References

    main.o(.text) refers to rt_cmsis.o(i.osKernelInitialize) for osKernelInitialize
    main.o(.text) refers to initialize_modules.o(.text) for Initialize_Modules
    main.o(.text) refers to initialize_interrupts.o(.text) for Initialize_Interrupts
    main.o(.text) refers to initialize_timers.o(.text) for Initialize_Timers
    main.o(.text) refers to gpio_manager.o(.text) for Initialize_GPIO
    main.o(.text) refers to threads.o(.text) for Create_Threads
    main.o(.text) refers to rt_cmsis.o(i.osKernelStart) for osKernelStart
    initialize_modules.o(.text) refers to stm32f4xx_adc.o(.text) for ADC_DeInit
    initialize_modules.o(.text) refers to stm32f4xx_rcc.o(.text) for RCC_APB2PeriphClockCmd
    initialize_modules.o(.text) refers to lsm9ds1.o(.text) for LSM9DS1_Init
    initialize_modules.o(.text) refers to accelerometer_data.o(.text) for Initialize_Accelerometer_movingFilters
    initialize_modules.o(.text) refers to adc_temperaturesensor_data.o(.text) for Initialize_Temperature_Filter
    initialize_modules.o(.text) refers to initialize_modules.o(.data) for debug_a
    initialize_modules.o(.text) refers to initialize_modules.o(.bss) for debug_d
    initialize_interrupts.o(.text) refers to stm32f4xx_syscfg.o(.text) for SYSCFG_EXTILineConfig
    initialize_interrupts.o(.text) refers to stm32f4xx_exti.o(.text) for EXTI_Init
    initialize_interrupts.o(.text) refers to misc.o(.text) for NVIC_Init
    initialize_interrupts.o(.text) refers to stm32f4xx_rcc.o(.text) for RCC_APB2PeriphClockCmd
    initialize_interrupts.o(.text) refers to rt_cmsis.o(i.osSignalSet) for osSignalSet
    initialize_interrupts.o(.text) refers to stm32f4xx_gpio.o(.text) for GPIO_ReadInputDataBit
    initialize_interrupts.o(.text) refers to threads.o(.data) for Accelerometer_thread
    initialize_timers.o(.text) refers to misc.o(.text) for NVIC_Init
    initialize_timers.o(.text) refers to stm32f4xx_rcc.o(.text) for RCC_APB1PeriphClockCmd
    initialize_timers.o(.text) refers to stm32f4xx_tim.o(.text) for TIM_TimeBaseInit
    initialize_timers.o(.text) refers to rt_cmsis.o(i.osSignalSet) for osSignalSet
    initialize_timers.o(.text) refers to threads.o(.data) for TemperatureSensor_thread
    accelerometer_data.o(.text) refers to filter_data.o(.text) for Initialize_Filters
    accelerometer_data.o(.text) refers to memcpya.o(.text) for __aeabi_memcpy4
    accelerometer_data.o(.text) refers to f2d.o(.text) for __aeabi_f2d
    accelerometer_data.o(.text) refers to sqrt.o(i.__hardfp_sqrt) for __hardfp_sqrt
    accelerometer_data.o(.text) refers to ddiv.o(.text) for __aeabi_ddiv
    accelerometer_data.o(.text) refers to atan.o(i.__hardfp_atan) for __hardfp_atan
    accelerometer_data.o(.text) refers to dmul.o(.text) for __aeabi_dmul
    accelerometer_data.o(.text) refers to d2f.o(.text) for __aeabi_d2f
    accelerometer_data.o(.text) refers to lsm9ds1.o(.text) for LSM9DS1_ReadACC
    accelerometer_data.o(.text) refers to accelerometer_data.o(.bss) for Accelerometer_Filter_x
    accelerometer_data.o(.text) refers to accelerometer_data.o(.data) for Cal1
    filter_data.o(.text) refers to f2d.o(.text) for __aeabi_f2d
    filter_data.o(.text) refers to dmul.o(.text) for __aeabi_dmul
    filter_data.o(.text) refers to dadd.o(.text) for __aeabi_dadd
    filter_data.o(.text) refers to d2f.o(.text) for __aeabi_d2f
    adc_temperaturesensor_data.o(.text) refers to filter_data.o(.text) for Initialize_Filters
    adc_temperaturesensor_data.o(.text) refers to f2d.o(.text) for __aeabi_f2d
    adc_temperaturesensor_data.o(.text) refers to dadd.o(.text) for __aeabi_dsub
    adc_temperaturesensor_data.o(.text) refers to ddiv.o(.text) for __aeabi_ddiv
    adc_temperaturesensor_data.o(.text) refers to d2f.o(.text) for __aeabi_d2f
    adc_temperaturesensor_data.o(.text) refers to stm32f4xx_adc.o(.text) for ADC_SoftwareStartConv
    adc_temperaturesensor_data.o(.text) refers to adc_temperaturesensor_data.o(.bss) for Temperature_Filter
    threads.o(.text) refers to rt_cmsis.o(i.osSignalWait) for osSignalWait
    threads.o(.text) refers to accelerometer_data.o(.text) for updateAccelerometer
    threads.o(.text) refers to rt_cmsis.o(i.osMailPut) for osMailPut
    threads.o(.text) refers to rt_cmsis.o(i.osMutexWait) for osMutexWait
    threads.o(.text) refers to rt_cmsis.o(i.osMutexRelease) for osMutexRelease
    threads.o(.text) refers to adc_temperaturesensor_data.o(.text) for updateADC_Temperature
    threads.o(.text) refers to rt_cmsis.o(i.osMailGet) for osMailGet
    threads.o(.text) refers to rt_cmsis.o(i.osMailFree) for osMailFree
    threads.o(.text) refers to display.o(.text) for display_empty
    threads.o(.text) refers to stm32f4xx_gpio.o(.text) for GPIO_ReadInputDataBit
    threads.o(.text) refers to rt_cmsis.o(i.osSignalSet) for osSignalSet
[...]
    .data                                    0x2000003c   Section       56  threads.o(.data)
    .data                                    0x20000074   Section        4  display.o(.data)
    .data                                    0x20000078   Section        8  lsm9ds1.o(.data)
    .data                                    0x20000080   Section       32  rtx_conf_cm.o(.data)
    .data                                    0x200000a0   Section       16  stm32f4xx_rcc.o(.data)
    APBAHBPrescTable                         0x200000a0   Data          16  stm32f4xx_rcc.o(.data)
    .data                                    0x200000b0   Section       20  system_stm32f4xx.o(.data)
    .data                                    0x200000c4   Section        8  rt_cmsis.o(.data)
    .data                                    0x200000cc   Section        8  rt_task.o(.data)
    .data                                    0x200000d4   Section        8  rt_system.o(.data)
    os_lock                                  0x200000d4   Data           1  rt_system.o(.data)
    os_psh_flag                              0x200000d5   Data           1  rt_system.o(.data)
    pend_flags                               0x200000d6   Data           1  rt_system.o(.data)
    .data                                    0x200000dc   Section        4  rt_time.o(.data)
    .data                                    0x200000e0   Section        1  hal_cm.o(.data)
    .data                                    0x200000e4   Section        8  rt_robin.o(.data)
    .data                                    0x200000ec   Section        4  errno.o(.data)
    _errno                                   0x200000ec   Data           4  errno.o(.data)
    .bss                                     0x200000f0   Section       12  initialize_modules.o(.bss)
    .bss                                     0x200000fc   Section     1240  accelerometer_data.o(.bss)
    .bss                                     0x200005d4   Section      124  adc_temperaturesensor_data.o(.bss)
    .bss                                     0x20000650   Section      416  threads.o(.bss)
    .bss                                     0x200007f0   Section     9216  rtx_conf_cm.o(.bss)
    .bss                                     0x20002bf0   Section       52  rt_task.o(.bss)
    .bss                                     0x20002c24   Section       48  rt_list.o(.bss)
    STACK                                    0x20002c58   Section     1024  startup_stm32f40_41xxx.o(STACK)

    Global Symbols

    Symbol Name                              Value     Ov Type        Size  Object(Section)

    BuildAttributes$$THM_ISAv4$E$P$D$K$B$S$7EM$VFPi3$EXTD16$VFPS$VFMA$PE$A:L22UL41UL21$X:L11$S22US41US21$IEEE1$IW$USESV6$~STKCKD$USESV7$~SHL$OTIME$ROPI$IEEEX$EBA8$MICROLIB$REQ8$PRES8$EABIv2 0x00000000   Number         0  anon$$obj.o ABSOLUTE
    __ARM_use_no_argv                        0x00000000   Number         0  main.o ABSOLUTE
    __cpp_initialize__aeabi_                  - Undefined Weak Reference
    __cxa_finalize                            - Undefined Weak Reference
    __decompress                              - Undefined Weak Reference
    _clock_init                               - Undefined Weak Reference
    _microlib_exit                            - Undefined Weak Reference
    __Vectors_Size                           0x00000188   Number         0  startup_stm32f40_41xxx.o ABSOLUTE
    __RL_RTX_VER                             0x00000479   Number         0  rt_system.o ABSOLUTE
    __Vectors                                0x08000000   Data           4  startup_stm32f40_41xxx.o(RESET)
    __Vectors_End                            0x08000188   Data           0  startup_stm32f40_41xxx.o(RESET)
    __main                                   0x08000189   Thumb Code     0  entry.o(.ARM.Collect$$$$00000000)
    _main_stk                                0x08000189   Thumb Code     0  entry2.o(.ARM.Collect$$$$00000001)
    _main_scatterload                        0x0800018d   Thumb Code     0  entry5.o(.ARM.Collect$$$$00000004)
    __main_after_scatterload                 0x08000191   Thumb Code     0  entry5.o(.ARM.Collect$$$$00000004)
    __rt_final_cpp                           0x08000191   Thumb Code     0  entry10a.o(.ARM.Collect$$$$0000000D)
    __rt_final_exit                          0x08000191   Thumb Code     0  entry11a.o(.ARM.Collect$$$$0000000F)
    _main_clock                              0x08000191   Thumb Code     0  entry7b.o(.ARM.Collect$$$$00000008)
    _main_cpp_init                           0x08000191   Thumb Code     0  entry8b.o(.ARM.Collect$$$$0000000A)
    _main_init                               0x08000191   Thumb Code    18  rtx_conf_cm.o(.ARM.Collect$$$$000000FF)
    rt_set_PSP                               0x080001ad   Thumb Code     6  hal_cm4.o(.emb_text)
    rt_get_PSP                               0x080001b3   Thumb Code     6  hal_cm4.o(.emb_text)
    os_set_env                               0x080001b9   Thumb Code    24  hal_cm4.o(.emb_text)
    _alloc_box                               0x080001d5   Thumb Code    28  hal_cm4.o(.emb_text)
    _free_box                                0x080001f5   Thumb Code    28  hal_cm4.o(.emb_text)
    SVC_Handler                              0x08000215   Thumb Code   168  hal_cm4.o(.emb_text)
    PendSV_Handler                           0x080002cd   Thumb Code    96  hal_cm4.o(.emb_text)
    SysTick_Handler                          0x08000331   Thumb Code     8  hal_cm4.o(.emb_text)
    OS_Tick_Handler                          0x08000339   Thumb Code    12  hal_cm4.o(.emb_text)
    main                                     0x08000345   Thumb Code    34  main.o(.text)
    Initialize_Globals                       0x08000369   Thumb Code    42  initialize_modules.o(.text)
    Initialize_ADC                           0x08000393   Thumb Code   102  initialize_modules.o(.text)
    Initialize_Accelerometer                 0x080003f9   Thumb Code    54  initialize_modules.o(.text)
    Initialize_Modules                       0x0800042f   Thumb Code    24  initialize_modules.o(.text)
    Initialize_Column_4_Interrupt            0x08000461   Thumb Code    70  initialize_interrupts.o(.text)
    Initialize_Column_3_Interrupt            0x080004a7   Thumb Code    70  initialize_interrupts.o(.text)
    Initialize_Column_2_Interrupt            0x080004ed   Thumb Code    70  initialize_interrupts.o(.text)
    Initialize_Column_1_Interrupt            0x08000533   Thumb Code    78  initialize_interrupts.o(.text)
    Initialize_Keypad_Column_Interrupts      0x08000581   Thumb Code    20  initialize_interrupts.o(.text)
    Initialize_Accelerometer_Int1            0x08000595   Thumb Code    74  initialize_interrupts.o(.text)
    Initialize_Interrupts                    0x080005df   Thumb Code    12  initialize_interrupts.o(.text)
    EXTI0_IRQHandler                         0x080005eb   Thumb Code    28  initialize_interrupts.o(.text)
    EXTI2_IRQHandler                         0x08000607   Thumb Code    38  initialize_interrupts.o(.text)
    EXTI3_IRQHandler                         0x0800062d   Thumb Code    40  initialize_interrupts.o(.text)
    EXTI4_IRQHandler                         0x08000655   Thumb Code    40  initialize_interrupts.o(.text)
    EXTI9_5_IRQHandler                       0x0800067d   Thumb Code    40  initialize_interrupts.o(.text)
    Initialize_Timer_4                       0x080006b1   Thumb Code    88  initialize_timers.o(.text)
    Initialize_Timer_3                       0x08000709   Thumb Code    90  initialize_timers.o(.text)
    Initialize_Timers                        0x08000763   Thumb Code    12  initialize_timers.o(.text)
    TIM3_IRQHandler                          0x0800076f   Thumb Code    32  initialize_timers.o(.text)
    TIM4_IRQHandler                          0x0800078f   Thumb Code    32  initialize_timers.o(.text)
    Initialize_Accelerometer_movingFilters   0x080007c1   Thumb Code    90  accelerometer_data.o(.text)
    calculate_Roll                           0x0800081b   Thumb Code   174  accelerometer_data.o(.text)
    calculate_Pitch                          0x080008c9   Thumb Code   174  accelerometer_data.o(.text)
    readAccelerometer                        0x08000977   Thumb Code   114  accelerometer_data.o(.text)
    updateAccelerometer                      0x080009e9   Thumb Code    78  accelerometer_data.o(.text)
    Initialize_Filters                       0x08000a69   Thumb Code    28  filter_data.o(.text)
    moving_filter                            0x08000a85   Thumb Code   200  filter_data.o(.text)
    Initialize_Temperature_Filter            0x08000b61   Thumb Code    10  adc_temperaturesensor_data.o(.text)
    convert_ADC_to_TemperatureCelcius        0x08000b6b   Thumb Code    94  adc_temperaturesensor_data.o(.text)
    readADC_Temperature                      0x08000bc9   Thumb Code    44  adc_temperaturesensor_data.o(.text)
    updateADC_Temperature                    0x08000bf5   Thumb Code    26  adc_temperaturesensor_data.o(.text)
    Accelerometer                            0x08000c35   Thumb Code    72  threads.o(.text)
    Keypad                                   0x08000c7d   Thumb Code   218  threads.o(.text)
    TemperatureSensor                        0x08000d57   Thumb Code    72  threads.o(.text)
    Display                                  0x08000d9f   Thumb Code   156  threads.o(.text)
    Control                                  0x08000e3b   Thumb Code   476  threads.o(.text)
    Create_Message_Queues                    0x08001017   Thumb Code    28  threads.o(.text)
    Create_Mutexs                            0x08001033   Thumb Code   130  threads.o(.text)
    Create_Threads                           0x080010b5   Thumb Code   160  threads.o(.text)
    Initialize_Keypad_readColumn_GPIO        0x08001179   Thumb Code    98  gpio_manager.o(.text)
    Initialize_LEDS_GPIO                     0x080011db   Thumb Code    48  gpio_manager.o(.text)
    Initialize_DigitSelect_GPIO              0x0800120b   Thumb Code    46  gpio_manager.o(.text)
    Initialize_Segments_GPIO                 0x08001239   Thumb Code    48  gpio_manager.o(.text)
    Initialize_Seven_Segment_GPIO            0x08001269   Thumb Code    12  gpio_manager.o(.text)
    Initialize_Accelerometer_Interrupt_GPIO  0x08001275   Thumb Code    40  gpio_manager.o(.text)
    Initialize_GPIO                          0x0800129d   Thumb Code    20  gpio_manager.o(.text)
    Initialize_Keypad_readRow_GPIO           0x080012b1   Thumb Code    96  gpio_manager.o(.text)
    Covert_to_Array                          0x08001325   Thumb Code   134  convert.o(.text)
    Covert_to_Decimal                        0x080013ab   Thumb Code   120  convert.o(.text)
    display_init                             0x08001431   Thumb Code    22  display.o(.text)
    display                                  0x08001447   Thumb Code   250  display.o(.text)
    display_empty                            0x08001541   Thumb Code     8  display.o(.text)
    display_error                            0x08001549   Thumb Code   114  display.o(.text)
    display_Failure                          0x080015bb   Thumb Code   108  display.o(.text)
    display_Success                          0x08001627   Thumb Code   108  display.o(.text)
    LSM9DS1_TIMEOUT_UserCallback             0x080016a1   Thumb Code     4  lsm9ds1.o(.text)
    LSM9DS1_Write                            0x0800170f   Thumb Code    58  lsm9ds1.o(.text)
    LSM9DS1_Init                             0x08001867   Thumb Code    58  lsm9ds1.o(.text)
    LSM9DS1_DataReadyInterruptConfig         0x080018a1   Thumb Code    24  lsm9ds1.o(.text)
    LSM9DS1_Read                             0x080018b9   Thumb Code    66  lsm9ds1.o(.text)
    LSM9DS1_ReadACC                          0x080018fb   Thumb Code   502  lsm9ds1.o(.text)
    os_idle_demon                            0x08001af1   Thumb Code     4  rtx_conf_cm.o(.text)
    os_error                                 0x08001af5   Thumb Code    26  rtx_conf_cm.o(.text)
    NVIC_PriorityGroupConfig                 0x08001b11   Thumb Code    10  misc.o(.text)
    NVIC_Init                                0x08001b1b   Thumb Code   106  misc.o(.text)
    NVIC_SetVectorTable                      0x08001b85   Thumb Code    14  misc.o(.text)
    NVIC_SystemLPConfig                      0x08001b93   Thumb Code    34  misc.o(.text)
    SysTick_CLKSourceConfig                  0x08001bb5   Thumb Code    40  misc.o(.text)
    ADC_DeInit                               0x08001bf1   Thumb Code    22  stm32f4xx_adc.o(.text)
    ADC_Init                                 0x08001c07   Thumb Code    74  stm32f4xx_adc.o(.text)
    ADC_StructInit                           0x08001c51   Thumb Code    20  stm32f4xx_adc.o(.text)
    ADC_CommonInit                           0x08001c65   Thumb Code    34  stm32f4xx_adc.o(.text)
    ADC_CommonStructInit                     0x08001c87   Thumb Code    12  stm32f4xx_adc.o(.text)
    ADC_Cmd                                  0x08001c93   Thumb Code    22  stm32f4xx_adc.o(.text)
    ADC_AnalogWatchdogCmd                    0x08001ca9   Thumb Code    16  stm32f4xx_adc.o(.text)
    ADC_AnalogWatchdogThresholdsConfig       0x08001cb9   Thumb Code     6  stm32f4xx_adc.o(.text)
    ADC_AnalogWatchdogSingleChannelConfig    0x08001cbf   Thumb Code    16  stm32f4xx_adc.o(.text)
    ADC_TempSensorVrefintCmd                 0x08001ccf   Thumb Code    34  stm32f4xx_adc.o(.text)
    ADC_VBATCmd                              0x08001cf1   Thumb Code    34  stm32f4xx_adc.o(.text)
    ADC_RegularChannelConfig                 0x08001d13   Thumb Code   184  stm32f4xx_adc.o(.text)
    ADC_SoftwareStartConv                    0x08001dcb   Thumb Code    10  stm32f4xx_adc.o(.text)
    ADC_GetSoftwareStartConvStatus           0x08001dd5   Thumb Code    20  stm32f4xx_adc.o(.text)
    ADC_EOCOnEachRegularChannelCmd           0x08001de9   Thumb Code    22  stm32f4xx_adc.o(.text)
    ADC_ContinuousModeCmd                    0x08001dff   Thumb Code    22  stm32f4xx_adc.o(.text)
    ADC_DiscModeChannelCountConfig           0x08001e15   Thumb Code    24  stm32f4xx_adc.o(.text)
    ADC_DiscModeCmd                          0x08001e2d   Thumb Code    22  stm32f4xx_adc.o(.text)
    ADC_GetConversionValue                   0x08001e43   Thumb Code     8  stm32f4xx_adc.o(.text)
    ADC_GetMultiModeConversionValue          0x08001e4b   Thumb Code     8  stm32f4xx_adc.o(.text)
    ADC_DMACmd                               0x08001e53   Thumb Code    22  stm32f4xx_adc.o(.text)
    ADC_DMARequestAfterLastTransferCmd       0x08001e69   Thumb Code    22  stm32f4xx_adc.o(.text)
    ADC_MultiModeDMARequestAfterLastTransferCmd 0x08001e7f   Thumb Code    34  stm32f4xx_adc.o(.text)
    ADC_InjectedChannelConfig                0x08001ea1   Thumb Code   130  stm32f4xx_adc.o(.text)
    ADC_InjectedSequencerLengthConfig        0x08001f23   Thumb Code    24  stm32f4xx_adc.o(.text)
    ADC_SetInjectedOffset                    0x08001f3b   Thumb Code    20  stm32f4xx_adc.o(.text)
    ADC_ExternalTrigInjectedConvConfig       0x08001f4f   Thumb Code    16  stm32f4xx_adc.o(.text)
    ADC_ExternalTrigInjectedConvEdgeConfig   0x08001f5f   Thumb Code    16  stm32f4xx_adc.o(.text)
    ADC_SoftwareStartInjectedConv            0x08001f6f   Thumb Code    10  stm32f4xx_adc.o(.text)
    ADC_GetSoftwareStartInjectedConvCmdStatus 0x08001f79   Thumb Code    20  stm32f4xx_adc.o(.text)
    ADC_AutoInjectedConvCmd                  0x08001f8d   Thumb Code    22  stm32f4xx_adc.o(.text)
    ADC_InjectedDiscModeCmd                  0x08001fa3   Thumb Code    22  stm32f4xx_adc.o(.text)
    ADC_GetInjectedConversionValue           0x08001fb9   Thumb Code    28  stm32f4xx_adc.o(.text)
    ADC_ITConfig                             0x08001fd5   Thumb Code    56  stm32f4xx_adc.o(.text)
    ADC_GetFlagStatus                        0x0800200d   Thumb Code    18  stm32f4xx_adc.o(.text)
    ADC_ClearFlag                            0x0800201f   Thumb Code     6  stm32f4xx_adc.o(.text)
    ADC_GetITStatus                          0x08002025   Thumb Code    38  stm32f4xx_adc.o(.text)
    ADC_ClearITPendingBit                    0x0800204b   Thumb Code    10  stm32f4xx_adc.o(.text)
    EXTI_DeInit                              0x08002055   Thumb Code    28  stm32f4xx_exti.o(.text)
    EXTI_Init                                0x08002071   Thumb Code   142  stm32f4xx_exti.o(.text)
    EXTI_StructInit                          0x080020ff   Thumb Code    16  stm32f4xx_exti.o(.text)
    EXTI_GenerateSWInterrupt                 0x0800210f   Thumb Code    16  stm32f4xx_exti.o(.text)
    EXTI_GetFlagStatus                       0x0800211f   Thumb Code    22  stm32f4xx_exti.o(.text)
    EXTI_ClearFlag                           0x08002135   Thumb Code     8  stm32f4xx_exti.o(.text)
    EXTI_GetITStatus                         0x0800213d   Thumb Code    22  stm32f4xx_exti.o(.text)
    EXTI_ClearITPendingBit                   0x08002153   Thumb Code     8  stm32f4xx_exti.o(.text)
    GPIO_DeInit                              0x08002165   Thumb Code   268  stm32f4xx_gpio.o(.text)
    GPIO_Init                                0x08002271   Thumb Code   144  stm32f4xx_gpio.o(.text)
    GPIO_StructInit                          0x08002301   Thumb Code    18  stm32f4xx_gpio.o(.text)
    GPIO_PinLockConfig                       0x08002313   Thumb Code    34  stm32f4xx_gpio.o(.text)
    GPIO_ReadInputDataBit                    0x08002335   Thumb Code    18  stm32f4xx_gpio.o(.text)
    GPIO_ReadInputData                       0x08002347   Thumb Code     8  stm32f4xx_gpio.o(.text)
    GPIO_ReadOutputDataBit                   0x0800234f   Thumb Code    18  stm32f4xx_gpio.o(.text)
    GPIO_ReadOutputData                      0x08002361   Thumb Code     8  stm32f4xx_gpio.o(.text)
    GPIO_SetBits                             0x08002369   Thumb Code     4  stm32f4xx_gpio.o(.text)
    GPIO_ResetBits                           0x0800236d   Thumb Code     4  stm32f4xx_gpio.o(.text)
    GPIO_WriteBit                            0x08002371   Thumb Code    10  stm32f4xx_gpio.o(.text)
    GPIO_Write                               0x0800237b   Thumb Code     4  stm32f4xx_gpio.o(.text)
    GPIO_ToggleBits                          0x0800237f   Thumb Code     8  stm32f4xx_gpio.o(.text)
    GPIO_PinAFConfig                         0x08002387   Thumb Code    70  stm32f4xx_gpio.o(.text)
    RCC_DeInit                               0x080023f9   Thumb Code    82  stm32f4xx_rcc.o(.text)
    RCC_HSEConfig                            0x0800244b   Thumb Code    14  stm32f4xx_rcc.o(.text)
    RCC_GetFlagStatus                        0x08002459   Thumb Code    60  stm32f4xx_rcc.o(.text)
    RCC_WaitForHSEStartUp                    0x08002495   Thumb Code    56  stm32f4xx_rcc.o(.text)
    RCC_AdjustHSICalibrationValue            0x080024cd   Thumb Code    20  stm32f4xx_rcc.o(.text)
    RCC_HSICmd                               0x080024e1   Thumb Code     6  stm32f4xx_rcc.o(.text)
    RCC_LSEConfig                            0x080024e7   Thumb Code    46  stm32f4xx_rcc.o(.text)
    RCC_LSICmd                               0x08002515   Thumb Code     6  stm32f4xx_rcc.o(.text)
    RCC_PLLConfig                            0x0800251b   Thumb Code    32  stm32f4xx_rcc.o(.text)
    RCC_PLLCmd                               0x0800253b   Thumb Code     6  stm32f4xx_rcc.o(.text)
    RCC_PLLI2SConfig                         0x08002541   Thumb Code    14  stm32f4xx_rcc.o(.text)
    RCC_PLLI2SCmd                            0x0800254f   Thumb Code     6  stm32f4xx_rcc.o(.text)
    RCC_PLLSAIConfig                         0x08002555   Thumb Code    20  stm32f4xx_rcc.o(.text)
    RCC_PLLSAICmd                            0x08002569   Thumb Code     6  stm32f4xx_rcc.o(.text)
    RCC_ClockSecuritySystemCmd               0x0800256f   Thumb Code     6  stm32f4xx_rcc.o(.text)
    RCC_MCO1Config                           0x08002575   Thumb Code    28  stm32f4xx_rcc.o(.text)
    RCC_MCO2Config                           0x08002591   Thumb Code    28  stm32f4xx_rcc.o(.text)
    RCC_SYSCLKConfig                         0x080025ad   Thumb Code    20  stm32f4xx_rcc.o(.text)
    RCC_GetSYSCLKSource                      0x080025c1   Thumb Code    12  stm32f4xx_rcc.o(.text)
    RCC_HCLKConfig                           0x080025cd   Thumb Code    20  stm32f4xx_rcc.o(.text)
    RCC_PCLK1Config                          0x080025e1   Thumb Code    20  stm32f4xx_rcc.o(.text)
    RCC_PCLK2Config                          0x080025f5   Thumb Code    22  stm32f4xx_rcc.o(.text)
    RCC_GetClocksFreq                        0x0800260b   Thumb Code   222  stm32f4xx_rcc.o(.text)
    RCC_RTCCLKConfig                         0x080026e9   Thumb Code    54  stm32f4xx_rcc.o(.text)
    RCC_RTCCLKCmd                            0x0800271f   Thumb Code     8  stm32f4xx_rcc.o(.text)
    RCC_BackupResetCmd                       0x08002727   Thumb Code     8  stm32f4xx_rcc.o(.text)
    RCC_I2SCLKConfig                         0x0800272f   Thumb Code     6  stm32f4xx_rcc.o(.text)
    RCC_SAIPLLI2SClkDivConfig                0x08002735   Thumb Code    26  stm32f4xx_rcc.o(.text)
    RCC_SAIPLLSAIClkDivConfig                0x0800274f   Thumb Code    28  stm32f4xx_rcc.o(.text)
    RCC_SAIBlockACLKConfig                   0x0800276b   Thumb Code    20  stm32f4xx_rcc.o(.text)
    RCC_SAIBlockBCLKConfig                   0x0800277f   Thumb Code    20  stm32f4xx_rcc.o(.text)
    RCC_LTDCCLKDivConfig                     0x08002793   Thumb Code    20  stm32f4xx_rcc.o(.text)
    RCC_TIMCLKPresConfig                     0x080027a7   Thumb Code     6  stm32f4xx_rcc.o(.text)
    RCC_AHB1PeriphClockCmd                   0x080027ad   Thumb Code    34  stm32f4xx_rcc.o(.text)
    RCC_AHB2PeriphClockCmd                   0x080027cf   Thumb Code    78  stm32f4xx_rcc.o(.text)
    RCC_AHB3PeriphClockCmd                   0x0800281d   Thumb Code    34  stm32f4xx_rcc.o(.text)
    RCC_APB1PeriphClockCmd                   0x0800283f   Thumb Code    34  stm32f4xx_rcc.o(.text)
    RCC_APB2PeriphClockCmd                   0x08002861   Thumb Code    34  stm32f4xx_rcc.o(.text)
    RCC_AHB1PeriphResetCmd                   0x08002883   Thumb Code    34  stm32f4xx_rcc.o(.text)
    RCC_AHB2PeriphResetCmd                   0x080028a5   Thumb Code    34  stm32f4xx_rcc.o(.text)
    RCC_AHB3PeriphResetCmd                   0x080028c7   Thumb Code    34  stm32f4xx_rcc.o(.text)
    RCC_APB1PeriphResetCmd                   0x080028e9   Thumb Code    34  stm32f4xx_rcc.o(.text)
    RCC_APB2PeriphResetCmd                   0x0800290b   Thumb Code    34  stm32f4xx_rcc.o(.text)
    RCC_AHB1PeriphClockLPModeCmd             0x0800292d   Thumb Code    34  stm32f4xx_rcc.o(.text)
    RCC_AHB2PeriphClockLPModeCmd             0x0800294f   Thumb Code    34  stm32f4xx_rcc.o(.text)
    RCC_AHB3PeriphClockLPModeCmd             0x08002971   Thumb Code    34  stm32f4xx_rcc.o(.text)
    RCC_APB1PeriphClockLPModeCmd             0x08002993   Thumb Code    34  stm32f4xx_rcc.o(.text)
    RCC_APB2PeriphClockLPModeCmd             0x080029b5   Thumb Code    34  stm32f4xx_rcc.o(.text)
    RCC_ITConfig                             0x080029d7   Thumb Code    34  stm32f4xx_rcc.o(.text)
    RCC_ClearFlag                            0x080029f9   Thumb Code    18  stm32f4xx_rcc.o(.text)
    RCC_GetITStatus                          0x08002a0b   Thumb Code    22  stm32f4xx_rcc.o(.text)
    RCC_ClearITPendingBit                    0x08002a21   Thumb Code     8  stm32f4xx_rcc.o(.text)
    SPI_I2S_DeInit                           0x08002a2d   Thumb Code   152  stm32f4xx_spi.o(.text)
    SPI_Init                                 0x08002ac5   Thumb Code    60  stm32f4xx_spi.o(.text)
    I2S_Init                                 0x08002b01   Thumb Code   350  stm32f4xx_spi.o(.text)
    SPI_StructInit                           0x08002c5f   Thumb Code    24  stm32f4xx_spi.o(.text)
    I2S_StructInit                           0x08002c77   Thumb Code    20  stm32f4xx_spi.o(.text)
    SPI_Cmd                                  0x08002c8b   Thumb Code    24  stm32f4xx_spi.o(.text)
    I2S_Cmd                                  0x08002ca3   Thumb Code    24  stm32f4xx_spi.o(.text)
    SPI_DataSizeConfig                       0x08002cbb   Thumb Code    18  stm32f4xx_spi.o(.text)
    SPI_BiDirectionalLineConfig              0x08002ccd   Thumb Code    28  stm32f4xx_spi.o(.text)
    SPI_NSSInternalSoftwareConfig            0x08002ce9   Thumb Code    30  stm32f4xx_spi.o(.text)
    SPI_SSOutputCmd                          0x08002d07   Thumb Code    24  stm32f4xx_spi.o(.text)
    SPI_TIModeCmd                            0x08002d1f   Thumb Code    24  stm32f4xx_spi.o(.text)
    I2S_FullDuplexConfig                     0x08002d37   Thumb Code    80  stm32f4xx_spi.o(.text)
    SPI_I2S_ReceiveData                      0x08002d87   Thumb Code     6  stm32f4xx_spi.o(.text)
    SPI_I2S_SendData                         0x08002d8d   Thumb Code     4  stm32f4xx_spi.o(.text)
    SPI_CalculateCRC                         0x08002d91   Thumb Code    24  stm32f4xx_spi.o(.text)
    SPI_TransmitCRC                          0x08002da9   Thumb Code    10  stm32f4xx_spi.o(.text)
    SPI_GetCRC                               0x08002db3   Thumb Code    16  stm32f4xx_spi.o(.text)
    SPI_GetCRCPolynomial                     0x08002dc3   Thumb Code     6  stm32f4xx_spi.o(.text)
    SPI_I2S_DMACmd                           0x08002dc9   Thumb Code    18  stm32f4xx_spi.o(.text)
    SPI_I2S_ITConfig                         0x08002ddb   Thumb Code    32  stm32f4xx_spi.o(.text)
    SPI_I2S_GetFlagStatus                    0x08002dfb   Thumb Code    50  stm32f4xx_spi.o(.text)
    SPI_I2S_ClearFlag                        0x08002e2d   Thumb Code     6  stm32f4xx_spi.o(.text)
    SPI_I2S_GetITStatus                      0x08002e33   Thumb Code    52  stm32f4xx_spi.o(.text)
    SPI_I2S_ClearITPendingBit                0x08002e67   Thumb Code    20  stm32f4xx_spi.o(.text)
    SYSCFG_DeInit                            0x08002e7d   Thumb Code    22  stm32f4xx_syscfg.o(.text)
    SYSCFG_MemoryRemapConfig                 0x08002e93   Thumb Code     6  stm32f4xx_syscfg.o(.text)
    SYSCFG_MemorySwappingBank                0x08002e99   Thumb Code     6  stm32f4xx_syscfg.o(.text)
    SYSCFG_EXTILineConfig                    0x08002e9f   Thumb Code    66  stm32f4xx_syscfg.o(.text)
    SYSCFG_ETH_MediaInterfaceConfig          0x08002ee1   Thumb Code     8  stm32f4xx_syscfg.o(.text)
    SYSCFG_CompensationCellCmd               0x08002ee9   Thumb Code     6  stm32f4xx_syscfg.o(.text)
    SYSCFG_GetCompensationCellStatus         0x08002eef   Thumb Code    22  stm32f4xx_syscfg.o(.text)
    TIM_DeInit                               0x08002f11   Thumb Code   346  stm32f4xx_tim.o(.text)
    TIM_TimeBaseInit                         0x0800306b   Thumb Code   104  stm32f4xx_tim.o(.text)
    TIM_TimeBaseStructInit                   0x080030d3   Thumb Code    18  stm32f4xx_tim.o(.text)
    TIM_PrescalerConfig                      0x080030e5   Thumb Code     6  stm32f4xx_tim.o(.text)
    TIM_CounterModeConfig                    0x080030eb   Thumb Code    18  stm32f4xx_tim.o(.text)
    TIM_SetCounter                           0x080030fd   Thumb Code     4  stm32f4xx_tim.o(.text)
    TIM_SetAutoreload                        0x08003101   Thumb Code     4  stm32f4xx_tim.o(.text)
    TIM_GetCounter                           0x08003105   Thumb Code     6  stm32f4xx_tim.o(.text)
    TIM_GetPrescaler                         0x0800310b   Thumb Code     6  stm32f4xx_tim.o(.text)
    TIM_UpdateDisableConfig                  0x08003111   Thumb Code    24  stm32f4xx_tim.o(.text)
    TIM_UpdateRequestConfig                  0x08003129   Thumb Code    24  stm32f4xx_tim.o(.text)
    TIM_ARRPreloadConfig                     0x08003141   Thumb Code    24  stm32f4xx_tim.o(.text)
    TIM_SelectOnePulseMode                   0x08003159   Thumb Code    18  stm32f4xx_tim.o(.text)
    TIM_SetClockDivision                     0x0800316b   Thumb Code    18  stm32f4xx_tim.o(.text)
    TIM_Cmd                                  0x0800317d   Thumb Code    24  stm32f4xx_tim.o(.text)
    TIM_OC1Init                              0x08003195   Thumb Code   114  stm32f4xx_tim.o(.text)
    TIM_OC2Init                              0x08003207   Thumb Code   154  stm32f4xx_tim.o(.text)
    TIM_OC3Init                              0x080032a1   Thumb Code   204  stm32f4xx_tim.o(.text)
    TIM_OC4Init                              0x0800336d   Thumb Code   112  stm32f4xx_tim.o(.text)
    TIM_OCStructInit                         0x080033dd   Thumb Code    20  stm32f4xx_tim.o(.text)
    TIM_SelectOCxM                           0x080033f1   Thumb Code    86  stm32f4xx_tim.o(.text)
    TIM_SetCompare1                          0x08003447   Thumb Code     4  stm32f4xx_tim.o(.text)
    TIM_SetCompare2                          0x0800344b   Thumb Code     4  stm32f4xx_tim.o(.text)
    TIM_SetCompare3                          0x0800344f   Thumb Code     4  stm32f4xx_tim.o(.text)
    TIM_SetCompare4                          0x08003453   Thumb Code     4  stm32f4xx_tim.o(.text)
    TIM_ForcedOC1Config                      0x08003457   Thumb Code    18  stm32f4xx_tim.o(.text)
    TIM_ForcedOC2Config                      0x08003469   Thumb Code    26  stm32f4xx_tim.o(.text)
    TIM_ForcedOC3Config                      0x08003483   Thumb Code    18  stm32f4xx_tim.o(.text)
    TIM_ForcedOC4Config                      0x08003495   Thumb Code    26  stm32f4xx_tim.o(.text)
    TIM_OC1PreloadConfig                     0x080034af   Thumb Code    18  stm32f4xx_tim.o(.text)
    TIM_OC2PreloadConfig                     0x080034c1   Thumb Code    26  stm32f4xx_tim.o(.text)
    TIM_OC3PreloadConfig                     0x080034db   Thumb Code    18  stm32f4xx_tim.o(.text)
    TIM_OC4PreloadConfig                     0x080034ed   Thumb Code    26  stm32f4xx_tim.o(.text)
    TIM_OC1FastConfig                        0x08003507   Thumb Code    18  stm32f4xx_tim.o(.text)
    TIM_OC2FastConfig                        0x08003519   Thumb Code    26  stm32f4xx_tim.o(.text)
    TIM_OC3FastConfig                        0x08003533   Thumb Code    18  stm32f4xx_tim.o(.text)
    TIM_OC4FastConfig                        0x08003545   Thumb Code    26  stm32f4xx_tim.o(.text)
    TIM_ClearOC1Ref                          0x0800355f   Thumb Code    18  stm32f4xx_tim.o(.text)
    TIM_ClearOC2Ref                          0x08003571   Thumb Code    24  stm32f4xx_tim.o(.text)
    TIM_ClearOC3Ref                          0x08003589   Thumb Code    18  stm32f4xx_tim.o(.text)
    TIM_ClearOC4Ref                          0x0800359b   Thumb Code    24  stm32f4xx_tim.o(.text)
    TIM_OC1PolarityConfig                    0x080035b3   Thumb Code    18  stm32f4xx_tim.o(.text)
    TIM_OC1NPolarityConfig                   0x080035c5   Thumb Code    18  stm32f4xx_tim.o(.text)
    TIM_OC2PolarityConfig                    0x080035d7   Thumb Code    26  stm32f4xx_tim.o(.text)
    TIM_OC2NPolarityConfig                   0x080035f1   Thumb Code    26  stm32f4xx_tim.o(.text)
    TIM_OC3PolarityConfig                    0x0800360b   Thumb Code    26  stm32f4xx_tim.o(.text)
    TIM_OC3NPolarityConfig                   0x08003625   Thumb Code    26  stm32f4xx_tim.o(.text)
    TIM_OC4PolarityConfig                    0x0800363f   Thumb Code    26  stm32f4xx_tim.o(.text)
    TIM_CCxCmd                               0x08003659   Thumb Code    30  stm32f4xx_tim.o(.text)
    TIM_CCxNCmd                              0x08003677   Thumb Code    30  stm32f4xx_tim.o(.text)
    TIM_SetIC4Prescaler                      0x08003695   Thumb Code    26  stm32f4xx_tim.o(.text)
    TIM_SetIC3Prescaler                      0x080036ff   Thumb Code    18  stm32f4xx_tim.o(.text)
    TIM_SetIC2Prescaler                      0x08003759   Thumb Code    26  stm32f4xx_tim.o(.text)
    TIM_SetIC1Prescaler                      0x080037cd   Thumb Code    18  stm32f4xx_tim.o(.text)
    TIM_ICInit                               0x08003819   Thumb Code   110  stm32f4xx_tim.o(.text)
    TIM_ICStructInit                         0x08003887   Thumb Code    18  stm32f4xx_tim.o(.text)
    TIM_PWMIConfig                           0x08003899   Thumb Code   124  stm32f4xx_tim.o(.text)
    TIM_GetCapture1                          0x08003915   Thumb Code     6  stm32f4xx_tim.o(.text)
    TIM_GetCapture2                          0x0800391b   Thumb Code     6  stm32f4xx_tim.o(.text)
    TIM_GetCapture3                          0x08003921   Thumb Code     6  stm32f4xx_tim.o(.text)
    TIM_GetCapture4                          0x08003927   Thumb Code     6  stm32f4xx_tim.o(.text)
    TIM_BDTRConfig                           0x0800392d   Thumb Code    32  stm32f4xx_tim.o(.text)
    TIM_BDTRStructInit                       0x0800394d   Thumb Code    18  stm32f4xx_tim.o(.text)
    TIM_CtrlPWMOutputs                       0x0800395f   Thumb Code    30  stm32f4xx_tim.o(.text)
    TIM_SelectCOM                            0x0800397d   Thumb Code    24  stm32f4xx_tim.o(.text)
    TIM_CCPreloadControl                     0x08003995   Thumb Code    24  stm32f4xx_tim.o(.text)
    TIM_ITConfig                             0x080039ad   Thumb Code    18  stm32f4xx_tim.o(.text)
    TIM_GenerateEvent                        0x080039bf   Thumb Code     4  stm32f4xx_tim.o(.text)
    TIM_GetFlagStatus                        0x080039c3   Thumb Code    18  stm32f4xx_tim.o(.text)
    TIM_ClearFlag                            0x080039d5   Thumb Code     6  stm32f4xx_tim.o(.text)
    TIM_GetITStatus                          0x080039db   Thumb Code    34  stm32f4xx_tim.o(.text)
    TIM_ClearITPendingBit                    0x080039fd   Thumb Code     6  stm32f4xx_tim.o(.text)
    TIM_DMAConfig                            0x08003a03   Thumb Code    10  stm32f4xx_tim.o(.text)
    TIM_DMACmd                               0x08003a0d   Thumb Code    18  stm32f4xx_tim.o(.text)
    TIM_SelectCCDMA                          0x08003a1f   Thumb Code    24  stm32f4xx_tim.o(.text)
    TIM_InternalClockConfig                  0x08003a37   Thumb Code    12  stm32f4xx_tim.o(.text)
    TIM_SelectInputTrigger                   0x08003a43   Thumb Code    18  stm32f4xx_tim.o(.text)
    TIM_ITRxExternalClockConfig              0x08003a55   Thumb Code    24  stm32f4xx_tim.o(.text)
    TIM_TIxExternalClockConfig               0x08003a6d   Thumb Code    62  stm32f4xx_tim.o(.text)
    TIM_ETRConfig                            0x08003aab   Thumb Code    28  stm32f4xx_tim.o(.text)
    TIM_ETRClockMode1Config                  0x08003ac7   Thumb Code    54  stm32f4xx_tim.o(.text)
    TIM_ETRClockMode2Config                  0x08003afd   Thumb Code    32  stm32f4xx_tim.o(.text)
    TIM_SelectOutputTrigger                  0x08003b1d   Thumb Code    18  stm32f4xx_tim.o(.text)
    TIM_SelectSlaveMode                      0x08003b2f   Thumb Code    18  stm32f4xx_tim.o(.text)
    TIM_SelectMasterSlaveMode                0x08003b41   Thumb Code    18  stm32f4xx_tim.o(.text)
    TIM_EncoderInterfaceConfig               0x08003b53   Thumb Code    66  stm32f4xx_tim.o(.text)
    TIM_SelectHallSensor                     0x08003b95   Thumb Code    24  stm32f4xx_tim.o(.text)
    TIM_RemapConfig                          0x08003bad   Thumb Code     6  stm32f4xx_tim.o(.text)
    Reset_Handler                            0x08003bb5   Thumb Code     8  startup_stm32f40_41xxx.o(.text)
    NMI_Handler                              0x08003bbd   Thumb Code     2  startup_stm32f40_41xxx.o(.text)
    HardFault_Handler                        0x08003bbf   Thumb Code     2  startup_stm32f40_41xxx.o(.text)
    MemManage_Handler                        0x08003bc1   Thumb Code     2  startup_stm32f40_41xxx.o(.text)
    BusFault_Handler                         0x08003bc3   Thumb Code     2  startup_stm32f40_41xxx.o(.text)
    UsageFault_Handler                       0x08003bc5   Thumb Code     2  startup_stm32f40_41xxx.o(.text)
    DebugMon_Handler                         0x08003bc9   Thumb Code     2  startup_stm32f40_41xxx.o(.text)
    ADC_IRQHandler                           0x08003bcf   Thumb Code     0  startup_stm32f40_41xxx.o(.text)
    CAN1_RX0_IRQHandler                      0x08003bcf   Thumb Code     0  startup_stm32f40_41xxx.o(.text)
    CAN1_RX1_IRQHandler                      0x08003bcf   Thumb Code     0  startup_stm32f40_41xxx.o(.text)
    CAN1_SCE_IRQHandler                      0x08003bcf   Thumb Code     0  startup_stm32f40_41xxx.o(.text)
    CAN1_TX_IRQHandler                       0x08003bcf   Thumb Code     0  startup_stm32f40_41xxx.o(.text)
    CAN2_RX0_IRQHandler                      0x08003bcf   Thumb Code     0  startup_stm32f40_41xxx.o(.text)
    CAN2_RX1_IRQHandler                      0x08003bcf   Thumb Code     0  startup_stm32f40_41xxx.o(.text)
    CAN2_SCE_IRQHandler                      0x08003bcf   Thumb Code     0  startup_stm32f40_41xxx.o(.text)
    CAN2_TX_IRQHandler                       0x08003bcf   Thumb Code     0  startup_stm32f40_41xxx.o(.text)
    CRYP_IRQHandler                          0x08003bcf   Thumb Code     0  startup_stm32f40_41xxx.o(.text)
    DCMI_IRQHandler                          0x08003bcf   Thumb Code     0  startup_stm32f40_41xxx.o(.text)
    DMA1_Stream0_IRQHandler                  0x08003bcf   Thumb Code     0  startup_stm32f40_41xxx.o(.text)
    DMA1_Stream1_IRQHandler                  0x08003bcf   Thumb Code     0  startup_stm32f40_41xxx.o(.text)
    DMA1_Stream2_IRQHandler                  0x08003bcf   Thumb Code     0  startup_stm32f40_41xxx.o(.text)
    DMA1_Stream3_IRQHandler                  0x08003bcf   Thumb Code     0  startup_stm32f40_41xxx.o(.text)
    DMA1_Stream4_IRQHandler                  0x08003bcf   Thumb Code     0  startup_stm32f40_41xxx.o(.text)
    DMA1_Stream5_IRQHandler                  0x08003bcf   Thumb Code     0  startup_stm32f40_41xxx.o(.text)
    DMA1_Stream6_IRQHandler                  0x08003bcf   Thumb Code     0  startup_stm32f40_41xxx.o(.text)
    DMA1_Stream7_IRQHandler                  0x08003bcf   Thumb Code     0  startup_stm32f40_41xxx.o(.text)
    DMA2_Stream0_IRQHandler                  0x08003bcf   Thumb Code     0  startup_stm32f40_41xxx.o(.text)
    DMA2_Stream1_IRQHandler                  0x08003bcf   Thumb Code     0  startup_stm32f40_41xxx.o(.text)
    DMA2_Stream2_IRQHandler                  0x08003bcf   Thumb Code     0  startup_stm32f40_41xxx.o(.text)
    DMA2_Stream3_IRQHandler                  0x08003bcf   Thumb Code     0  startup_stm32f40_41xxx.o(.text)
    DMA2_Stream4_IRQHandler                  0x08003bcf   Thumb Code     0  startup_stm32f40_41xxx.o(.text)
    DMA2_Stream5_IRQHandler                  0x08003bcf   Thumb Code     0  startup_stm32f40_41xxx.o(.text)
    DMA2_Stream6_IRQHandler                  0x08003bcf   Thumb Code     0  startup_stm32f40_41xxx.o(.text)
    DMA2_Stream7_IRQHandler                  0x08003bcf   Thumb Code     0  startup_stm32f40_41xxx.o(.text)
    ETH_IRQHandler                           0x08003bcf   Thumb Code     0  startup_stm32f40_41xxx.o(.text)
    ETH_WKUP_IRQHandler                      0x08003bcf   Thumb Code     0  startup_stm32f40_41xxx.o(.text)
    EXTI15_10_IRQHandler                     0x08003bcf   Thumb Code     0  startup_stm32f40_41xxx.o(.text)
    EXTI1_IRQHandler                         0x08003bcf   Thumb Code     0  startup_stm32f40_41xxx.o(.text)
    FLASH_IRQHandler                         0x08003bcf   Thumb Code     0  startup_stm32f40_41xxx.o(.text)
    FPU_IRQHandler                           0x08003bcf   Thumb Code     0  startup_stm32f40_41xxx.o(.text)
    FSMC_IRQHandler                          0x08003bcf   Thumb Code     0  startup_stm32f40_41xxx.o(.text)
    HASH_RNG_IRQHandler                      0x08003bcf   Thumb Code     0  startup_stm32f40_41xxx.o(.text)
    I2C1_ER_IRQHandler                       0x08003bcf   Thumb Code     0  startup_stm32f40_41xxx.o(.text)
    I2C1_EV_IRQHandler                       0x08003bcf   Thumb Code     0  startup_stm32f40_41xxx.o(.text)
    I2C2_ER_IRQHandler                       0x08003bcf   Thumb Code     0  startup_stm32f40_41xxx.o(.text)
    I2C2_EV_IRQHandler                       0x08003bcf   Thumb Code     0  startup_stm32f40_41xxx.o(.text)
    I2C3_ER_IRQHandler                       0x08003bcf   Thumb Code     0  startup_stm32f40_41xxx.o(.text)
    I2C3_EV_IRQHandler                       0x08003bcf   Thumb Code     0  startup_stm32f40_41xxx.o(.text)
    OTG_FS_IRQHandler                        0x08003bcf   Thumb Code     0  startup_stm32f40_41xxx.o(.text)
    OTG_FS_WKUP_IRQHandler                   0x08003bcf   Thumb Code     0  startup_stm32f40_41xxx.o(.text)
    OTG_HS_EP1_IN_IRQHandler                 0x08003bcf   Thumb Code     0  startup_stm32f40_41xxx.o(.text)
    OTG_HS_EP1_OUT_IRQHandler                0x08003bcf   Thumb Code     0  startup_stm32f40_41xxx.o(.text)
    OTG_HS_IRQHandler                        0x08003bcf   Thumb Code     0  startup_stm32f40_41xxx.o(.text)
    OTG_HS_WKUP_IRQHandler                   0x08003bcf   Thumb Code     0  startup_stm32f40_41xxx.o(.text)
    PVD_IRQHandler                           0x08003bcf   Thumb Code     0  startup_stm32f40_41xxx.o(.text)
    RCC_IRQHandler                           0x08003bcf   Thumb Code     0  startup_stm32f40_41xxx.o(.text)
    RTC_Alarm_IRQHandler                     0x08003bcf   Thumb Code     0  startup_stm32f40_41xxx.o(.text)
    RTC_WKUP_IRQHandler                      0x08003bcf   Thumb Code     0  startup_stm32f40_41xxx.o(.text)
    SDIO_IRQHandler                          0x08003bcf   Thumb Code     0  startup_stm32f40_41xxx.o(.text)
    SPI1_IRQHandler                          0x08003bcf   Thumb Code     0  startup_stm32f40_41xxx.o(.text)
    SPI2_IRQHandler                          0x08003bcf   Thumb Code     0  startup_stm32f40_41xxx.o(.text)
    SPI3_IRQHandler                          0x08003bcf   Thumb Code     0  startup_stm32f40_41xxx.o(.text)
    TAMP_STAMP_IRQHandler                    0x08003bcf   Thumb Code     0  startup_stm32f40_41xxx.o(.text)
    TIM1_BRK_TIM9_IRQHandler                 0x08003bcf   Thumb Code     0  startup_stm32f40_41xxx.o(.text)
    TIM1_CC_IRQHandler                       0x08003bcf   Thumb Code     0  startup_stm32f40_41xxx.o(.text)
    TIM1_TRG_COM_TIM11_IRQHandler            0x08003bcf   Thumb Code     0  startup_stm32f40_41xxx.o(.text)
    TIM1_UP_TIM10_IRQHandler                 0x08003bcf   Thumb Code     0  startup_stm32f40_41xxx.o(.text)
    TIM2_IRQHandler                          0x08003bcf   Thumb Code     0  startup_stm32f40_41xxx.o(.text)
    TIM5_IRQHandler                          0x08003bcf   Thumb Code     0  startup_stm32f40_41xxx.o(.text)
    TIM6_DAC_IRQHandler                      0x08003bcf   Thumb Code     0  startup_stm32f40_41xxx.o(.text)
    TIM7_IRQHandler                          0x08003bcf   Thumb Code     0  startup_stm32f40_41xxx.o(.text)
    TIM8_BRK_TIM12_IRQHandler                0x08003bcf   Thumb Code     0  startup_stm32f40_41xxx.o(.text)
    TIM8_CC_IRQHandler                       0x08003bcf   Thumb Code     0  startup_stm32f40_41xxx.o(.text)
    TIM8_TRG_COM_TIM14_IRQHandler            0x08003bcf   Thumb Code     0  startup_stm32f40_41xxx.o(.text)
    TIM8_UP_TIM13_IRQHandler                 0x08003bcf   Thumb Code     0  startup_stm32f40_41xxx.o(.text)
    UART4_IRQHandler                         0x08003bcf   Thumb Code     0  startup_stm32f40_41xxx.o(.text)
    UART5_IRQHandler                         0x08003bcf   Thumb Code     0  startup_stm32f40_41xxx.o(.text)
    USART1_IRQHandler                        0x08003bcf   Thumb Code     0  startup_stm32f40_41xxx.o(.text)
    USART2_IRQHandler                        0x08003bcf   Thumb Code     0  startup_stm32f40_41xxx.o(.text)
    USART3_IRQHandler                        0x08003bcf   Thumb Code     0  startup_stm32f40_41xxx.o(.text)
    USART6_IRQHandler                        0x08003bcf   Thumb Code     0  startup_stm32f40_41xxx.o(.text)
    WWDG_IRQHandler                          0x08003bcf   Thumb Code     0  startup_stm32f40_41xxx.o(.text)
    SystemInit                               0x08003cb5   Thumb Code    88  system_stm32f4xx.o(.text)
    SystemCoreClockUpdate                    0x08003d0d   Thumb Code   174  system_stm32f4xx.o(.text)
    __aeabi_memcpy                           0x08003de9   Thumb Code    36  memcpya.o(.text)
    __aeabi_memcpy4                          0x08003de9   Thumb Code     0  memcpya.o(.text)
    __aeabi_memcpy8                          0x08003de9   Thumb Code     0  memcpya.o(.text)
    __aeabi_dadd                             0x08003e0d   Thumb Code   322  dadd.o(.text)
    __aeabi_dsub                             0x08003f4f   Thumb Code     6  dadd.o(.text)
    __aeabi_drsub                            0x08003f55   Thumb Code     6  dadd.o(.text)
    __aeabi_dmul                             0x08003f5b   Thumb Code   228  dmul.o(.text)
    __aeabi_ddiv                             0x0800403f   Thumb Code   222  ddiv.o(.text)
    __aeabi_i2d                              0x0800411d   Thumb Code    34  dflti.o(.text)
    __aeabi_d2iz                             0x0800413f   Thumb Code    62  dfixi.o(.text)
    __aeabi_f2d                              0x0800417d   Thumb Code    38  f2d.o(.text)
    __aeabi_d2f                              0x080041a3   Thumb Code    56  d2f.o(.text)
    __aeabi_llsl                             0x080041db   Thumb Code    30  llshl.o(.text)
    _ll_shift_l                              0x080041db   Thumb Code     0  llshl.o(.text)
    __aeabi_llsr                             0x080041f9   Thumb Code    32  llushr.o(.text)
    _ll_ushift_r                             0x080041f9   Thumb Code     0  llushr.o(.text)
    __aeabi_lasr                             0x08004219   Thumb Code    36  llsshr.o(.text)
    _ll_sshift_r                             0x08004219   Thumb Code     0  llsshr.o(.text)
    __I$use$fp                               0x0800423d   Thumb Code     0  iusefp.o(.text)
    _float_round                             0x0800423d   Thumb Code    18  fepilogue.o(.text)
    _float_epilogue                          0x0800424f   Thumb Code    92  fepilogue.o(.text)
    _double_round                            0x080042ab   Thumb Code    30  depilogue.o(.text)
    _double_epilogue                         0x080042c9   Thumb Code   156  depilogue.o(.text)
    __ARM_scalbn                             0x08004365   Thumb Code    46  dscalb.o(.text)
    scalbn                                   0x08004365   Thumb Code     0  dscalb.o(.text)
    _dsqrt                                   0x08004393   Thumb Code   162  dsqrt.o(.text)
    __aeabi_cdrcmple                         0x08004435   Thumb Code    48  cdrcmple.o(.text)
    __scatterload                            0x08004465   Thumb Code    28  init.o(.text)
    __scatterload_rt2                        0x08004465   Thumb Code     0  init.o(.text)
    SVC_Count                                0x08004488   Data           4  svc_table.o(SVC_TABLE)
    SVC_Table                                0x0800448c   Data           0  svc_table.o(SVC_TABLE)
    __ARM_fpclassify                         0x0800448d   Thumb Code    48  fpclassify.o(i.__ARM_fpclassify)
    __hardfp_atan                            0x080044c1   Thumb Code   622  atan.o(i.__hardfp_atan)
    __hardfp_pow                             0x08004799   Thumb Code  3072  pow.o(i.__hardfp_pow)
    __hardfp_sqrt                            0x080053e9   Thumb Code   122  sqrt.o(i.__hardfp_sqrt)
    __kernel_poly                            0x08005463   Thumb Code   248  poly.o(i.__kernel_poly)
    __mathlib_dbl_divzero                    0x08005561   Thumb Code    28  dunder.o(i.__mathlib_dbl_divzero)
    __mathlib_dbl_infnan                     0x08005591   Thumb Code    20  dunder.o(i.__mathlib_dbl_infnan)
    __mathlib_dbl_infnan2                    0x080055a5   Thumb Code    20  dunder.o(i.__mathlib_dbl_infnan2)
    __mathlib_dbl_invalid                    0x080055b9   Thumb Code    24  dunder.o(i.__mathlib_dbl_invalid)
    __mathlib_dbl_overflow                   0x080055d9   Thumb Code    24  dunder.o(i.__mathlib_dbl_overflow)
    __mathlib_dbl_underflow                  0x080055f9   Thumb Code    24  dunder.o(i.__mathlib_dbl_underflow)
    __scatterload_copy                       0x08005619   Thumb Code    14  handlers.o(i.__scatterload_copy)
    __scatterload_null                       0x08005627   Thumb Code     2  handlers.o(i.__scatterload_null)
    __scatterload_zeroinit                   0x08005629   Thumb Code    14  handlers.o(i.__scatterload_zeroinit)
    __set_errno                              0x08005639   Thumb Code     6  errno.o(i.__set_errno)
    _init_box                                0x08005645   Thumb Code    70  rt_membox.o(i._init_box)
    dbg_init                                 0x0800568d   Thumb Code    34  hal_cm.o(i.dbg_init)
    dbg_task_notify                          0x080056bd   Thumb Code    32  hal_cm.o(i.dbg_task_notify)
    dbg_task_switch                          0x080056dd   Thumb Code    16  hal_cm.o(i.dbg_task_switch)
    fabs                                     0x080056ed   Thumb Code    24  fabs.o(i.fabs)
    isrMessageGet                            0x08005705   Thumb Code    42  rt_cmsis.o(i.isrMessageGet)
    isrMessagePut                            0x0800572f   Thumb Code    44  rt_cmsis.o(i.isrMessagePut)
    isrSignalSet                             0x0800575b   Thumb Code    36  rt_cmsis.o(i.isrSignalSet)
    isr_evt_set                              0x08005781   Thumb Code    34  rt_event.o(i.isr_evt_set)
    isr_mbx_receive                          0x080057a9   Thumb Code    82  rt_mailbox.o(i.isr_mbx_receive)
    isr_mbx_send                             0x080057fb   Thumb Code    14  rt_mailbox.o(i.isr_mbx_send)
    osKernelInitialize                       0x08005809   Thumb Code    30  rt_cmsis.o(i.osKernelInitialize)
    osKernelStart                            0x0800582d   Thumb Code    98  rt_cmsis.o(i.osKernelStart)
    osMailCreate                             0x08005899   Thumb Code    38  rt_cmsis.o(i.osMailCreate)
    osMailFree                               0x080058c9   Thumb Code    22  rt_cmsis.o(i.osMailFree)
    osMailGet                                0x080058e5   Thumb Code    22  rt_cmsis.o(i.osMailGet)
    osMailPut                                0x080058fb   Thumb Code    20  rt_cmsis.o(i.osMailPut)
    osMessageGet                             0x08005911   Thumb Code    18  rt_cmsis.o(i.osMessageGet)
    osMessagePut                             0x08005929   Thumb Code    18  rt_cmsis.o(i.osMessagePut)
    osMutexCreate                            0x08005941   Thumb Code    38  rt_cmsis.o(i.osMutexCreate)
    osMutexRelease                           0x08005971   Thumb Code    18  rt_cmsis.o(i.osMutexRelease)
    osMutexWait                              0x08005989   Thumb Code    18  rt_cmsis.o(i.osMutexWait)
    osSignalSet                              0x080059a1   Thumb Code    18  rt_cmsis.o(i.osSignalSet)
    osSignalWait                             0x080059b9   Thumb Code    18  rt_cmsis.o(i.osSignalWait)
    osThreadCreate                           0x080059d1   Thumb Code    38  rt_cmsis.o(i.osThreadCreate)
    osThreadExit                             0x08005a01   Thumb Code    14  rt_cmsis.o(i.osThreadExit)
    osTimerCall                              0x08005a19   Thumb Code     8  rt_cmsis.o(i.osTimerCall)
    osTimerThread                            0x08005a25   Thumb Code    38  rt_cmsis.o(i.osTimerThread)
    os_tick_init                             0x08005a51   Thumb Code    32  rt_system.o(i.os_tick_init)
    os_tick_irqack                           0x08005a79   Thumb Code     2  rt_system.o(i.os_tick_irqack)
    rt_alloc_box                             0x08005a7b   Thumb Code    26  rt_membox.o(i.rt_alloc_box)
    rt_alloc_mem                             0x08005a95   Thumb Code    62  rt_memory.o(i.rt_alloc_mem)
    rt_block                                 0x08005ad5   Thumb Code    48  rt_task.o(i.rt_block)
    rt_chk_robin                             0x08005b0d   Thumb Code    60  rt_robin.o(i.rt_chk_robin)
    rt_dec_dly                               0x08005b55   Thumb Code   102  rt_list.o(i.rt_dec_dly)
    rt_dispatch                              0x08005bc5   Thumb Code    60  rt_task.o(i.rt_dispatch)
    rt_evt_psh                               0x08005c09   Thumb Code    76  rt_event.o(i.rt_evt_psh)
    rt_evt_set                               0x08005c59   Thumb Code    88  rt_event.o(i.rt_evt_set)
    rt_evt_wait                              0x08005cb5   Thumb Code    56  rt_event.o(i.rt_evt_wait)
    rt_free_box                              0x08005cf1   Thumb Code    44  rt_membox.o(i.rt_free_box)
    rt_free_mem                              0x08005d1d   Thumb Code    40  rt_memory.o(i.rt_free_mem)
    rt_get_first                             0x08005d45   Thumb Code    40  rt_list.o(i.rt_get_first)
    rt_init_mem                              0x08005dbd   Thumb Code    26  rt_memory.o(i.rt_init_mem)
    rt_init_robin                            0x08005dd9   Thumb Code    14  rt_robin.o(i.rt_init_robin)
    rt_init_stack                            0x08005df1   Thumb Code   118  hal_cm.o(i.rt_init_stack)
    rt_mbx_check                             0x08005e71   Thumb Code     8  rt_mailbox.o(i.rt_mbx_check)
    rt_mbx_init                              0x08005e79   Thumb Code    26  rt_mailbox.o(i.rt_mbx_init)
    rt_mbx_psh                               0x08005e95   Thumb Code   236  rt_mailbox.o(i.rt_mbx_psh)
    rt_mbx_send                              0x08005f85   Thumb Code   148  rt_mailbox.o(i.rt_mbx_send)
    rt_mbx_wait                              0x0800601d   Thumb Code   174  rt_mailbox.o(i.rt_mbx_wait)
    rt_mut_init                              0x08006115   Thumb Code    16  rt_mutex.o(i.rt_mut_init)
    rt_mut_release                           0x08006125   Thumb Code   208  rt_mutex.o(i.rt_mut_release)
    rt_mut_wait                              0x080061fd   Thumb Code   100  rt_mutex.o(i.rt_mut_wait)
    rt_pop_req                               0x08006265   Thumb Code   112  rt_system.o(i.rt_pop_req)
    rt_psh_req                               0x080062e1   Thumb Code    22  rt_system.o(i.rt_psh_req)
    rt_psq_enq                               0x08006301   Thumb Code    88  rt_list.o(i.rt_psq_enq)
    rt_put_dly                               0x0800635d   Thumb Code    68  rt_list.o(i.rt_put_dly)
    rt_put_prio                              0x080063a5   Thumb Code    54  rt_list.o(i.rt_put_prio)
    rt_put_rdy_first                         0x080063dd   Thumb Code    14  rt_list.o(i.rt_put_rdy_first)
    rt_resort_prio                           0x080063f1   Thumb Code    46  rt_list.o(i.rt_resort_prio)
    rt_ret_val                               0x08006435   Thumb Code    12  hal_cm.o(i.rt_ret_val)
    rt_ret_val2                              0x08006441   Thumb Code    16  hal_cm.o(i.rt_ret_val2)
    rt_rmv_dly                               0x08006451   Thumb Code    40  rt_list.o(i.rt_rmv_dly)
    rt_rmv_list                              0x08006479   Thumb Code    44  rt_list.o(i.rt_rmv_list)
    rt_sem_psh                               0x080064a9   Thumb Code    48  rt_semaphore.o(i.rt_sem_psh)
    rt_stk_check                             0x080064dd   Thumb Code    28  rt_system.o(i.rt_stk_check)
    rt_switch_req                            0x08006501   Thumb Code    30  rt_task.o(i.rt_switch_req)
    rt_sys_init                              0x08006529   Thumb Code   138  rt_task.o(i.rt_sys_init)
    rt_sys_start                             0x080065f5   Thumb Code   110  rt_task.o(i.rt_sys_start)
    rt_systick                               0x0800666d   Thumb Code    50  rt_system.o(i.rt_systick)
    rt_tsk_create                            0x080066f5   Thumb Code   120  rt_task.o(i.rt_tsk_create)
    rt_tsk_delete                            0x0800677d   Thumb Code   346  rt_task.o(i.rt_tsk_delete)
    rt_tsk_prio                              0x080068f5   Thumb Code   108  rt_task.o(i.rt_tsk_prio)
    rt_tsk_self                              0x08006971   Thumb Code    12  rt_task.o(i.rt_tsk_self)
    sqrt                                     0x08006981   Thumb Code   110  sqrt.o(i.sqrt)
    svcKernelInitialize                      0x080069f1   Thumb Code    80  rt_cmsis.o(i.svcKernelInitialize)
    svcKernelStart                           0x08006a61   Thumb Code    62  rt_cmsis.o(i.svcKernelStart)
    svcMailCreate                            0x08006aa9   Thumb Code    66  rt_cmsis.o(i.svcMailCreate)
    svcMessageCreate                         0x08006aeb   Thumb Code    36  rt_cmsis.o(i.svcMessageCreate)
    svcMessageGet                            0x08006b0f   Thumb Code    58  rt_cmsis.o(i.svcMessageGet)
    svcMessagePut                            0x08006b49   Thumb Code    54  rt_cmsis.o(i.svcMessagePut)
    svcMutexCreate                           0x08006b7f   Thumb Code    28  rt_cmsis.o(i.svcMutexCreate)
    svcMutexRelease                          0x08006b9b   Thumb Code    34  rt_cmsis.o(i.svcMutexRelease)
    svcMutexWait                             0x08006bbd   Thumb Code    54  rt_cmsis.o(i.svcMutexWait)
    svcSignalSet                             0x08006bf3   Thumb Code    36  rt_cmsis.o(i.svcSignalSet)
    svcSignalWait                            0x08006c19   Thumb Code    80  rt_cmsis.o(i.svcSignalWait)
    svcThreadCreate                          0x08006c6d   Thumb Code   100  rt_cmsis.o(i.svcThreadCreate)
    svcThreadGetId                           0x08006cdd   Thumb Code    22  rt_cmsis.o(i.svcThreadGetId)
    svcThreadTerminate                       0x08006cf9   Thumb Code    50  rt_cmsis.o(i.svcThreadTerminate)
    svcTimerCall                             0x08006d31   Thumb Code    24  rt_cmsis.o(i.svcTimerCall)
    sysMailFree                              0x08006d49   Thumb Code    96  rt_cmsis.o(i.sysMailFree)
    sysTimerTick                             0x08006da9   Thumb Code    84  rt_cmsis.o(i.sysTimerTick)
    os_mailQ_def_mail_box_Peripherals_to_Control 0x08006e04   Data          12  threads.o(.constdata)
    os_mailQ_def_mail_box_Control_to_Display 0x08006e10   Data          12  threads.o(.constdata)
    os_maxtaskrun                            0x08006e6c   Data           2  rtx_conf_cm.o(.constdata)
    os_stackinfo                             0x08006e70   Data           4  rtx_conf_cm.o(.constdata)
    os_rrobin                                0x08006e74   Data           4  rtx_conf_cm.o(.constdata)
    os_tickfreq                              0x08006e78   Data           4  rtx_conf_cm.o(.constdata)
    os_tickus_i                              0x08006e7c   Data           2  rtx_conf_cm.o(.constdata)
    os_tickus_f                              0x08006e7e   Data           2  rtx_conf_cm.o(.constdata)
    os_trv                                   0x08006e80   Data           4  rtx_conf_cm.o(.constdata)
    os_flags                                 0x08006e84   Data           1  rtx_conf_cm.o(.constdata)
    CMSIS_RTOS_API_Version                   0x08006e88   Data           4  rtx_conf_cm.o(.constdata)
    CMSIS_RTOS_RTX_Version                   0x08006e8c   Data           4  rtx_conf_cm.o(.constdata)
    os_clockrate                             0x08006e90   Data           4  rtx_conf_cm.o(.constdata)
    os_timernum                              0x08006e94   Data           4  rtx_conf_cm.o(.constdata)
    mp_tcb_size                              0x08006e98   Data           2  rtx_conf_cm.o(.constdata)
    mp_stk_size                              0x08006e9c   Data           4  rtx_conf_cm.o(.constdata)
    os_stack_sz                              0x08006ea0   Data           4  rtx_conf_cm.o(.constdata)
    os_fifo_size                             0x08006ea4   Data           1  rtx_conf_cm.o(.constdata)
    os_thread_def_osTimerThread              0x08006ea8   Data          16  rtx_conf_cm.o(.constdata)
    os_messageQ_def_osTimerMessageQ          0x08006eb8   Data           8  rtx_conf_cm.o(.constdata)
    mp_tmr_size                              0x08006ec0   Data           2  rtx_conf_cm.o(.constdata)
    __mathlib_zero                           0x08006fe8   Data           8  qnan.o(.constdata)
    Region$$Table$$Base                      0x08006ff0   Number         0  anon$$obj.o(Region$$Table)
    Region$$Table$$Limit                     0x08007010   Number         0  anon$$obj.o(Region$$Table)
    debug_a                                  0x20000000   Data           4  initialize_modules.o(.data)
    debug_b                                  0x20000004   Data           4  initialize_modules.o(.data)
    debug_c                                  0x20000008   Data           4  initialize_modules.o(.data)
    Cal1                                     0x2000000c   Data          36  accelerometer_data.o(.data)
    Cal2                                     0x20000030   Data          12  accelerometer_data.o(.data)
    Accelerometer_thread                     0x2000003c   Data           4  threads.o(.data)
    TemperatureSensor_thread                 0x20000040   Data           4  threads.o(.data)
    Display_thread                           0x20000044   Data           4  threads.o(.data)
    Keypad_thread                            0x20000048   Data           4  threads.o(.data)
    Control_thread                           0x2000004c   Data           4  threads.o(.data)
    GPIO_Keypad_Mutex                        0x20000050   Data           4  threads.o(.data)
    Keypad_Mutex                             0x20000054   Data           4  threads.o(.data)
    display_Mail_Mutex                       0x20000058   Data           4  threads.o(.data)
    mail_box_Peripherals_to_Control          0x2000005c   Data           4  threads.o(.data)
    mail_box_Control_to_Display              0x20000060   Data           4  threads.o(.data)
    os_mailQ_p_mail_box_Peripherals_to_Control 0x20000064   Data           8  threads.o(.data)
    os_mailQ_p_mail_box_Control_to_Display   0x2000006c   Data           8  threads.o(.data)
    seg                                      0x20000074   Data           4  display.o(.data)
    debug_acc                                0x20000078   Data           4  lsm9ds1.o(.data)
    LSM9DS1Timeout                           0x2000007c   Data           4  lsm9ds1.o(.data)
    osThreadId_osTimerThread                 0x20000080   Data           4  rtx_conf_cm.o(.data)
    osMessageQId_osTimerMessageQ             0x20000084   Data           4  rtx_conf_cm.o(.data)
    os_tmr                                   0x20000088   Data           4  rtx_conf_cm.o(.data)
    m_tmr                                    0x2000008c   Data           4  rtx_conf_cm.o(.data)
    os_thread_def_main                       0x20000090   Data          16  rtx_conf_cm.o(.data)
    SystemCoreClock                          0x200000b0   Data           4  system_stm32f4xx.o(.data)
    AHBPrescTable                            0x200000b4   Data          16  system_stm32f4xx.o(.data)
    os_initialized                           0x200000c4   Data           1  rt_cmsis.o(.data)
    os_running                               0x200000c5   Data           1  rt_cmsis.o(.data)
    os_timer_head                            0x200000c8   Data           4  rt_cmsis.o(.data)
    os_tsk                                   0x200000cc   Data           8  rt_task.o(.data)
    os_tick_irqn                             0x200000d8   Data           4  rt_system.o(.data)
    os_time                                  0x200000dc   Data           4  rt_time.o(.data)
    dbg_msg                                  0x200000e0   Data           1  hal_cm.o(.data)
    os_robin                                 0x200000e4   Data           8  rt_robin.o(.data)
    debug_d                                  0x200000f0   Data          12  initialize_modules.o(.bss)
    buffer_list                              0x200000fc   Data         620  accelerometer_data.o(.bss)
    Accelerometer_Filter_x                   0x20000368   Data         124  accelerometer_data.o(.bss)
    Accelerometer_Filter_y                   0x200003e4   Data         124  accelerometer_data.o(.bss)
    Accelerometer_Filter_z                   0x20000460   Data         124  accelerometer_data.o(.bss)
    Pitch_Filter                             0x200004dc   Data         124  accelerometer_data.o(.bss)
    Roll_Filter                              0x20000558   Data         124  accelerometer_data.o(.bss)
    Temperature_Filter                       0x200005d4   Data         124  adc_temperaturesensor_data.o(.bss)
    os_mailQ_q_mail_box_Peripherals_to_Control 0x20000650   Data          56  threads.o(.bss)
    os_mailQ_m_mail_box_Peripherals_to_Control 0x20000688   Data         212  threads.o(.bss)
    os_mailQ_q_mail_box_Control_to_Display   0x2000075c   Data          56  threads.o(.bss)
    os_mailQ_m_mail_box_Control_to_Display   0x20000794   Data          92  threads.o(.bss)
    mp_tcb                                   0x200007f0   Data         376  rtx_conf_cm.o(.bss)
    mp_stk                                   0x20000968   Data        7216  rtx_conf_cm.o(.bss)
    os_stack_mem                             0x20002598   Data        1432  rtx_conf_cm.o(.bss)
    os_fifo                                  0x20002b30   Data         132  rtx_conf_cm.o(.bss)
    os_active_TCB                            0x20002bb4   Data          28  rtx_conf_cm.o(.bss)
    os_messageQ_q_osTimerMessageQ            0x20002bd0   Data          32  rtx_conf_cm.o(.bss)
    os_idle_TCB                              0x20002bf0   Data          52  rt_task.o(.bss)
    os_rdy                                   0x20002c24   Data          24  rt_list.o(.bss)
    os_dly                                   0x20002c3c   Data          24  rt_list.o(.bss)
    __initial_sp                             0x20003058   Data           0  startup_stm32f40_41xxx.o(STACK)



==============================================================================

Memory Map of the image

  Image Entry point : 0x08000189

  Load Region LR_IROM1 (Base: 0x08000000, Size: 0x00007100, Max: 0x00100000, ABSOLUTE)

    Execution Region ER_IROM1 (Base: 0x08000000, Size: 0x00007010, Max: 0x00100000, ABSOLUTE)

    Base Addr    Size         Type   Attr      Idx    E Section Name        Object

    0x08000000   0x00000188   Data   RO         1364    RESET               startup_stm32f40_41xxx.o
    0x08000188   0x00000000   Code   RO         2658  * .ARM.Collect$$$$00000000  mc_w.l(entry.o)
    0x08000188   0x00000004   Code   RO         2706    .ARM.Collect$$$$00000001  mc_w.l(entry2.o)
    0x0800018c   0x00000004   Code   RO         2709    .ARM.Collect$$$$00000004  mc_w.l(entry5.o)
    0x08000190   0x00000000   Code   RO         2711    .ARM.Collect$$$$00000008  mc_w.l(entry7b.o)
    0x08000190   0x00000000   Code   RO         2713    .ARM.Collect$$$$0000000A  mc_w.l(entry8b.o)
    0x08000190   0x00000000   Code   RO         2714    .ARM.Collect$$$$0000000D  mc_w.l(entry10a.o)
    0x08000190   0x00000000   Code   RO         2716    .ARM.Collect$$$$0000000F  mc_w.l(entry11a.o)
    0x08000190   0x00000018   Code   RO          587    .ARM.Collect$$$$000000FF  rtx_conf_cm.o
    0x080001a8   0x00000004   Code   RO         2707    .ARM.Collect$$$$00002712  mc_w.l(entry2.o)
    0x080001ac   0x00000198   Code   RO         2605    .emb_text           RTX_CM4.lib(hal_cm4.o)
    0x08000344   0x00000022   Code   RO            4    .text               main.o
    0x08000366   0x00000002   PAD
    0x08000368   0x000000f8   Code   RO          209    .text               initialize_modules.o
    0x08000460   0x00000250   Code   RO          244    .text               initialize_interrupts.o
    0x080006b0   0x00000110   Code   RO          268    .text               initialize_timers.o
    0x080007c0   0x000002a8   Code   RO          295    .text               accelerometer_data.o
    0x08000a68   0x000000f8   Code   RO          328    .text               filter_data.o
    0x08000b60   0x000000d4   Code   RO          343    .text               adc_temperaturesensor_data.o
    0x08000c34   0x00000544   Code   RO          370    .text               threads.o
    0x08001178   0x000001ac   Code   RO          440    .text               gpio_manager.o
    0x08001324   0x0000010c   Code   RO          461    .text               convert.o
    0x08001430   0x00000270   Code   RO          476    .text               display.o
    0x080016a0   0x00000450   Code   RO          563    .text               lsm9ds1.o
    0x08001af0   0x0000001e   Code   RO          588    .text               rtx_conf_cm.o
    0x08001b0e   0x00000002   PAD
    0x08001b10   0x000000e0   Code   RO          619    .text               misc.o
    0x08001bf0   0x00000464   Code   RO          643    .text               stm32f4xx_adc.o
    0x08002054   0x00000110   Code   RO          907    .text               stm32f4xx_exti.o
    0x08002164   0x00000294   Code   RO          979    .text               stm32f4xx_gpio.o
    0x080023f8   0x00000634   Code   RO         1147    .text               stm32f4xx_rcc.o
    0x08002a2c   0x0000044e   Code   RO         1245    .text               stm32f4xx_spi.o
    0x08002e7a   0x00000002   PAD
    0x08002e7c   0x00000094   Code   RO         1269    .text               stm32f4xx_syscfg.o
    0x08002f10   0x00000ca2   Code   RO         1293    .text               stm32f4xx_tim.o
    0x08003bb2   0x00000002   PAD
    0x08003bb4   0x00000024   Code   RO         1365    .text               startup_stm32f40_41xxx.o
    0x08003bd8   0x00000210   Code   RO         1372    .text               system_stm32f4xx.o
    0x08003de8   0x00000024   Code   RO         2663    .text               mc_w.l(memcpya.o)
    0x08003e0c   0x0000014e   Code   RO         2667    .text               mf_w.l(dadd.o)
    0x08003f5a   0x000000e4   Code   RO         2669    .text               mf_w.l(dmul.o)
    0x0800403e   0x000000de   Code   RO         2671    .text               mf_w.l(ddiv.o)
    0x0800411c   0x00000022   Code   RO         2673    .text               mf_w.l(dflti.o)
    0x0800413e   0x0000003e   Code   RO         2675    .text               mf_w.l(dfixi.o)
    0x0800417c   0x00000026   Code   RO         2677    .text               mf_w.l(f2d.o)
    0x080041a2   0x00000038   Code   RO         2679    .text               mf_w.l(d2f.o)
    0x080041da   0x0000001e   Code   RO         2718    .text               mc_w.l(llshl.o)
    0x080041f8   0x00000020   Code   RO         2720    .text               mc_w.l(llushr.o)
    0x08004218   0x00000024   Code   RO         2722    .text               mc_w.l(llsshr.o)
    0x0800423c   0x00000000   Code   RO         2731    .text               mc_w.l(iusefp.o)
    0x0800423c   0x0000006e   Code   RO         2732    .text               mf_w.l(fepilogue.o)
    0x080042aa   0x000000ba   Code   RO         2734    .text               mf_w.l(depilogue.o)
    0x08004364   0x0000002e   Code   RO         2738    .text               mf_w.l(dscalb.o)
    0x08004392   0x000000a2   Code   RO         2740    .text               mf_w.l(dsqrt.o)
    0x08004434   0x00000030   Code   RO         2744    .text               mf_w.l(cdrcmple.o)
    0x08004464   0x00000024   Code   RO         2746    .text               mc_w.l(init.o)
    0x08004488   0x00000004   Code   RO         2615    SVC_TABLE           RTX_CM4.lib(svc_table.o)
    0x0800448c   0x00000030   Code   RO         2701    i.__ARM_fpclassify  m_wm.l(fpclassify.o)
    0x080044bc   0x00000004   PAD
    0x080044c0   0x000002d8   Code   RO         2618    i.__hardfp_atan     m_wm.l(atan.o)
    0x08004798   0x00000c50   Code   RO         2632    i.__hardfp_pow      m_wm.l(pow.o)
    0x080053e8   0x0000007a   Code   RO         2646    i.__hardfp_sqrt     m_wm.l(sqrt.o)
    0x08005462   0x000000f8   Code   RO         2703    i.__kernel_poly     m_wm.l(poly.o)
    0x0800555a   0x00000006   PAD
    0x08005560   0x00000030   Code   RO         2681    i.__mathlib_dbl_divzero  m_wm.l(dunder.o)
    0x08005590   0x00000014   Code   RO         2682    i.__mathlib_dbl_infnan  m_wm.l(dunder.o)
    0x080055a4   0x00000014   Code   RO         2683    i.__mathlib_dbl_infnan2  m_wm.l(dunder.o)
    0x080055b8   0x00000020   Code   RO         2684    i.__mathlib_dbl_invalid  m_wm.l(dunder.o)
    0x080055d8   0x00000020   Code   RO         2685    i.__mathlib_dbl_overflow  m_wm.l(dunder.o)
    0x080055f8   0x00000020   Code   RO         2687    i.__mathlib_dbl_underflow  m_wm.l(dunder.o)
    0x08005618   0x0000000e   Code   RO         2750    i.__scatterload_copy  mc_w.l(handlers.o)
    0x08005626   0x00000002   Code   RO         2751    i.__scatterload_null  mc_w.l(handlers.o)
    0x08005628   0x0000000e   Code   RO         2752    i.__scatterload_zeroinit  mc_w.l(handlers.o)
    0x08005636   0x00000002   PAD
    0x08005638   0x0000000c   Code   RO         2726    i.__set_errno       mc_w.l(errno.o)
    0x08005644   0x00000046   Code   RO         2478    i._init_box         RTX_CM4.lib(rt_membox.o)
    0x0800568a   0x00000002   PAD
    0x0800568c   0x00000030   Code   RO         2531    i.dbg_init          RTX_CM4.lib(hal_cm.o)
    0x080056bc   0x00000020   Code   RO         2532    i.dbg_task_notify   RTX_CM4.lib(hal_cm.o)
    0x080056dc   0x00000010   Code   RO         2533    i.dbg_task_switch   RTX_CM4.lib(hal_cm.o)
    0x080056ec   0x00000018   Code   RO         2697    i.fabs              m_wm.l(fabs.o)
    0x08005704   0x0000002a   Code   RO         1402    i.isrMessageGet     RTX_CM4.lib(rt_cmsis.o)
    0x0800572e   0x0000002c   Code   RO         1403    i.isrMessagePut     RTX_CM4.lib(rt_cmsis.o)
    0x0800575a   0x00000024   Code   RO         1405    i.isrSignalSet      RTX_CM4.lib(rt_cmsis.o)
    0x0800577e   0x00000002   PAD
    0x08005780   0x00000028   Code   RO         2202    i.isr_evt_set       RTX_CM4.lib(rt_event.o)
    0x080057a8   0x00000052   Code   RO         2324    i.isr_mbx_receive   RTX_CM4.lib(rt_mailbox.o)
    0x080057fa   0x0000000e   Code   RO         2325    i.isr_mbx_send      RTX_CM4.lib(rt_mailbox.o)
    0x08005808   0x00000024   Code   RO         1407    i.osKernelInitialize  RTX_CM4.lib(rt_cmsis.o)
    0x0800582c   0x0000006c   Code   RO         1409    i.osKernelStart     RTX_CM4.lib(rt_cmsis.o)
    0x08005898   0x00000030   Code   RO         1413    i.osMailCreate      RTX_CM4.lib(rt_cmsis.o)
    0x080058c8   0x0000001c   Code   RO         1414    i.osMailFree        RTX_CM4.lib(rt_cmsis.o)
    0x080058e4   0x00000016   Code   RO         1415    i.osMailGet         RTX_CM4.lib(rt_cmsis.o)
    0x080058fa   0x00000014   Code   RO         1416    i.osMailPut         RTX_CM4.lib(rt_cmsis.o)
    0x0800590e   0x00000002   PAD
    0x08005910   0x00000018   Code   RO         1418    i.osMessageGet      RTX_CM4.lib(rt_cmsis.o)
    0x08005928   0x00000018   Code   RO         1419    i.osMessagePut      RTX_CM4.lib(rt_cmsis.o)
    0x08005940   0x00000030   Code   RO         1420    i.osMutexCreate     RTX_CM4.lib(rt_cmsis.o)
    0x08005970   0x00000018   Code   RO         1422    i.osMutexRelease    RTX_CM4.lib(rt_cmsis.o)
    0x08005988   0x00000018   Code   RO         1423    i.osMutexWait       RTX_CM4.lib(rt_cmsis.o)
    0x080059a0   0x00000018   Code   RO         1433    i.osSignalSet       RTX_CM4.lib(rt_cmsis.o)
    0x080059b8   0x00000018   Code   RO         1434    i.osSignalWait      RTX_CM4.lib(rt_cmsis.o)
    0x080059d0   0x00000030   Code   RO         1435    i.osThreadCreate    RTX_CM4.lib(rt_cmsis.o)
    0x08005a00   0x00000018   Code   RO         1436    i.osThreadExit      RTX_CM4.lib(rt_cmsis.o)
    0x08005a18   0x0000000c   Code   RO         1442    i.osTimerCall       RTX_CM4.lib(rt_cmsis.o)
    0x08005a24   0x0000002c   Code   RO         1447    i.osTimerThread     RTX_CM4.lib(rt_cmsis.o)
    0x08005a50   0x00000028   Code   RO         2112    i.os_tick_init      RTX_CM4.lib(rt_system.o)
    0x08005a78   0x00000002   Code   RO         2113    i.os_tick_irqack    RTX_CM4.lib(rt_system.o)
    0x08005a7a   0x0000001a   Code   RO         2479    i.rt_alloc_box      RTX_CM4.lib(rt_membox.o)
    0x08005a94   0x0000003e   Code   RO         2507    i.rt_alloc_mem      RTX_CM4.lib(rt_memory.o)
    0x08005ad2   0x00000002   PAD
    0x08005ad4   0x00000038   Code   RO         2027    i.rt_block          RTX_CM4.lib(rt_task.o)
    0x08005b0c   0x00000048   Code   RO         2584    i.rt_chk_robin      RTX_CM4.lib(rt_robin.o)
    0x08005b54   0x00000070   Code   RO         2248    i.rt_dec_dly        RTX_CM4.lib(rt_list.o)
    0x08005bc4   0x00000044   Code   RO         2028    i.rt_dispatch       RTX_CM4.lib(rt_task.o)
    0x08005c08   0x00000050   Code   RO         2205    i.rt_evt_psh        RTX_CM4.lib(rt_event.o)
    0x08005c58   0x0000005c   Code   RO         2206    i.rt_evt_set        RTX_CM4.lib(rt_event.o)
    0x08005cb4   0x0000003c   Code   RO         2207    i.rt_evt_wait       RTX_CM4.lib(rt_event.o)
    0x08005cf0   0x0000002c   Code   RO         2480    i.rt_free_box       RTX_CM4.lib(rt_membox.o)
    0x08005d1c   0x00000028   Code   RO         2508    i.rt_free_mem       RTX_CM4.lib(rt_memory.o)
    0x08005d44   0x00000028   Code   RO         2249    i.rt_get_first      RTX_CM4.lib(rt_list.o)
    0x08005d6c   0x00000008   Code   RO         1452    i.rt_id2obj         RTX_CM4.lib(rt_cmsis.o)
    0x08005d74   0x00000048   Code   RO         2029    i.rt_init_context   RTX_CM4.lib(rt_task.o)
    0x08005dbc   0x0000001a   Code   RO         2509    i.rt_init_mem       RTX_CM4.lib(rt_memory.o)
    0x08005dd6   0x00000002   PAD
    0x08005dd8   0x00000018   Code   RO         2585    i.rt_init_robin     RTX_CM4.lib(rt_robin.o)
    0x08005df0   0x00000080   Code   RO         2534    i.rt_init_stack     RTX_CM4.lib(hal_cm.o)
    0x08005e70   0x00000008   Code   RO         2326    i.rt_mbx_check      RTX_CM4.lib(rt_mailbox.o)
    0x08005e78   0x0000001a   Code   RO         2327    i.rt_mbx_init       RTX_CM4.lib(rt_mailbox.o)
    0x08005e92   0x00000002   PAD
    0x08005e94   0x000000f0   Code   RO         2328    i.rt_mbx_psh        RTX_CM4.lib(rt_mailbox.o)
    0x08005f84   0x00000098   Code   RO         2329    i.rt_mbx_send       RTX_CM4.lib(rt_mailbox.o)
    0x0800601c   0x000000b4   Code   RO         2330    i.rt_mbx_wait       RTX_CM4.lib(rt_mailbox.o)
    0x080060d0   0x00000044   Code   RO         1453    i.rt_ms2tick        RTX_CM4.lib(rt_cmsis.o)
    0x08006114   0x00000010   Code   RO         2448    i.rt_mut_init       RTX_CM4.lib(rt_mutex.o)
    0x08006124   0x000000d8   Code   RO         2449    i.rt_mut_release    RTX_CM4.lib(rt_mutex.o)
    0x080061fc   0x00000068   Code   RO         2450    i.rt_mut_wait       RTX_CM4.lib(rt_mutex.o)
    0x08006264   0x0000007c   Code   RO         2116    i.rt_pop_req        RTX_CM4.lib(rt_system.o)
    0x080062e0   0x00000020   Code   RO         2117    i.rt_psh_req        RTX_CM4.lib(rt_system.o)
    0x08006300   0x0000005c   Code   RO         2251    i.rt_psq_enq        RTX_CM4.lib(rt_list.o)
    0x0800635c   0x00000048   Code   RO         2252    i.rt_put_dly        RTX_CM4.lib(rt_list.o)
    0x080063a4   0x00000036   Code   RO         2253    i.rt_put_prio       RTX_CM4.lib(rt_list.o)
    0x080063da   0x00000002   PAD
    0x080063dc   0x00000014   Code   RO         2254    i.rt_put_rdy_first  RTX_CM4.lib(rt_list.o)
    0x080063f0   0x00000034   Code   RO         2255    i.rt_resort_prio    RTX_CM4.lib(rt_list.o)
    0x08006424   0x00000010   Code   RO         2535    i.rt_ret_regs       RTX_CM4.lib(hal_cm.o)
    0x08006434   0x0000000c   Code   RO         2536    i.rt_ret_val        RTX_CM4.lib(hal_cm.o)
    0x08006440   0x00000010   Code   RO         2537    i.rt_ret_val2       RTX_CM4.lib(hal_cm.o)
    0x08006450   0x00000028   Code   RO         2256    i.rt_rmv_dly        RTX_CM4.lib(rt_list.o)
    0x08006478   0x00000030   Code   RO         2257    i.rt_rmv_list       RTX_CM4.lib(rt_list.o)
    0x080064a8   0x00000034   Code   RO         2375    i.rt_sem_psh        RTX_CM4.lib(rt_semaphore.o)
    0x080064dc   0x00000024   Code   RO         2119    i.rt_stk_check      RTX_CM4.lib(rt_system.o)
    0x08006500   0x00000028   Code   RO         2030    i.rt_switch_req     RTX_CM4.lib(rt_task.o)
    0x08006528   0x000000cc   Code   RO         2031    i.rt_sys_init       RTX_CM4.lib(rt_task.o)
    0x080065f4   0x00000078   Code   RO         2032    i.rt_sys_start      RTX_CM4.lib(rt_task.o)
    0x0800666c   0x00000040   Code   RO         2121    i.rt_systick        RTX_CM4.lib(rt_system.o)
    0x080066ac   0x00000012   Code   RO         1454    i.rt_tid2ptcb       RTX_CM4.lib(rt_cmsis.o)
    0x080066be   0x00000002   PAD
    0x080066c0   0x00000034   Code   RO         1455    i.rt_timer_insert   RTX_CM4.lib(rt_cmsis.o)
    0x080066f4   0x00000088   Code   RO         2033    i.rt_tsk_create     RTX_CM4.lib(rt_task.o)
    0x0800677c   0x00000178   Code   RO         2034    i.rt_tsk_delete     RTX_CM4.lib(rt_task.o)
    0x080068f4   0x0000007c   Code   RO         2036    i.rt_tsk_prio       RTX_CM4.lib(rt_task.o)
    0x08006970   0x00000010   Code   RO         2037    i.rt_tsk_self       RTX_CM4.lib(rt_task.o)
    0x08006980   0x0000006e   Code   RO         2648    i.sqrt              m_wm.l(sqrt.o)
    0x080069ee   0x00000002   PAD
    0x080069f0   0x00000070   Code   RO         1458    i.svcKernelInitialize  RTX_CM4.lib(rt_cmsis.o)
    0x08006a60   0x00000048   Code   RO         1460    i.svcKernelStart    RTX_CM4.lib(rt_cmsis.o)
    0x08006aa8   0x00000042   Code   RO         1462    i.svcMailCreate     RTX_CM4.lib(rt_cmsis.o)
    0x08006aea   0x00000024   Code   RO         1463    i.svcMessageCreate  RTX_CM4.lib(rt_cmsis.o)
    0x08006b0e   0x0000003a   Code   RO         1464    i.svcMessageGet     RTX_CM4.lib(rt_cmsis.o)
    0x08006b48   0x00000036   Code   RO         1465    i.svcMessagePut     RTX_CM4.lib(rt_cmsis.o)
    0x08006b7e   0x0000001c   Code   RO         1466    i.svcMutexCreate    RTX_CM4.lib(rt_cmsis.o)
    0x08006b9a   0x00000022   Code   RO         1468    i.svcMutexRelease   RTX_CM4.lib(rt_cmsis.o)
    0x08006bbc   0x00000036   Code   RO         1469    i.svcMutexWait      RTX_CM4.lib(rt_cmsis.o)
    0x08006bf2   0x00000024   Code   RO         1476    i.svcSignalSet      RTX_CM4.lib(rt_cmsis.o)
    0x08006c16   0x00000002   PAD
    0x08006c18   0x00000054   Code   RO         1477    i.svcSignalWait     RTX_CM4.lib(rt_cmsis.o)
    0x08006c6c   0x00000070   Code   RO         1478    i.svcThreadCreate   RTX_CM4.lib(rt_cmsis.o)
    0x08006cdc   0x0000001c   Code   RO         1479    i.svcThreadGetId    RTX_CM4.lib(rt_cmsis.o)
    0x08006cf8   0x00000038   Code   RO         1482    i.svcThreadTerminate  RTX_CM4.lib(rt_cmsis.o)
    0x08006d30   0x00000018   Code   RO         1484    i.svcTimerCall      RTX_CM4.lib(rt_cmsis.o)
    0x08006d48   0x00000060   Code   RO         1490    i.sysMailFree       RTX_CM4.lib(rt_cmsis.o)
    0x08006da8   0x0000005c   Code   RO         1493    i.sysTimerTick      RTX_CM4.lib(rt_cmsis.o)
    0x08006e04   0x00000068   Data   RO          372    .constdata          threads.o
    0x08006e6c   0x00000056   Data   RO          590    .constdata          rtx_conf_cm.o
    0x08006ec2   0x00000006   PAD
    0x08006ec8   0x00000098   Data   RO         2621    .constdata          m_wm.l(atan.o)
    0x08006f60   0x00000088   Data   RO         2635    .constdata          m_wm.l(pow.o)
    0x08006fe8   0x00000008   Data   RO         2705    .constdata          m_wm.l(qnan.o)
    0x08006ff0   0x00000020   Data   RO         2748    Region$$Table       anon$$obj.o


    Execution Region RW_IRAM1 (Base: 0x20000000, Size: 0x00003058, Max: 0x00020000, ABSOLUTE)

    Base Addr    Size         Type   Attr      Idx    E Section Name        Object

    0x20000000   0x0000000c   Data   RW          211    .data               initialize_modules.o
    0x2000000c   0x00000030   Data   RW          297    .data               accelerometer_data.o
    0x2000003c   0x00000038   Data   RW          373    .data               threads.o
    0x20000074   0x00000004   Data   RW          477    .data               display.o
    0x20000078   0x00000008   Data   RW          564    .data               lsm9ds1.o
    0x20000080   0x00000020   Data   RW          591    .data               rtx_conf_cm.o
    0x200000a0   0x00000010   Data   RW         1148    .data               stm32f4xx_rcc.o
    0x200000b0   0x00000014   Data   RW         1373    .data               system_stm32f4xx.o
    0x200000c4   0x00000008   Data   RW         1496    .data               RTX_CM4.lib(rt_cmsis.o)
    0x200000cc   0x00000008   Data   RW         2039    .data               RTX_CM4.lib(rt_task.o)
    0x200000d4   0x00000008   Data   RW         2124    .data               RTX_CM4.lib(rt_system.o)
    0x200000dc   0x00000004   Data   RW         2418    .data               RTX_CM4.lib(rt_time.o)
    0x200000e0   0x00000001   Data   RW         2538    .data               RTX_CM4.lib(hal_cm.o)
    0x200000e1   0x00000003   PAD
    0x200000e4   0x00000008   Data   RW         2586    .data               RTX_CM4.lib(rt_robin.o)
    0x200000ec   0x00000004   Data   RW         2727    .data               mc_w.l(errno.o)
    0x200000f0   0x0000000c   Zero   RW          210    .bss                initialize_modules.o
    0x200000fc   0x000004d8   Zero   RW          296    .bss                accelerometer_data.o
    0x200005d4   0x0000007c   Zero   RW          344    .bss                adc_temperaturesensor_data.o
    0x20000650   0x000001a0   Zero   RW          371    .bss                threads.o
    0x200007f0   0x00002400   Zero   RW          589    .bss                rtx_conf_cm.o
    0x20002bf0   0x00000034   Zero   RW         2038    .bss                RTX_CM4.lib(rt_task.o)
    0x20002c24   0x00000030   Zero   RW         2258    .bss                RTX_CM4.lib(rt_list.o)
    0x20002c54   0x00000004   PAD
    0x20002c58   0x00000400   Zero   RW         1362    STACK               startup_stm32f40_41xxx.o


==============================================================================

Image component sizes


      Code (inc. data)   RO Data    RW Data    ZI Data      Debug   Object Name

       680         50          0         48       1240       4802   accelerometer_data.o
       212         38          0          0        124       1513   adc_temperaturesensor_data.o
       268         14          0          0          0       1624   convert.o
       624         24          0          4          0       2145   display.o
       248         20          0          0          0       1355   filter_data.o
       428         20          0          0          0       1975   gpio_manager.o
       592         12          0          0          0       2677   initialize_interrupts.o
       248         26          0         12         12       5914   initialize_modules.o
       272         18          0          0          0       1258   initialize_timers.o
      1104         52          0          8          0       3831   lsm9ds1.o
        34          0          0          0          0     322333   main.o
       224         20          0          0          0       2005   misc.o
        54          6         86         32       9216       7478   rtx_conf_cm.o
        36          8        392          0       1024        892   startup_stm32f40_41xxx.o
      1124         24          0          0          0      10874   stm32f4xx_adc.o
       272         10          0          0          0       2475   stm32f4xx_exti.o
       660         44          0          0          0       4345   stm32f4xx_gpio.o
      1588         52          0         16          0      13078   stm32f4xx_rcc.o
      1102         32          0          0          0       7113   stm32f4xx_spi.o
       148         12          0          0          0       1909   stm32f4xx_syscfg.o
      3234         60          0          0          0      23200   stm32f4xx_tim.o
       528         46          0         20          0       2055   system_stm32f4xx.o
      1348         84        104         56        416      10542   threads.o

    ----------------------------------------------------------------------
     15036        672        620        196      12032     435393   Object Totals
         0          0         32          0          0          0   (incl. Generated)
         8          0          6          0          0          0   (incl. Padding)

    ----------------------------------------------------------------------

      Code (inc. data)   RO Data    RW Data    ZI Data      Debug   Library Member Name

       268         24          0          1          0       4372   hal_cm.o
       408         34          0          0          0        804   hal_cm4.o
      1892        198          0          8          0      46707   rt_cmsis.o
       272         18          0          0          0       2766   rt_event.o
       530         34          0          0         48       8525   rt_list.o
       702         14          0          0          0       4995   rt_mailbox.o
       140          0          0          0          0       2009   rt_membox.o
       128          0          0          0          0       2383   rt_memory.o
       336         12          0          0          0       2169   rt_mutex.o
        96         22          0          8          0       1206   rt_robin.o
        52          4          0          0          0        605   rt_semaphore.o
       298         52          0          8          0       6379   rt_system.o
      1212        174          0          8         52       9933   rt_task.o
         0          0          0          4          0        198   rt_time.o
         4          4          0          0          0        188   svc_table.o
       728        106        152          0          0        228   atan.o
       184         44          0          0          0        744   dunder.o
        24          0          0          0          0        124   fabs.o
        48          0          0          0          0        124   fpclassify.o
       248          0          0          0          0        152   poly.o
      3152        296        136          0          0        352   pow.o
         0          0          8          0          0          0   qnan.o
       232          0          0          0          0        296   sqrt.o
         0          0          0          0          0          0   entry.o
         0          0          0          0          0          0   entry10a.o
         0          0          0          0          0          0   entry11a.o
         8          4          0          0          0          0   entry2.o
         4          0          0          0          0          0   entry5.o
         0          0          0          0          0          0   entry7b.o
         0          0          0          0          0          0   entry8b.o
        12          6          0          4          0         68   errno.o
        30          0          0          0          0          0   handlers.o
        36          8          0          0          0         68   init.o
         0          0          0          0          0          0   iusefp.o
        30          0          0          0          0         68   llshl.o
        36          0          0          0          0         68   llsshr.o
        32          0          0          0          0         68   llushr.o
        36          0          0          0          0         68   memcpya.o
        48          0          0          0          0         68   cdrcmple.o
        56          0          0          0          0         88   d2f.o
       334          0          0          0          0        148   dadd.o
       222          0          0          0          0        100   ddiv.o
       186          0          0          0          0        176   depilogue.o
        62          0          0          0          0         80   dfixi.o
        34          0          0          0          0         76   dflti.o
       228          0          0          0          0         96   dmul.o
        46          0          0          0          0         80   dscalb.o
       162          0          0          0          0        100   dsqrt.o
        38          0          0          0          0         68   f2d.o
       110          0          0          0          0        168   fepilogue.o

    ----------------------------------------------------------------------
     12736       1054        296         44        104      96915   Library Totals
        32          0          0          3          4          0   (incl. Padding)

    ----------------------------------------------------------------------

      Code (inc. data)   RO Data    RW Data    ZI Data      Debug   Library Name

      6338        590          0         37        100      93239   RTX_CM4.lib
      4616        446        296          0          0       2020   m_wm.l
       224         18          0          4          0        408   mc_w.l
      1526          0          0          0          0       1248   mf_w.l

    ----------------------------------------------------------------------
     12736       1054        296         44        104      96915   Library Totals

    ----------------------------------------------------------------------

==============================================================================


      Code (inc. data)   RO Data    RW Data    ZI Data      Debug   

     27772       1726        916        240      12136     517032   Grand Totals
     27772       1726        916        240      12136     517032   ELF Image Totals
     27772       1726        916        240          0          0   ROM Totals

==============================================================================

    Total RO  Size (Code + RO Data)                28688 (  28.02kB)
    Total RW  Size (RW Data + ZI Data)             12376 (  12.09kB)
    Total ROM Size (Code + RO Data + RW Data)      28928 (  28.25kB)

==============================================================================

