Component: ARM Compiler 5.05 update 2 (build 169) Tool: armlink [4d0f33]

==============================================================================

Section Cross References

    main.o(.text) refers to rt_cmsis.o(i.osKernelInitialize) for osKernelInitialize
    main.o(.text) refers to initialize_modules.o(.text) for Initialize_Modules
    main.o(.text) refers to initialize_interrupts.o(.text) for Initialize_Interrupts
    main.o(.text) refers to initialize_timers.o(.text) for Initialize_Timers
    main.o(.text) refers to gpio_manager.o(.text) for Initialize_GPIO
    main.o(.text) refers to threads.o(.text) for Create_Threads
    main.o(.text) refers to rt_cmsis.o(i.osKernelStart) for osKernelStart
    initialize_modules.o(.text) refers to stm32f4xx_adc.o(.text) for ADC_DeInit
    initialize_modules.o(.text) refers to stm32f4xx_rcc.o(.text) for RCC_APB2PeriphClockCmd
    initialize_modules.o(.text) refers to lsm9ds1.o(.text) for LSM9DS1_Init
    initialize_modules.o(.text) refers to accelerometer_data.o(.text) for Initialize_Accelerometer_movingFilters
    initialize_modules.o(.text) refers to adc_temperaturesensor_data.o(.text) for Initialize_Temperature_Filter
    initialize_modules.o(.text) refers to initialize_modules.o(.data) for debug_a
    initialize_modules.o(.text) refers to initialize_modules.o(.bss) for debug_d
    initialize_interrupts.o(.text) refers to stm32f4xx_rcc.o(.text) for RCC_APB2PeriphClockCmd
    initialize_interrupts.o(.text) refers to stm32f4xx_syscfg.o(.text) for SYSCFG_EXTILineConfig
    initialize_interrupts.o(.text) refers to stm32f4xx_exti.o(.text) for EXTI_Init
    initialize_interrupts.o(.text) refers to misc.o(.text) for NVIC_Init
    initialize_interrupts.o(.text) refers to rt_cmsis.o(i.osSignalSet) for osSignalSet
    initialize_interrupts.o(.text) refers to threads.o(.data) for Accelerometer_thread
    initialize_timers.o(.text) refers to misc.o(.text) for NVIC_Init
    initialize_timers.o(.text) refers to stm32f4xx_rcc.o(.text) for RCC_APB1PeriphClockCmd
    initialize_timers.o(.text) refers to stm32f4xx_tim.o(.text) for TIM_TimeBaseInit
    initialize_timers.o(.text) refers to rt_cmsis.o(i.osSignalSet) for osSignalSet
    initialize_timers.o(.text) refers to threads.o(.data) for TemperatureSensor_thread
    accelerometer_data.o(.text) refers to filter_data.o(.text) for Initialize_Filters
    accelerometer_data.o(.text) refers to memcpya.o(.text) for __aeabi_memcpy4
    accelerometer_data.o(.text) refers to f2d.o(.text) for __aeabi_f2d
    accelerometer_data.o(.text) refers to sqrt.o(i.__hardfp_sqrt) for __hardfp_sqrt
    accelerometer_data.o(.text) refers to ddiv.o(.text) for __aeabi_ddiv
    accelerometer_data.o(.text) refers to atan.o(i.__hardfp_atan) for __hardfp_atan
    accelerometer_data.o(.text) refers to dmul.o(.text) for __aeabi_dmul
    accelerometer_data.o(.text) refers to d2f.o(.text) for __aeabi_d2f
    accelerometer_data.o(.text) refers to lsm9ds1.o(.text) for LSM9DS1_ReadACC
    accelerometer_data.o(.text) refers to accelerometer_data.o(.bss) for Accelerometer_Filter_x
    accelerometer_data.o(.text) refers to accelerometer_data.o(.data) for Cal1
    accelerometer_data.o(.text) refers to initialize_modules.o(.bss) for debug_d
    filter_data.o(.text) refers to f2d.o(.text) for __aeabi_f2d
    filter_data.o(.text) refers to dmul.o(.text) for __aeabi_dmul
    filter_data.o(.text) refers to dadd.o(.text) for __aeabi_dadd
    filter_data.o(.text) refers to d2f.o(.text) for __aeabi_d2f
    adc_temperaturesensor_data.o(.text) refers to filter_data.o(.text) for Initialize_Filters
    adc_temperaturesensor_data.o(.text) refers to f2d.o(.text) for __aeabi_f2d
    adc_temperaturesensor_data.o(.text) refers to dadd.o(.text) for __aeabi_dsub
    adc_temperaturesensor_data.o(.text) refers to ddiv.o(.text) for __aeabi_ddiv
    adc_temperaturesensor_data.o(.text) refers to d2f.o(.text) for __aeabi_d2f
    adc_temperaturesensor_data.o(.text) refers to stm32f4xx_adc.o(.text) for ADC_SoftwareStartConv
    adc_temperaturesensor_data.o(.text) refers to adc_temperaturesensor_data.o(.bss) for Temperature_Filter
    threads.o(.text) refers to rt_cmsis.o(i.osSignalWait) for osSignalWait
    threads.o(.text) refers to accelerometer_data.o(.text) for updateAccelerometer
    threads.o(.text) refers to rt_cmsis.o(i.osMailPut) for osMailPut
    threads.o(.text) refers to adc_temperaturesensor_data.o(.text) for updateADC_Temperature
    threads.o(.text) refers to rt_cmsis.o(i.osMailGet) for osMailGet
    threads.o(.text) refers to rt_cmsis.o(i.osMailFree) for osMailFree
    threads.o(.text) refers to rt_cmsis.o(i.osMailCreate) for osMailCreate
    threads.o(.text) refers to rt_cmsis.o(i.osThreadCreate) for osThreadCreate
    threads.o(.text) refers to threads.o(.data) for mail_box_Peripherals_to_Control
    threads.o(.text) refers to initialize_modules.o(.data) for debug_b
    threads.o(.text) refers to threads.o(.constdata) for os_mailQ_def_mail_box_Peripherals_to_Control
[...]
    i.os_tick_init                           0x08004150   Section        0  rt_system.o(i.os_tick_init)
    i.os_tick_irqack                         0x08004178   Section        0  rt_system.o(i.os_tick_irqack)
    i.rt_alloc_box                           0x0800417a   Section        0  rt_membox.o(i.rt_alloc_box)
    i.rt_alloc_mem                           0x08004194   Section        0  rt_memory.o(i.rt_alloc_mem)
    i.rt_block                               0x080041d4   Section        0  rt_task.o(i.rt_block)
    i.rt_chk_robin                           0x0800420c   Section        0  rt_robin.o(i.rt_chk_robin)
    i.rt_dec_dly                             0x08004254   Section        0  rt_list.o(i.rt_dec_dly)
    i.rt_dispatch                            0x080042c4   Section        0  rt_task.o(i.rt_dispatch)
    i.rt_evt_psh                             0x08004308   Section        0  rt_event.o(i.rt_evt_psh)
    i.rt_evt_set                             0x08004358   Section        0  rt_event.o(i.rt_evt_set)
    i.rt_evt_wait                            0x080043b4   Section        0  rt_event.o(i.rt_evt_wait)
    i.rt_free_box                            0x080043f0   Section        0  rt_membox.o(i.rt_free_box)
    i.rt_free_mem                            0x08004410   Section        0  rt_memory.o(i.rt_free_mem)
    i.rt_get_first                           0x08004438   Section        0  rt_list.o(i.rt_get_first)
    i.rt_id2obj                              0x08004460   Section        0  rt_cmsis.o(i.rt_id2obj)
    rt_id2obj                                0x08004461   Thumb Code     8  rt_cmsis.o(i.rt_id2obj)
    i.rt_init_context                        0x08004468   Section        0  rt_task.o(i.rt_init_context)
    rt_init_context                          0x08004469   Thumb Code    66  rt_task.o(i.rt_init_context)
    i.rt_init_mem                            0x080044b0   Section        0  rt_memory.o(i.rt_init_mem)
    i.rt_init_robin                          0x080044cc   Section        0  rt_robin.o(i.rt_init_robin)
    i.rt_init_stack                          0x080044e4   Section        0  hal_cm.o(i.rt_init_stack)
    i.rt_mbx_check                           0x08004564   Section        0  rt_mailbox.o(i.rt_mbx_check)
    i.rt_mbx_init                            0x0800456c   Section        0  rt_mailbox.o(i.rt_mbx_init)
    i.rt_mbx_psh                             0x08004588   Section        0  rt_mailbox.o(i.rt_mbx_psh)
    i.rt_mbx_send                            0x08004678   Section        0  rt_mailbox.o(i.rt_mbx_send)
    i.rt_mbx_wait                            0x08004710   Section        0  rt_mailbox.o(i.rt_mbx_wait)
    i.rt_ms2tick                             0x080047c4   Section        0  rt_cmsis.o(i.rt_ms2tick)
    rt_ms2tick                               0x080047c5   Thumb Code    50  rt_cmsis.o(i.rt_ms2tick)
    i.rt_pop_req                             0x08004800   Section        0  rt_system.o(i.rt_pop_req)
    i.rt_psh_req                             0x0800487c   Section        0  rt_system.o(i.rt_psh_req)
    i.rt_psq_enq                             0x0800489c   Section        0  rt_list.o(i.rt_psq_enq)
    i.rt_put_dly                             0x080048f8   Section        0  rt_list.o(i.rt_put_dly)
    i.rt_put_prio                            0x08004940   Section        0  rt_list.o(i.rt_put_prio)
    i.rt_put_rdy_first                       0x08004978   Section        0  rt_list.o(i.rt_put_rdy_first)
    i.rt_resort_prio                         0x0800498c   Section        0  rt_list.o(i.rt_resort_prio)
    i.rt_ret_regs                            0x080049c0   Section        0  hal_cm.o(i.rt_ret_regs)
    rt_ret_regs                              0x080049c1   Thumb Code    16  hal_cm.o(i.rt_ret_regs)
    i.rt_ret_val                             0x080049d0   Section        0  hal_cm.o(i.rt_ret_val)
    i.rt_ret_val2                            0x080049dc   Section        0  hal_cm.o(i.rt_ret_val2)
    i.rt_rmv_dly                             0x080049ec   Section        0  rt_list.o(i.rt_rmv_dly)
    i.rt_rmv_list                            0x08004a14   Section        0  rt_list.o(i.rt_rmv_list)
    i.rt_sem_psh                             0x08004a44   Section        0  rt_semaphore.o(i.rt_sem_psh)
    i.rt_stk_check                           0x08004a78   Section        0  rt_system.o(i.rt_stk_check)
    i.rt_switch_req                          0x08004a9c   Section        0  rt_task.o(i.rt_switch_req)
    i.rt_sys_init                            0x08004ac4   Section        0  rt_task.o(i.rt_sys_init)
    i.rt_sys_start                           0x08004b90   Section        0  rt_task.o(i.rt_sys_start)
    i.rt_systick                             0x08004c08   Section        0  rt_system.o(i.rt_systick)
    i.rt_tid2ptcb                            0x08004c48   Section        0  rt_cmsis.o(i.rt_tid2ptcb)
    rt_tid2ptcb                              0x08004c49   Thumb Code    18  rt_cmsis.o(i.rt_tid2ptcb)
    i.rt_timer_insert                        0x08004c5c   Section        0  rt_cmsis.o(i.rt_timer_insert)
    rt_timer_insert                          0x08004c5d   Thumb Code    48  rt_cmsis.o(i.rt_timer_insert)
    i.rt_tsk_create                          0x08004c90   Section        0  rt_task.o(i.rt_tsk_create)
    i.rt_tsk_delete                          0x08004d10   Section        0  rt_task.o(i.rt_tsk_delete)
    i.rt_tsk_prio                            0x08004e84   Section        0  rt_task.o(i.rt_tsk_prio)
    i.rt_tsk_self                            0x08004f00   Section        0  rt_task.o(i.rt_tsk_self)
    i.svcKernelInitialize                    0x08004f10   Section        0  rt_cmsis.o(i.svcKernelInitialize)
    i.svcKernelStart                         0x08004f80   Section        0  rt_cmsis.o(i.svcKernelStart)
    i.svcMailCreate                          0x08004fc8   Section        0  rt_cmsis.o(i.svcMailCreate)
    i.svcMessageCreate                       0x0800500a   Section        0  rt_cmsis.o(i.svcMessageCreate)
    i.svcMessageGet                          0x0800502e   Section        0  rt_cmsis.o(i.svcMessageGet)
    i.svcMessagePut                          0x08005068   Section        0  rt_cmsis.o(i.svcMessagePut)
    i.svcSignalSet                           0x0800509e   Section        0  rt_cmsis.o(i.svcSignalSet)
    i.svcSignalWait                          0x080050c4   Section        0  rt_cmsis.o(i.svcSignalWait)
    i.svcThreadCreate                        0x08005118   Section        0  rt_cmsis.o(i.svcThreadCreate)
    i.svcThreadGetId                         0x08005188   Section        0  rt_cmsis.o(i.svcThreadGetId)
    i.svcThreadTerminate                     0x080051a4   Section        0  rt_cmsis.o(i.svcThreadTerminate)
    i.svcTimerCall                           0x080051dc   Section        0  rt_cmsis.o(i.svcTimerCall)
    i.sysMailFree                            0x080051f4   Section        0  rt_cmsis.o(i.sysMailFree)
    i.sysTimerTick                           0x08005254   Section        0  rt_cmsis.o(i.sysTimerTick)
    .constdata                               0x080052b0   Section       60  threads.o(.constdata)
    .constdata                               0x080052ec   Section       86  rtx_conf_cm.o(.constdata)
    __tagsym$$used                           0x08005308   Number         0  rtx_conf_cm.o(.constdata)
    __tagsym$$used                           0x0800530c   Number         0  rtx_conf_cm.o(.constdata)
    __tagsym$$used                           0x08005310   Number         0  rtx_conf_cm.o(.constdata)
    __tagsym$$used                           0x08005314   Number         0  rtx_conf_cm.o(.constdata)
    .constdata                               0x08005348   Section      152  atan.o(.constdata)
    atanhi                                   0x08005348   Data          32  atan.o(.constdata)
    atanlo                                   0x08005368   Data          32  atan.o(.constdata)
    aTodd                                    0x08005388   Data          40  atan.o(.constdata)
    aTeven                                   0x080053b0   Data          48  atan.o(.constdata)
    .data                                    0x20000000   Section       12  initialize_modules.o(.data)
    .data                                    0x2000000c   Section       48  accelerometer_data.o(.data)
    .data                                    0x2000003c   Section       24  threads.o(.data)
    .data                                    0x20000054   Section        8  lsm9ds1.o(.data)
    .data                                    0x2000005c   Section       32  rtx_conf_cm.o(.data)
    .data                                    0x2000007c   Section       16  stm32f4xx_rcc.o(.data)
    APBAHBPrescTable                         0x2000007c   Data          16  stm32f4xx_rcc.o(.data)
    .data                                    0x2000008c   Section       20  system_stm32f4xx.o(.data)
    .data                                    0x200000a0   Section        8  rt_cmsis.o(.data)
    .data                                    0x200000a8   Section        8  rt_task.o(.data)
    .data                                    0x200000b0   Section        8  rt_system.o(.data)
    os_lock                                  0x200000b0   Data           1  rt_system.o(.data)
    os_psh_flag                              0x200000b1   Data           1  rt_system.o(.data)
    pend_flags                               0x200000b2   Data           1  rt_system.o(.data)
    .data                                    0x200000b8   Section        4  rt_time.o(.data)
    .data                                    0x200000bc   Section        1  hal_cm.o(.data)
    .data                                    0x200000c0   Section        8  rt_robin.o(.data)
    .data                                    0x200000c8   Section        4  errno.o(.data)
    _errno                                   0x200000c8   Data           4  errno.o(.data)
    .bss                                     0x200000cc   Section       12  initialize_modules.o(.bss)
    .bss                                     0x200000d8   Section     1240  accelerometer_data.o(.bss)
    .bss                                     0x200005b0   Section      124  adc_temperaturesensor_data.o(.bss)
    .bss                                     0x2000062c   Section      228  threads.o(.bss)
    .bss                                     0x20000710   Section     9216  rtx_conf_cm.o(.bss)
    .bss                                     0x20002b10   Section       52  rt_task.o(.bss)
    .bss                                     0x20002b44   Section       48  rt_list.o(.bss)
    STACK                                    0x20002b78   Section     1024  startup_stm32f40_41xxx.o(STACK)

    Global Symbols

    Symbol Name                              Value     Ov Type        Size  Object(Section)

    BuildAttributes$$THM_ISAv4$E$P$D$K$B$S$7EM$VFPi3$EXTD16$VFPS$VFMA$PE$A:L22UL41UL21$X:L11$S22US41US21$IEEE1$IW$USESV6$~STKCKD$USESV7$~SHL$OTIME$ROPI$IEEEX$EBA8$MICROLIB$REQ8$PRES8$EABIv2 0x00000000   Number         0  anon$$obj.o ABSOLUTE
    __ARM_use_no_argv                        0x00000000   Number         0  main.o ABSOLUTE
    __cpp_initialize__aeabi_                  - Undefined Weak Reference
    __cxa_finalize                            - Undefined Weak Reference
    __decompress                              - Undefined Weak Reference
    _clock_init                               - Undefined Weak Reference
    _microlib_exit                            - Undefined Weak Reference
    __Vectors_Size                           0x00000188   Number         0  startup_stm32f40_41xxx.o ABSOLUTE
    __RL_RTX_VER                             0x00000478   Number         0  rt_system.o ABSOLUTE
    __Vectors                                0x08000000   Data           4  startup_stm32f40_41xxx.o(RESET)
    __Vectors_End                            0x08000188   Data           0  startup_stm32f40_41xxx.o(RESET)
    __main                                   0x08000189   Thumb Code     0  entry.o(.ARM.Collect$$$$00000000)
    _main_stk                                0x08000189   Thumb Code     0  entry2.o(.ARM.Collect$$$$00000001)
    _main_scatterload                        0x0800018d   Thumb Code     0  entry5.o(.ARM.Collect$$$$00000004)
    __main_after_scatterload                 0x08000191   Thumb Code     0  entry5.o(.ARM.Collect$$$$00000004)
    __rt_final_cpp                           0x08000191   Thumb Code     0  entry10a.o(.ARM.Collect$$$$0000000D)
    __rt_final_exit                          0x08000191   Thumb Code     0  entry11a.o(.ARM.Collect$$$$0000000F)
    _main_clock                              0x08000191   Thumb Code     0  entry7b.o(.ARM.Collect$$$$00000008)
    _main_cpp_init                           0x08000191   Thumb Code     0  entry8b.o(.ARM.Collect$$$$0000000A)
    _main_init                               0x08000191   Thumb Code    18  rtx_conf_cm.o(.ARM.Collect$$$$000000FF)
    rt_set_PSP                               0x080001ad   Thumb Code     6  hal_cm4.o(.emb_text)
    rt_get_PSP                               0x080001b3   Thumb Code     6  hal_cm4.o(.emb_text)
    os_set_env                               0x080001b9   Thumb Code    24  hal_cm4.o(.emb_text)
    _alloc_box                               0x080001d5   Thumb Code    28  hal_cm4.o(.emb_text)
    _free_box                                0x080001f5   Thumb Code    28  hal_cm4.o(.emb_text)
    SVC_Handler                              0x08000215   Thumb Code   148  hal_cm4.o(.emb_text)
    PendSV_Handler                           0x080002b5   Thumb Code    96  hal_cm4.o(.emb_text)
    SysTick_Handler                          0x08000319   Thumb Code     8  hal_cm4.o(.emb_text)
    OS_Tick_Handler                          0x08000321   Thumb Code    12  hal_cm4.o(.emb_text)
    main                                     0x0800032d   Thumb Code    34  main.o(.text)
    Initialize_Globals                       0x08000351   Thumb Code    42  initialize_modules.o(.text)
    Initialize_ADC                           0x0800037b   Thumb Code   102  initialize_modules.o(.text)
    Initialize_Accelerometer                 0x080003e1   Thumb Code    54  initialize_modules.o(.text)
    Initialize_Modules                       0x08000417   Thumb Code    24  initialize_modules.o(.text)
    Initialize_Accelerometer_Int1            0x08000449   Thumb Code    74  initialize_interrupts.o(.text)
    Initialize_Interrupts                    0x08000493   Thumb Code     8  initialize_interrupts.o(.text)
    EXTI0_IRQHandler                         0x0800049b   Thumb Code    28  initialize_interrupts.o(.text)
    Initialize_Timer_3                       0x080004bd   Thumb Code    90  initialize_timers.o(.text)
    Initialize_Timers                        0x08000517   Thumb Code     8  initialize_timers.o(.text)
    TIM3_IRQHandler                          0x0800051f   Thumb Code    32  initialize_timers.o(.text)
    Initialize_Accelerometer_movingFilters   0x08000549   Thumb Code    90  accelerometer_data.o(.text)
    calculate_Roll                           0x080005a3   Thumb Code   174  accelerometer_data.o(.text)
    calculate_Pitch                          0x08000651   Thumb Code   174  accelerometer_data.o(.text)
    readAccelerometer                        0x080006ff   Thumb Code   132  accelerometer_data.o(.text)
    updateAccelerometer                      0x08000783   Thumb Code    78  accelerometer_data.o(.text)
    Initialize_Filters                       0x08000805   Thumb Code    28  filter_data.o(.text)
    moving_filter                            0x08000821   Thumb Code   200  filter_data.o(.text)
    Initialize_Temperature_Filter            0x080008fd   Thumb Code    10  adc_temperaturesensor_data.o(.text)
    convert_ADC_to_TemperatureCelcius        0x08000907   Thumb Code    94  adc_temperaturesensor_data.o(.text)
    readADC_Temperature                      0x08000965   Thumb Code    44  adc_temperaturesensor_data.o(.text)
    updateADC_Temperature                    0x08000991   Thumb Code    26  adc_temperaturesensor_data.o(.text)
    Accelerometer                            0x080009d1   Thumb Code    68  threads.o(.text)
    TemperatureSensor                        0x08000a15   Thumb Code    66  threads.o(.text)
    Control                                  0x08000a57   Thumb Code   110  threads.o(.text)
    Create_Message_Queues                    0x08000ac5   Thumb Code    16  threads.o(.text)
    Create_Mutexs                            0x08000ad5   Thumb Code     2  threads.o(.text)
    Create_Threads                           0x08000ad7   Thumb Code   104  threads.o(.text)
    Initialize_Accelerometer_Interrupt_GPIO  0x08000b65   Thumb Code    40  gpio_manager.o(.text)
    Initialize_GPIO                          0x08000b8d   Thumb Code     8  gpio_manager.o(.text)
    LSM9DS1_TIMEOUT_UserCallback             0x08000b99   Thumb Code     4  lsm9ds1.o(.text)
    LSM9DS1_Write                            0x08000c07   Thumb Code    58  lsm9ds1.o(.text)
    LSM9DS1_Init                             0x08000d5f   Thumb Code    58  lsm9ds1.o(.text)
    LSM9DS1_DataReadyInterruptConfig         0x08000d99   Thumb Code    24  lsm9ds1.o(.text)
    LSM9DS1_Read                             0x08000db1   Thumb Code    66  lsm9ds1.o(.text)
    LSM9DS1_ReadACC                          0x08000df3   Thumb Code   502  lsm9ds1.o(.text)
    os_idle_demon                            0x08000fe9   Thumb Code     4  rtx_conf_cm.o(.text)
    os_error                                 0x08000fed   Thumb Code    26  rtx_conf_cm.o(.text)
    NVIC_PriorityGroupConfig                 0x08001009   Thumb Code    10  misc.o(.text)
    NVIC_Init                                0x08001013   Thumb Code   106  misc.o(.text)
    NVIC_SetVectorTable                      0x0800107d   Thumb Code    14  misc.o(.text)
    NVIC_SystemLPConfig                      0x0800108b   Thumb Code    34  misc.o(.text)
    SysTick_CLKSourceConfig                  0x080010ad   Thumb Code    40  misc.o(.text)
    ADC_DeInit                               0x080010e9   Thumb Code    22  stm32f4xx_adc.o(.text)
    ADC_Init                                 0x080010ff   Thumb Code    74  stm32f4xx_adc.o(.text)
    ADC_StructInit                           0x08001149   Thumb Code    20  stm32f4xx_adc.o(.text)
    ADC_CommonInit                           0x0800115d   Thumb Code    34  stm32f4xx_adc.o(.text)
    ADC_CommonStructInit                     0x0800117f   Thumb Code    12  stm32f4xx_adc.o(.text)
    ADC_Cmd                                  0x0800118b   Thumb Code    22  stm32f4xx_adc.o(.text)
    ADC_AnalogWatchdogCmd                    0x080011a1   Thumb Code    16  stm32f4xx_adc.o(.text)
    ADC_AnalogWatchdogThresholdsConfig       0x080011b1   Thumb Code     6  stm32f4xx_adc.o(.text)
    ADC_AnalogWatchdogSingleChannelConfig    0x080011b7   Thumb Code    16  stm32f4xx_adc.o(.text)
    ADC_TempSensorVrefintCmd                 0x080011c7   Thumb Code    34  stm32f4xx_adc.o(.text)
    ADC_VBATCmd                              0x080011e9   Thumb Code    34  stm32f4xx_adc.o(.text)
    ADC_RegularChannelConfig                 0x0800120b   Thumb Code   184  stm32f4xx_adc.o(.text)
    ADC_SoftwareStartConv                    0x080012c3   Thumb Code    10  stm32f4xx_adc.o(.text)
    ADC_GetSoftwareStartConvStatus           0x080012cd   Thumb Code    20  stm32f4xx_adc.o(.text)
    ADC_EOCOnEachRegularChannelCmd           0x080012e1   Thumb Code    22  stm32f4xx_adc.o(.text)
    ADC_ContinuousModeCmd                    0x080012f7   Thumb Code    22  stm32f4xx_adc.o(.text)
    ADC_DiscModeChannelCountConfig           0x0800130d   Thumb Code    24  stm32f4xx_adc.o(.text)
    ADC_DiscModeCmd                          0x08001325   Thumb Code    22  stm32f4xx_adc.o(.text)
    ADC_GetConversionValue                   0x0800133b   Thumb Code     8  stm32f4xx_adc.o(.text)
    ADC_GetMultiModeConversionValue          0x08001343   Thumb Code     8  stm32f4xx_adc.o(.text)
    ADC_DMACmd                               0x0800134b   Thumb Code    22  stm32f4xx_adc.o(.text)
    ADC_DMARequestAfterLastTransferCmd       0x08001361   Thumb Code    22  stm32f4xx_adc.o(.text)
    ADC_MultiModeDMARequestAfterLastTransferCmd 0x08001377   Thumb Code    34  stm32f4xx_adc.o(.text)
    ADC_InjectedChannelConfig                0x08001399   Thumb Code   130  stm32f4xx_adc.o(.text)
    ADC_InjectedSequencerLengthConfig        0x0800141b   Thumb Code    24  stm32f4xx_adc.o(.text)
    ADC_SetInjectedOffset                    0x08001433   Thumb Code    20  stm32f4xx_adc.o(.text)
    ADC_ExternalTrigInjectedConvConfig       0x08001447   Thumb Code    16  stm32f4xx_adc.o(.text)
    ADC_ExternalTrigInjectedConvEdgeConfig   0x08001457   Thumb Code    16  stm32f4xx_adc.o(.text)
    ADC_SoftwareStartInjectedConv            0x08001467   Thumb Code    10  stm32f4xx_adc.o(.text)
    ADC_GetSoftwareStartInjectedConvCmdStatus 0x08001471   Thumb Code    20  stm32f4xx_adc.o(.text)
    ADC_AutoInjectedConvCmd                  0x08001485   Thumb Code    22  stm32f4xx_adc.o(.text)
    ADC_InjectedDiscModeCmd                  0x0800149b   Thumb Code    22  stm32f4xx_adc.o(.text)
    ADC_GetInjectedConversionValue           0x080014b1   Thumb Code    28  stm32f4xx_adc.o(.text)
    ADC_ITConfig                             0x080014cd   Thumb Code    56  stm32f4xx_adc.o(.text)
    ADC_GetFlagStatus                        0x08001505   Thumb Code    18  stm32f4xx_adc.o(.text)
    ADC_ClearFlag                            0x08001517   Thumb Code     6  stm32f4xx_adc.o(.text)
    ADC_GetITStatus                          0x0800151d   Thumb Code    38  stm32f4xx_adc.o(.text)
    ADC_ClearITPendingBit                    0x08001543   Thumb Code    10  stm32f4xx_adc.o(.text)
    EXTI_DeInit                              0x0800154d   Thumb Code    28  stm32f4xx_exti.o(.text)
    EXTI_Init                                0x08001569   Thumb Code   142  stm32f4xx_exti.o(.text)
    EXTI_StructInit                          0x080015f7   Thumb Code    16  stm32f4xx_exti.o(.text)
    EXTI_GenerateSWInterrupt                 0x08001607   Thumb Code    16  stm32f4xx_exti.o(.text)
    EXTI_GetFlagStatus                       0x08001617   Thumb Code    22  stm32f4xx_exti.o(.text)
    EXTI_ClearFlag                           0x0800162d   Thumb Code     8  stm32f4xx_exti.o(.text)
    EXTI_GetITStatus                         0x08001635   Thumb Code    22  stm32f4xx_exti.o(.text)
    EXTI_ClearITPendingBit                   0x0800164b   Thumb Code     8  stm32f4xx_exti.o(.text)
    GPIO_DeInit                              0x0800165d   Thumb Code   268  stm32f4xx_gpio.o(.text)
    GPIO_Init                                0x08001769   Thumb Code   144  stm32f4xx_gpio.o(.text)
    GPIO_StructInit                          0x080017f9   Thumb Code    18  stm32f4xx_gpio.o(.text)
    GPIO_PinLockConfig                       0x0800180b   Thumb Code    34  stm32f4xx_gpio.o(.text)
    GPIO_ReadInputDataBit                    0x0800182d   Thumb Code    18  stm32f4xx_gpio.o(.text)
    GPIO_ReadInputData                       0x0800183f   Thumb Code     8  stm32f4xx_gpio.o(.text)
    GPIO_ReadOutputDataBit                   0x08001847   Thumb Code    18  stm32f4xx_gpio.o(.text)
    GPIO_ReadOutputData                      0x08001859   Thumb Code     8  stm32f4xx_gpio.o(.text)
    GPIO_SetBits                             0x08001861   Thumb Code     4  stm32f4xx_gpio.o(.text)
    GPIO_ResetBits                           0x08001865   Thumb Code     4  stm32f4xx_gpio.o(.text)
    GPIO_WriteBit                            0x08001869   Thumb Code    10  stm32f4xx_gpio.o(.text)
    GPIO_Write                               0x08001873   Thumb Code     4  stm32f4xx_gpio.o(.text)
    GPIO_ToggleBits                          0x08001877   Thumb Code     8  stm32f4xx_gpio.o(.text)
    GPIO_PinAFConfig                         0x0800187f   Thumb Code    70  stm32f4xx_gpio.o(.text)
    RCC_DeInit                               0x080018f1   Thumb Code    82  stm32f4xx_rcc.o(.text)
    RCC_HSEConfig                            0x08001943   Thumb Code    14  stm32f4xx_rcc.o(.text)
    RCC_GetFlagStatus                        0x08001951   Thumb Code    60  stm32f4xx_rcc.o(.text)
    RCC_WaitForHSEStartUp                    0x0800198d   Thumb Code    56  stm32f4xx_rcc.o(.text)
    RCC_AdjustHSICalibrationValue            0x080019c5   Thumb Code    20  stm32f4xx_rcc.o(.text)
    RCC_HSICmd                               0x080019d9   Thumb Code     6  stm32f4xx_rcc.o(.text)
    RCC_LSEConfig                            0x080019df   Thumb Code    46  stm32f4xx_rcc.o(.text)
    RCC_LSICmd                               0x08001a0d   Thumb Code     6  stm32f4xx_rcc.o(.text)
    RCC_PLLConfig                            0x08001a13   Thumb Code    32  stm32f4xx_rcc.o(.text)
    RCC_PLLCmd                               0x08001a33   Thumb Code     6  stm32f4xx_rcc.o(.text)
    RCC_PLLI2SConfig                         0x08001a39   Thumb Code    14  stm32f4xx_rcc.o(.text)
    RCC_PLLI2SCmd                            0x08001a47   Thumb Code     6  stm32f4xx_rcc.o(.text)
    RCC_PLLSAIConfig                         0x08001a4d   Thumb Code    20  stm32f4xx_rcc.o(.text)
    RCC_PLLSAICmd                            0x08001a61   Thumb Code     6  stm32f4xx_rcc.o(.text)
    RCC_ClockSecuritySystemCmd               0x08001a67   Thumb Code     6  stm32f4xx_rcc.o(.text)
    RCC_MCO1Config                           0x08001a6d   Thumb Code    28  stm32f4xx_rcc.o(.text)
    RCC_MCO2Config                           0x08001a89   Thumb Code    28  stm32f4xx_rcc.o(.text)
    RCC_SYSCLKConfig                         0x08001aa5   Thumb Code    20  stm32f4xx_rcc.o(.text)
    RCC_GetSYSCLKSource                      0x08001ab9   Thumb Code    12  stm32f4xx_rcc.o(.text)
    RCC_HCLKConfig                           0x08001ac5   Thumb Code    20  stm32f4xx_rcc.o(.text)
    RCC_PCLK1Config                          0x08001ad9   Thumb Code    20  stm32f4xx_rcc.o(.text)
    RCC_PCLK2Config                          0x08001aed   Thumb Code    22  stm32f4xx_rcc.o(.text)
    RCC_GetClocksFreq                        0x08001b03   Thumb Code   222  stm32f4xx_rcc.o(.text)
    RCC_RTCCLKConfig                         0x08001be1   Thumb Code    54  stm32f4xx_rcc.o(.text)
    RCC_RTCCLKCmd                            0x08001c17   Thumb Code     8  stm32f4xx_rcc.o(.text)
    RCC_BackupResetCmd                       0x08001c1f   Thumb Code     8  stm32f4xx_rcc.o(.text)
    RCC_I2SCLKConfig                         0x08001c27   Thumb Code     6  stm32f4xx_rcc.o(.text)
    RCC_SAIPLLI2SClkDivConfig                0x08001c2d   Thumb Code    26  stm32f4xx_rcc.o(.text)
    RCC_SAIPLLSAIClkDivConfig                0x08001c47   Thumb Code    28  stm32f4xx_rcc.o(.text)
    RCC_SAIBlockACLKConfig                   0x08001c63   Thumb Code    20  stm32f4xx_rcc.o(.text)
    RCC_SAIBlockBCLKConfig                   0x08001c77   Thumb Code    20  stm32f4xx_rcc.o(.text)
    RCC_LTDCCLKDivConfig                     0x08001c8b   Thumb Code    20  stm32f4xx_rcc.o(.text)
    RCC_TIMCLKPresConfig                     0x08001c9f   Thumb Code     6  stm32f4xx_rcc.o(.text)
    RCC_AHB1PeriphClockCmd                   0x08001ca5   Thumb Code    34  stm32f4xx_rcc.o(.text)
    RCC_AHB2PeriphClockCmd                   0x08001cc7   Thumb Code    78  stm32f4xx_rcc.o(.text)
    RCC_AHB3PeriphClockCmd                   0x08001d15   Thumb Code    34  stm32f4xx_rcc.o(.text)
    RCC_APB1PeriphClockCmd                   0x08001d37   Thumb Code    34  stm32f4xx_rcc.o(.text)
    RCC_APB2PeriphClockCmd                   0x08001d59   Thumb Code    34  stm32f4xx_rcc.o(.text)
    RCC_AHB1PeriphResetCmd                   0x08001d7b   Thumb Code    34  stm32f4xx_rcc.o(.text)
    RCC_AHB2PeriphResetCmd                   0x08001d9d   Thumb Code    34  stm32f4xx_rcc.o(.text)
    RCC_AHB3PeriphResetCmd                   0x08001dbf   Thumb Code    34  stm32f4xx_rcc.o(.text)
    RCC_APB1PeriphResetCmd                   0x08001de1   Thumb Code    34  stm32f4xx_rcc.o(.text)
    RCC_APB2PeriphResetCmd                   0x08001e03   Thumb Code    34  stm32f4xx_rcc.o(.text)
    RCC_AHB1PeriphClockLPModeCmd             0x08001e25   Thumb Code    34  stm32f4xx_rcc.o(.text)
    RCC_AHB2PeriphClockLPModeCmd             0x08001e47   Thumb Code    34  stm32f4xx_rcc.o(.text)
    RCC_AHB3PeriphClockLPModeCmd             0x08001e69   Thumb Code    34  stm32f4xx_rcc.o(.text)
    RCC_APB1PeriphClockLPModeCmd             0x08001e8b   Thumb Code    34  stm32f4xx_rcc.o(.text)
    RCC_APB2PeriphClockLPModeCmd             0x08001ead   Thumb Code    34  stm32f4xx_rcc.o(.text)
    RCC_ITConfig                             0x08001ecf   Thumb Code    34  stm32f4xx_rcc.o(.text)
    RCC_ClearFlag                            0x08001ef1   Thumb Code    18  stm32f4xx_rcc.o(.text)
    RCC_GetITStatus                          0x08001f03   Thumb Code    22  stm32f4xx_rcc.o(.text)
    RCC_ClearITPendingBit                    0x08001f19   Thumb Code     8  stm32f4xx_rcc.o(.text)
    SPI_I2S_DeInit                           0x08001f25   Thumb Code   152  stm32f4xx_spi.o(.text)
    SPI_Init                                 0x08001fbd   Thumb Code    60  stm32f4xx_spi.o(.text)
    I2S_Init                                 0x08001ff9   Thumb Code   350  stm32f4xx_spi.o(.text)
    SPI_StructInit                           0x08002157   Thumb Code    24  stm32f4xx_spi.o(.text)
    I2S_StructInit                           0x0800216f   Thumb Code    20  stm32f4xx_spi.o(.text)
    SPI_Cmd                                  0x08002183   Thumb Code    24  stm32f4xx_spi.o(.text)
    I2S_Cmd                                  0x0800219b   Thumb Code    24  stm32f4xx_spi.o(.text)
    SPI_DataSizeConfig                       0x080021b3   Thumb Code    18  stm32f4xx_spi.o(.text)
    SPI_BiDirectionalLineConfig              0x080021c5   Thumb Code    28  stm32f4xx_spi.o(.text)
    SPI_NSSInternalSoftwareConfig            0x080021e1   Thumb Code    30  stm32f4xx_spi.o(.text)
    SPI_SSOutputCmd                          0x080021ff   Thumb Code    24  stm32f4xx_spi.o(.text)
    SPI_TIModeCmd                            0x08002217   Thumb Code    24  stm32f4xx_spi.o(.text)
    I2S_FullDuplexConfig                     0x0800222f   Thumb Code    80  stm32f4xx_spi.o(.text)
    SPI_I2S_ReceiveData                      0x0800227f   Thumb Code     6  stm32f4xx_spi.o(.text)
    SPI_I2S_SendData                         0x08002285   Thumb Code     4  stm32f4xx_spi.o(.text)
    SPI_CalculateCRC                         0x08002289   Thumb Code    24  stm32f4xx_spi.o(.text)
    SPI_TransmitCRC                          0x080022a1   Thumb Code    10  stm32f4xx_spi.o(.text)
    SPI_GetCRC                               0x080022ab   Thumb Code    16  stm32f4xx_spi.o(.text)
    SPI_GetCRCPolynomial                     0x080022bb   Thumb Code     6  stm32f4xx_spi.o(.text)
    SPI_I2S_DMACmd                           0x080022c1   Thumb Code    18  stm32f4xx_spi.o(.text)
    SPI_I2S_ITConfig                         0x080022d3   Thumb Code    32  stm32f4xx_spi.o(.text)
    SPI_I2S_GetFlagStatus                    0x080022f3   Thumb Code    50  stm32f4xx_spi.o(.text)
    SPI_I2S_ClearFlag                        0x08002325   Thumb Code     6  stm32f4xx_spi.o(.text)
    SPI_I2S_GetITStatus                      0x0800232b   Thumb Code    52  stm32f4xx_spi.o(.text)
    SPI_I2S_ClearITPendingBit                0x0800235f   Thumb Code    20  stm32f4xx_spi.o(.text)
    SYSCFG_DeInit                            0x08002375   Thumb Code    22  stm32f4xx_syscfg.o(.text)
    SYSCFG_MemoryRemapConfig                 0x0800238b   Thumb Code     6  stm32f4xx_syscfg.o(.text)
    SYSCFG_MemorySwappingBank                0x08002391   Thumb Code     6  stm32f4xx_syscfg.o(.text)
    SYSCFG_EXTILineConfig                    0x08002397   Thumb Code    66  stm32f4xx_syscfg.o(.text)
    SYSCFG_ETH_MediaInterfaceConfig          0x080023d9   Thumb Code     8  stm32f4xx_syscfg.o(.text)
    SYSCFG_CompensationCellCmd               0x080023e1   Thumb Code     6  stm32f4xx_syscfg.o(.text)
    SYSCFG_GetCompensationCellStatus         0x080023e7   Thumb Code    22  stm32f4xx_syscfg.o(.text)
    TIM_DeInit                               0x08002409   Thumb Code   346  stm32f4xx_tim.o(.text)
    TIM_TimeBaseInit                         0x08002563   Thumb Code   104  stm32f4xx_tim.o(.text)
    TIM_TimeBaseStructInit                   0x080025cb   Thumb Code    18  stm32f4xx_tim.o(.text)
    TIM_PrescalerConfig                      0x080025dd   Thumb Code     6  stm32f4xx_tim.o(.text)
    TIM_CounterModeConfig                    0x080025e3   Thumb Code    18  stm32f4xx_tim.o(.text)
    TIM_SetCounter                           0x080025f5   Thumb Code     4  stm32f4xx_tim.o(.text)
    TIM_SetAutoreload                        0x080025f9   Thumb Code     4  stm32f4xx_tim.o(.text)
    TIM_GetCounter                           0x080025fd   Thumb Code     6  stm32f4xx_tim.o(.text)
    TIM_GetPrescaler                         0x08002603   Thumb Code     6  stm32f4xx_tim.o(.text)
    TIM_UpdateDisableConfig                  0x08002609   Thumb Code    24  stm32f4xx_tim.o(.text)
    TIM_UpdateRequestConfig                  0x08002621   Thumb Code    24  stm32f4xx_tim.o(.text)
    TIM_ARRPreloadConfig                     0x08002639   Thumb Code    24  stm32f4xx_tim.o(.text)
    TIM_SelectOnePulseMode                   0x08002651   Thumb Code    18  stm32f4xx_tim.o(.text)
    TIM_SetClockDivision                     0x08002663   Thumb Code    18  stm32f4xx_tim.o(.text)
    TIM_Cmd                                  0x08002675   Thumb Code    24  stm32f4xx_tim.o(.text)
    TIM_OC1Init                              0x0800268d   Thumb Code   114  stm32f4xx_tim.o(.text)
    TIM_OC2Init                              0x080026ff   Thumb Code   154  stm32f4xx_tim.o(.text)
    TIM_OC3Init                              0x08002799   Thumb Code   204  stm32f4xx_tim.o(.text)
    TIM_OC4Init                              0x08002865   Thumb Code   112  stm32f4xx_tim.o(.text)
    TIM_OCStructInit                         0x080028d5   Thumb Code    20  stm32f4xx_tim.o(.text)
    TIM_SelectOCxM                           0x080028e9   Thumb Code    86  stm32f4xx_tim.o(.text)
    TIM_SetCompare1                          0x0800293f   Thumb Code     4  stm32f4xx_tim.o(.text)
    TIM_SetCompare2                          0x08002943   Thumb Code     4  stm32f4xx_tim.o(.text)
    TIM_SetCompare3                          0x08002947   Thumb Code     4  stm32f4xx_tim.o(.text)
    TIM_SetCompare4                          0x0800294b   Thumb Code     4  stm32f4xx_tim.o(.text)
    TIM_ForcedOC1Config                      0x0800294f   Thumb Code    18  stm32f4xx_tim.o(.text)
    TIM_ForcedOC2Config                      0x08002961   Thumb Code    26  stm32f4xx_tim.o(.text)
    TIM_ForcedOC3Config                      0x0800297b   Thumb Code    18  stm32f4xx_tim.o(.text)
    TIM_ForcedOC4Config                      0x0800298d   Thumb Code    26  stm32f4xx_tim.o(.text)
    TIM_OC1PreloadConfig                     0x080029a7   Thumb Code    18  stm32f4xx_tim.o(.text)
    TIM_OC2PreloadConfig                     0x080029b9   Thumb Code    26  stm32f4xx_tim.o(.text)
    TIM_OC3PreloadConfig                     0x080029d3   Thumb Code    18  stm32f4xx_tim.o(.text)
    TIM_OC4PreloadConfig                     0x080029e5   Thumb Code    26  stm32f4xx_tim.o(.text)
    TIM_OC1FastConfig                        0x080029ff   Thumb Code    18  stm32f4xx_tim.o(.text)
    TIM_OC2FastConfig                        0x08002a11   Thumb Code    26  stm32f4xx_tim.o(.text)
    TIM_OC3FastConfig                        0x08002a2b   Thumb Code    18  stm32f4xx_tim.o(.text)
    TIM_OC4FastConfig                        0x08002a3d   Thumb Code    26  stm32f4xx_tim.o(.text)
    TIM_ClearOC1Ref                          0x08002a57   Thumb Code    18  stm32f4xx_tim.o(.text)
    TIM_ClearOC2Ref                          0x08002a69   Thumb Code    24  stm32f4xx_tim.o(.text)
    TIM_ClearOC3Ref                          0x08002a81   Thumb Code    18  stm32f4xx_tim.o(.text)
    TIM_ClearOC4Ref                          0x08002a93   Thumb Code    24  stm32f4xx_tim.o(.text)
    TIM_OC1PolarityConfig                    0x08002aab   Thumb Code    18  stm32f4xx_tim.o(.text)
    TIM_OC1NPolarityConfig                   0x08002abd   Thumb Code    18  stm32f4xx_tim.o(.text)
    TIM_OC2PolarityConfig                    0x08002acf   Thumb Code    26  stm32f4xx_tim.o(.text)
    TIM_OC2NPolarityConfig                   0x08002ae9   Thumb Code    26  stm32f4xx_tim.o(.text)
    TIM_OC3PolarityConfig                    0x08002b03   Thumb Code    26  stm32f4xx_tim.o(.text)
    TIM_OC3NPolarityConfig                   0x08002b1d   Thumb Code    26  stm32f4xx_tim.o(.text)
    TIM_OC4PolarityConfig                    0x08002b37   Thumb Code    26  stm32f4xx_tim.o(.text)
    TIM_CCxCmd                               0x08002b51   Thumb Code    30  stm32f4xx_tim.o(.text)
    TIM_CCxNCmd                              0x08002b6f   Thumb Code    30  stm32f4xx_tim.o(.text)
    TIM_SetIC4Prescaler                      0x08002b8d   Thumb Code    26  stm32f4xx_tim.o(.text)
    TIM_SetIC3Prescaler                      0x08002bf7   Thumb Code    18  stm32f4xx_tim.o(.text)
    TIM_SetIC2Prescaler                      0x08002c51   Thumb Code    26  stm32f4xx_tim.o(.text)
    TIM_SetIC1Prescaler                      0x08002cc5   Thumb Code    18  stm32f4xx_tim.o(.text)
    TIM_ICInit                               0x08002d11   Thumb Code   110  stm32f4xx_tim.o(.text)
    TIM_ICStructInit                         0x08002d7f   Thumb Code    18  stm32f4xx_tim.o(.text)
    TIM_PWMIConfig                           0x08002d91   Thumb Code   124  stm32f4xx_tim.o(.text)
    TIM_GetCapture1                          0x08002e0d   Thumb Code     6  stm32f4xx_tim.o(.text)
    TIM_GetCapture2                          0x08002e13   Thumb Code     6  stm32f4xx_tim.o(.text)
    TIM_GetCapture3                          0x08002e19   Thumb Code     6  stm32f4xx_tim.o(.text)
    TIM_GetCapture4                          0x08002e1f   Thumb Code     6  stm32f4xx_tim.o(.text)
    TIM_BDTRConfig                           0x08002e25   Thumb Code    32  stm32f4xx_tim.o(.text)
    TIM_BDTRStructInit                       0x08002e45   Thumb Code    18  stm32f4xx_tim.o(.text)
    TIM_CtrlPWMOutputs                       0x08002e57   Thumb Code    30  stm32f4xx_tim.o(.text)
    TIM_SelectCOM                            0x08002e75   Thumb Code    24  stm32f4xx_tim.o(.text)
    TIM_CCPreloadControl                     0x08002e8d   Thumb Code    24  stm32f4xx_tim.o(.text)
    TIM_ITConfig                             0x08002ea5   Thumb Code    18  stm32f4xx_tim.o(.text)
    TIM_GenerateEvent                        0x08002eb7   Thumb Code     4  stm32f4xx_tim.o(.text)
    TIM_GetFlagStatus                        0x08002ebb   Thumb Code    18  stm32f4xx_tim.o(.text)
    TIM_ClearFlag                            0x08002ecd   Thumb Code     6  stm32f4xx_tim.o(.text)
    TIM_GetITStatus                          0x08002ed3   Thumb Code    34  stm32f4xx_tim.o(.text)
    TIM_ClearITPendingBit                    0x08002ef5   Thumb Code     6  stm32f4xx_tim.o(.text)
    TIM_DMAConfig                            0x08002efb   Thumb Code    10  stm32f4xx_tim.o(.text)
    TIM_DMACmd                               0x08002f05   Thumb Code    18  stm32f4xx_tim.o(.text)
    TIM_SelectCCDMA                          0x08002f17   Thumb Code    24  stm32f4xx_tim.o(.text)
    TIM_InternalClockConfig                  0x08002f2f   Thumb Code    12  stm32f4xx_tim.o(.text)
    TIM_SelectInputTrigger                   0x08002f3b   Thumb Code    18  stm32f4xx_tim.o(.text)
    TIM_ITRxExternalClockConfig              0x08002f4d   Thumb Code    24  stm32f4xx_tim.o(.text)
    TIM_TIxExternalClockConfig               0x08002f65   Thumb Code    62  stm32f4xx_tim.o(.text)
    TIM_ETRConfig                            0x08002fa3   Thumb Code    28  stm32f4xx_tim.o(.text)
    TIM_ETRClockMode1Config                  0x08002fbf   Thumb Code    54  stm32f4xx_tim.o(.text)
    TIM_ETRClockMode2Config                  0x08002ff5   Thumb Code    32  stm32f4xx_tim.o(.text)
    TIM_SelectOutputTrigger                  0x08003015   Thumb Code    18  stm32f4xx_tim.o(.text)
    TIM_SelectSlaveMode                      0x08003027   Thumb Code    18  stm32f4xx_tim.o(.text)
    TIM_SelectMasterSlaveMode                0x08003039   Thumb Code    18  stm32f4xx_tim.o(.text)
    TIM_EncoderInterfaceConfig               0x0800304b   Thumb Code    66  stm32f4xx_tim.o(.text)
    TIM_SelectHallSensor                     0x0800308d   Thumb Code    24  stm32f4xx_tim.o(.text)
    TIM_RemapConfig                          0x080030a5   Thumb Code     6  stm32f4xx_tim.o(.text)
    Reset_Handler                            0x080030ad   Thumb Code     8  startup_stm32f40_41xxx.o(.text)
    NMI_Handler                              0x080030b5   Thumb Code     2  startup_stm32f40_41xxx.o(.text)
    HardFault_Handler                        0x080030b7   Thumb Code     2  startup_stm32f40_41xxx.o(.text)
    MemManage_Handler                        0x080030b9   Thumb Code     2  startup_stm32f40_41xxx.o(.text)
    BusFault_Handler                         0x080030bb   Thumb Code     2  startup_stm32f40_41xxx.o(.text)
    UsageFault_Handler                       0x080030bd   Thumb Code     2  startup_stm32f40_41xxx.o(.text)
    DebugMon_Handler                         0x080030c1   Thumb Code     2  startup_stm32f40_41xxx.o(.text)
    ADC_IRQHandler                           0x080030c7   Thumb Code     0  startup_stm32f40_41xxx.o(.text)
    CAN1_RX0_IRQHandler                      0x080030c7   Thumb Code     0  startup_stm32f40_41xxx.o(.text)
    CAN1_RX1_IRQHandler                      0x080030c7   Thumb Code     0  startup_stm32f40_41xxx.o(.text)
    CAN1_SCE_IRQHandler                      0x080030c7   Thumb Code     0  startup_stm32f40_41xxx.o(.text)
    CAN1_TX_IRQHandler                       0x080030c7   Thumb Code     0  startup_stm32f40_41xxx.o(.text)
    CAN2_RX0_IRQHandler                      0x080030c7   Thumb Code     0  startup_stm32f40_41xxx.o(.text)
    CAN2_RX1_IRQHandler                      0x080030c7   Thumb Code     0  startup_stm32f40_41xxx.o(.text)
    CAN2_SCE_IRQHandler                      0x080030c7   Thumb Code     0  startup_stm32f40_41xxx.o(.text)
    CAN2_TX_IRQHandler                       0x080030c7   Thumb Code     0  startup_stm32f40_41xxx.o(.text)
    CRYP_IRQHandler                          0x080030c7   Thumb Code     0  startup_stm32f40_41xxx.o(.text)
    DCMI_IRQHandler                          0x080030c7   Thumb Code     0  startup_stm32f40_41xxx.o(.text)
    DMA1_Stream0_IRQHandler                  0x080030c7   Thumb Code     0  startup_stm32f40_41xxx.o(.text)
    DMA1_Stream1_IRQHandler                  0x080030c7   Thumb Code     0  startup_stm32f40_41xxx.o(.text)
    DMA1_Stream2_IRQHandler                  0x080030c7   Thumb Code     0  startup_stm32f40_41xxx.o(.text)
    DMA1_Stream3_IRQHandler                  0x080030c7   Thumb Code     0  startup_stm32f40_41xxx.o(.text)
    DMA1_Stream4_IRQHandler                  0x080030c7   Thumb Code     0  startup_stm32f40_41xxx.o(.text)
    DMA1_Stream5_IRQHandler                  0x080030c7   Thumb Code     0  startup_stm32f40_41xxx.o(.text)
    DMA1_Stream6_IRQHandler                  0x080030c7   Thumb Code     0  startup_stm32f40_41xxx.o(.text)
    DMA1_Stream7_IRQHandler                  0x080030c7   Thumb Code     0  startup_stm32f40_41xxx.o(.text)
    DMA2_Stream0_IRQHandler                  0x080030c7   Thumb Code     0  startup_stm32f40_41xxx.o(.text)
    DMA2_Stream1_IRQHandler                  0x080030c7   Thumb Code     0  startup_stm32f40_41xxx.o(.text)
    DMA2_Stream2_IRQHandler                  0x080030c7   Thumb Code     0  startup_stm32f40_41xxx.o(.text)
    DMA2_Stream3_IRQHandler                  0x080030c7   Thumb Code     0  startup_stm32f40_41xxx.o(.text)
    DMA2_Stream4_IRQHandler                  0x080030c7   Thumb Code     0  startup_stm32f40_41xxx.o(.text)
    DMA2_Stream5_IRQHandler                  0x080030c7   Thumb Code     0  startup_stm32f40_41xxx.o(.text)
    DMA2_Stream6_IRQHandler                  0x080030c7   Thumb Code     0  startup_stm32f40_41xxx.o(.text)
    DMA2_Stream7_IRQHandler                  0x080030c7   Thumb Code     0  startup_stm32f40_41xxx.o(.text)
    ETH_IRQHandler                           0x080030c7   Thumb Code     0  startup_stm32f40_41xxx.o(.text)
    ETH_WKUP_IRQHandler                      0x080030c7   Thumb Code     0  startup_stm32f40_41xxx.o(.text)
    EXTI15_10_IRQHandler                     0x080030c7   Thumb Code     0  startup_stm32f40_41xxx.o(.text)
    EXTI1_IRQHandler                         0x080030c7   Thumb Code     0  startup_stm32f40_41xxx.o(.text)
    EXTI2_IRQHandler                         0x080030c7   Thumb Code     0  startup_stm32f40_41xxx.o(.text)
    EXTI3_IRQHandler                         0x080030c7   Thumb Code     0  startup_stm32f40_41xxx.o(.text)
    EXTI4_IRQHandler                         0x080030c7   Thumb Code     0  startup_stm32f40_41xxx.o(.text)
    EXTI9_5_IRQHandler                       0x080030c7   Thumb Code     0  startup_stm32f40_41xxx.o(.text)
    FLASH_IRQHandler                         0x080030c7   Thumb Code     0  startup_stm32f40_41xxx.o(.text)
    FPU_IRQHandler                           0x080030c7   Thumb Code     0  startup_stm32f40_41xxx.o(.text)
    FSMC_IRQHandler                          0x080030c7   Thumb Code     0  startup_stm32f40_41xxx.o(.text)
    HASH_RNG_IRQHandler                      0x080030c7   Thumb Code     0  startup_stm32f40_41xxx.o(.text)
    I2C1_ER_IRQHandler                       0x080030c7   Thumb Code     0  startup_stm32f40_41xxx.o(.text)
    I2C1_EV_IRQHandler                       0x080030c7   Thumb Code     0  startup_stm32f40_41xxx.o(.text)
    I2C2_ER_IRQHandler                       0x080030c7   Thumb Code     0  startup_stm32f40_41xxx.o(.text)
    I2C2_EV_IRQHandler                       0x080030c7   Thumb Code     0  startup_stm32f40_41xxx.o(.text)
    I2C3_ER_IRQHandler                       0x080030c7   Thumb Code     0  startup_stm32f40_41xxx.o(.text)
    I2C3_EV_IRQHandler                       0x080030c7   Thumb Code     0  startup_stm32f40_41xxx.o(.text)
    OTG_FS_IRQHandler                        0x080030c7   Thumb Code     0  startup_stm32f40_41xxx.o(.text)
    OTG_FS_WKUP_IRQHandler                   0x080030c7   Thumb Code     0  startup_stm32f40_41xxx.o(.text)
    OTG_HS_EP1_IN_IRQHandler                 0x080030c7   Thumb Code     0  startup_stm32f40_41xxx.o(.text)
    OTG_HS_EP1_OUT_IRQHandler                0x080030c7   Thumb Code     0  startup_stm32f40_41xxx.o(.text)
    OTG_HS_IRQHandler                        0x080030c7   Thumb Code     0  startup_stm32f40_41xxx.o(.text)
    OTG_HS_WKUP_IRQHandler                   0x080030c7   Thumb Code     0  startup_stm32f40_41xxx.o(.text)
    PVD_IRQHandler                           0x080030c7   Thumb Code     0  startup_stm32f40_41xxx.o(.text)
    RCC_IRQHandler                           0x080030c7   Thumb Code     0  startup_stm32f40_41xxx.o(.text)
    RTC_Alarm_IRQHandler                     0x080030c7   Thumb Code     0  startup_stm32f40_41xxx.o(.text)
    RTC_WKUP_IRQHandler                      0x080030c7   Thumb Code     0  startup_stm32f40_41xxx.o(.text)
    SDIO_IRQHandler                          0x080030c7   Thumb Code     0  startup_stm32f40_41xxx.o(.text)
    SPI1_IRQHandler                          0x080030c7   Thumb Code     0  startup_stm32f40_41xxx.o(.text)
    SPI2_IRQHandler                          0x080030c7   Thumb Code     0  startup_stm32f40_41xxx.o(.text)
    SPI3_IRQHandler                          0x080030c7   Thumb Code     0  startup_stm32f40_41xxx.o(.text)
    TAMP_STAMP_IRQHandler                    0x080030c7   Thumb Code     0  startup_stm32f40_41xxx.o(.text)
    TIM1_BRK_TIM9_IRQHandler                 0x080030c7   Thumb Code     0  startup_stm32f40_41xxx.o(.text)
    TIM1_CC_IRQHandler                       0x080030c7   Thumb Code     0  startup_stm32f40_41xxx.o(.text)
    TIM1_TRG_COM_TIM11_IRQHandler            0x080030c7   Thumb Code     0  startup_stm32f40_41xxx.o(.text)
    TIM1_UP_TIM10_IRQHandler                 0x080030c7   Thumb Code     0  startup_stm32f40_41xxx.o(.text)
    TIM2_IRQHandler                          0x080030c7   Thumb Code     0  startup_stm32f40_41xxx.o(.text)
    TIM4_IRQHandler                          0x080030c7   Thumb Code     0  startup_stm32f40_41xxx.o(.text)
    TIM5_IRQHandler                          0x080030c7   Thumb Code     0  startup_stm32f40_41xxx.o(.text)
    TIM6_DAC_IRQHandler                      0x080030c7   Thumb Code     0  startup_stm32f40_41xxx.o(.text)
    TIM7_IRQHandler                          0x080030c7   Thumb Code     0  startup_stm32f40_41xxx.o(.text)
    TIM8_BRK_TIM12_IRQHandler                0x080030c7   Thumb Code     0  startup_stm32f40_41xxx.o(.text)
    TIM8_CC_IRQHandler                       0x080030c7   Thumb Code     0  startup_stm32f40_41xxx.o(.text)
    TIM8_TRG_COM_TIM14_IRQHandler            0x080030c7   Thumb Code     0  startup_stm32f40_41xxx.o(.text)
    TIM8_UP_TIM13_IRQHandler                 0x080030c7   Thumb Code     0  startup_stm32f40_41xxx.o(.text)
    UART4_IRQHandler                         0x080030c7   Thumb Code     0  startup_stm32f40_41xxx.o(.text)
    UART5_IRQHandler                         0x080030c7   Thumb Code     0  startup_stm32f40_41xxx.o(.text)
    USART1_IRQHandler                        0x080030c7   Thumb Code     0  startup_stm32f40_41xxx.o(.text)
    USART2_IRQHandler                        0x080030c7   Thumb Code     0  startup_stm32f40_41xxx.o(.text)
    USART3_IRQHandler                        0x080030c7   Thumb Code     0  startup_stm32f40_41xxx.o(.text)
    USART6_IRQHandler                        0x080030c7   Thumb Code     0  startup_stm32f40_41xxx.o(.text)
    WWDG_IRQHandler                          0x080030c7   Thumb Code     0  startup_stm32f40_41xxx.o(.text)
    SystemInit                               0x080031ad   Thumb Code    88  system_stm32f4xx.o(.text)
    SystemCoreClockUpdate                    0x08003205   Thumb Code   174  system_stm32f4xx.o(.text)
    __aeabi_memcpy                           0x080032e1   Thumb Code    36  memcpya.o(.text)
    __aeabi_memcpy4                          0x080032e1   Thumb Code     0  memcpya.o(.text)
    __aeabi_memcpy8                          0x080032e1   Thumb Code     0  memcpya.o(.text)
    __aeabi_dadd                             0x08003305   Thumb Code   322  dadd.o(.text)
    __aeabi_dsub                             0x08003447   Thumb Code     6  dadd.o(.text)
    __aeabi_drsub                            0x0800344d   Thumb Code     6  dadd.o(.text)
    __aeabi_dmul                             0x08003453   Thumb Code   228  dmul.o(.text)
    __aeabi_ddiv                             0x08003537   Thumb Code   222  ddiv.o(.text)
    __aeabi_f2d                              0x08003615   Thumb Code    38  f2d.o(.text)
    __aeabi_d2f                              0x0800363b   Thumb Code    56  d2f.o(.text)
    __aeabi_llsl                             0x08003673   Thumb Code    30  llshl.o(.text)
    _ll_shift_l                              0x08003673   Thumb Code     0  llshl.o(.text)
    __aeabi_llsr                             0x08003691   Thumb Code    32  llushr.o(.text)
    _ll_ushift_r                             0x08003691   Thumb Code     0  llushr.o(.text)
    __aeabi_lasr                             0x080036b1   Thumb Code    36  llsshr.o(.text)
    _ll_sshift_r                             0x080036b1   Thumb Code     0  llsshr.o(.text)
    __I$use$fp                               0x080036d5   Thumb Code     0  iusefp.o(.text)
    _float_round                             0x080036d5   Thumb Code    18  fepilogue.o(.text)
    _float_epilogue                          0x080036e7   Thumb Code    92  fepilogue.o(.text)
    _double_round                            0x08003743   Thumb Code    30  depilogue.o(.text)
    _double_epilogue                         0x08003761   Thumb Code   156  depilogue.o(.text)
    _dsqrt                                   0x080037fd   Thumb Code   162  dsqrt.o(.text)
    __scatterload                            0x080038a1   Thumb Code    28  init.o(.text)
    __scatterload_rt2                        0x080038a1   Thumb Code     0  init.o(.text)
    SVC_Count                                0x080038c4   Data           4  svc_table.o(SVC_TABLE)
    SVC_Table                                0x080038c8   Data           0  svc_table.o(SVC_TABLE)
    __ARM_fpclassify                         0x080038c9   Thumb Code    48  fpclassify.o(i.__ARM_fpclassify)
    __hardfp_atan                            0x080038f9   Thumb Code   622  atan.o(i.__hardfp_atan)
    __hardfp_sqrt                            0x08003bd1   Thumb Code   122  sqrt.o(i.__hardfp_sqrt)
    __kernel_poly                            0x08003c4b   Thumb Code   248  poly.o(i.__kernel_poly)
    __mathlib_dbl_infnan                     0x08003d43   Thumb Code    20  dunder.o(i.__mathlib_dbl_infnan)
    __mathlib_dbl_underflow                  0x08003d59   Thumb Code    24  dunder.o(i.__mathlib_dbl_underflow)
    __scatterload_copy                       0x08003d79   Thumb Code    14  handlers.o(i.__scatterload_copy)
    __scatterload_null                       0x08003d87   Thumb Code     2  handlers.o(i.__scatterload_null)
    __scatterload_zeroinit                   0x08003d89   Thumb Code    14  handlers.o(i.__scatterload_zeroinit)
    __set_errno                              0x08003d99   Thumb Code     6  errno.o(i.__set_errno)
    _init_box                                0x08003da5   Thumb Code    70  rt_membox.o(i._init_box)
    dbg_init                                 0x08003ded   Thumb Code    34  hal_cm.o(i.dbg_init)
    dbg_task_notify                          0x08003e1d   Thumb Code    32  hal_cm.o(i.dbg_task_notify)
    dbg_task_switch                          0x08003e3d   Thumb Code    16  hal_cm.o(i.dbg_task_switch)
    fabs                                     0x08003e4d   Thumb Code    24  fabs.o(i.fabs)
    isrMessageGet                            0x08003e65   Thumb Code    42  rt_cmsis.o(i.isrMessageGet)
    isrMessagePut                            0x08003e8f   Thumb Code    44  rt_cmsis.o(i.isrMessagePut)
    isrSignalSet                             0x08003ebb   Thumb Code    36  rt_cmsis.o(i.isrSignalSet)
    isr_evt_set                              0x08003ee1   Thumb Code    34  rt_event.o(i.isr_evt_set)
    isr_mbx_receive                          0x08003f09   Thumb Code    82  rt_mailbox.o(i.isr_mbx_receive)
    isr_mbx_send                             0x08003f5b   Thumb Code    14  rt_mailbox.o(i.isr_mbx_send)
    osKernelInitialize                       0x08003f69   Thumb Code    30  rt_cmsis.o(i.osKernelInitialize)
    osKernelStart                            0x08003f8d   Thumb Code    98  rt_cmsis.o(i.osKernelStart)
    osMailCreate                             0x08003ff9   Thumb Code    38  rt_cmsis.o(i.osMailCreate)
    osMailFree                               0x08004029   Thumb Code    22  rt_cmsis.o(i.osMailFree)
    osMailGet                                0x08004045   Thumb Code    22  rt_cmsis.o(i.osMailGet)
    osMailPut                                0x0800405b   Thumb Code    20  rt_cmsis.o(i.osMailPut)
    osMessageGet                             0x08004071   Thumb Code    18  rt_cmsis.o(i.osMessageGet)
    osMessagePut                             0x08004089   Thumb Code    18  rt_cmsis.o(i.osMessagePut)
    osSignalSet                              0x080040a1   Thumb Code    18  rt_cmsis.o(i.osSignalSet)
    osSignalWait                             0x080040b9   Thumb Code    18  rt_cmsis.o(i.osSignalWait)
    osThreadCreate                           0x080040d1   Thumb Code    38  rt_cmsis.o(i.osThreadCreate)
    osThreadExit                             0x08004101   Thumb Code    14  rt_cmsis.o(i.osThreadExit)
    osTimerCall                              0x08004119   Thumb Code     8  rt_cmsis.o(i.osTimerCall)
    osTimerThread                            0x08004125   Thumb Code    38  rt_cmsis.o(i.osTimerThread)
    os_tick_init                             0x08004151   Thumb Code    32  rt_system.o(i.os_tick_init)
    os_tick_irqack                           0x08004179   Thumb Code     2  rt_system.o(i.os_tick_irqack)
    rt_alloc_box                             0x0800417b   Thumb Code    26  rt_membox.o(i.rt_alloc_box)
    rt_alloc_mem                             0x08004195   Thumb Code    62  rt_memory.o(i.rt_alloc_mem)
    rt_block                                 0x080041d5   Thumb Code    48  rt_task.o(i.rt_block)
    rt_chk_robin                             0x0800420d   Thumb Code    60  rt_robin.o(i.rt_chk_robin)
    rt_dec_dly                               0x08004255   Thumb Code   102  rt_list.o(i.rt_dec_dly)
    rt_dispatch                              0x080042c5   Thumb Code    60  rt_task.o(i.rt_dispatch)
    rt_evt_psh                               0x08004309   Thumb Code    76  rt_event.o(i.rt_evt_psh)
    rt_evt_set                               0x08004359   Thumb Code    88  rt_event.o(i.rt_evt_set)
    rt_evt_wait                              0x080043b5   Thumb Code    56  rt_event.o(i.rt_evt_wait)
    rt_free_box                              0x080043f1   Thumb Code    32  rt_membox.o(i.rt_free_box)
    rt_free_mem                              0x08004411   Thumb Code    40  rt_memory.o(i.rt_free_mem)
    rt_get_first                             0x08004439   Thumb Code    40  rt_list.o(i.rt_get_first)
    rt_init_mem                              0x080044b1   Thumb Code    26  rt_memory.o(i.rt_init_mem)
    rt_init_robin                            0x080044cd   Thumb Code    14  rt_robin.o(i.rt_init_robin)
    rt_init_stack                            0x080044e5   Thumb Code   118  hal_cm.o(i.rt_init_stack)
    rt_mbx_check                             0x08004565   Thumb Code     8  rt_mailbox.o(i.rt_mbx_check)
    rt_mbx_init                              0x0800456d   Thumb Code    26  rt_mailbox.o(i.rt_mbx_init)
    rt_mbx_psh                               0x08004589   Thumb Code   236  rt_mailbox.o(i.rt_mbx_psh)
    rt_mbx_send                              0x08004679   Thumb Code   148  rt_mailbox.o(i.rt_mbx_send)
    rt_mbx_wait                              0x08004711   Thumb Code   174  rt_mailbox.o(i.rt_mbx_wait)
    rt_pop_req                               0x08004801   Thumb Code   112  rt_system.o(i.rt_pop_req)
    rt_psh_req                               0x0800487d   Thumb Code    22  rt_system.o(i.rt_psh_req)
    rt_psq_enq                               0x0800489d   Thumb Code    88  rt_list.o(i.rt_psq_enq)
    rt_put_dly                               0x080048f9   Thumb Code    68  rt_list.o(i.rt_put_dly)
    rt_put_prio                              0x08004941   Thumb Code    54  rt_list.o(i.rt_put_prio)
    rt_put_rdy_first                         0x08004979   Thumb Code    14  rt_list.o(i.rt_put_rdy_first)
    rt_resort_prio                           0x0800498d   Thumb Code    46  rt_list.o(i.rt_resort_prio)
    rt_ret_val                               0x080049d1   Thumb Code    12  hal_cm.o(i.rt_ret_val)
    rt_ret_val2                              0x080049dd   Thumb Code    16  hal_cm.o(i.rt_ret_val2)
    rt_rmv_dly                               0x080049ed   Thumb Code    40  rt_list.o(i.rt_rmv_dly)
    rt_rmv_list                              0x08004a15   Thumb Code    44  rt_list.o(i.rt_rmv_list)
    rt_sem_psh                               0x08004a45   Thumb Code    48  rt_semaphore.o(i.rt_sem_psh)
    rt_stk_check                             0x08004a79   Thumb Code    28  rt_system.o(i.rt_stk_check)
    rt_switch_req                            0x08004a9d   Thumb Code    30  rt_task.o(i.rt_switch_req)
    rt_sys_init                              0x08004ac5   Thumb Code   138  rt_task.o(i.rt_sys_init)
    rt_sys_start                             0x08004b91   Thumb Code   110  rt_task.o(i.rt_sys_start)
    rt_systick                               0x08004c09   Thumb Code    50  rt_system.o(i.rt_systick)
    rt_tsk_create                            0x08004c91   Thumb Code   112  rt_task.o(i.rt_tsk_create)
    rt_tsk_delete                            0x08004d11   Thumb Code   342  rt_task.o(i.rt_tsk_delete)
    rt_tsk_prio                              0x08004e85   Thumb Code   108  rt_task.o(i.rt_tsk_prio)
    rt_tsk_self                              0x08004f01   Thumb Code    12  rt_task.o(i.rt_tsk_self)
    svcKernelInitialize                      0x08004f11   Thumb Code    80  rt_cmsis.o(i.svcKernelInitialize)
    svcKernelStart                           0x08004f81   Thumb Code    62  rt_cmsis.o(i.svcKernelStart)
    svcMailCreate                            0x08004fc9   Thumb Code    66  rt_cmsis.o(i.svcMailCreate)
    svcMessageCreate                         0x0800500b   Thumb Code    36  rt_cmsis.o(i.svcMessageCreate)
    svcMessageGet                            0x0800502f   Thumb Code    58  rt_cmsis.o(i.svcMessageGet)
    svcMessagePut                            0x08005069   Thumb Code    54  rt_cmsis.o(i.svcMessagePut)
    svcSignalSet                             0x0800509f   Thumb Code    36  rt_cmsis.o(i.svcSignalSet)
    svcSignalWait                            0x080050c5   Thumb Code    80  rt_cmsis.o(i.svcSignalWait)
    svcThreadCreate                          0x08005119   Thumb Code   100  rt_cmsis.o(i.svcThreadCreate)
    svcThreadGetId                           0x08005189   Thumb Code    22  rt_cmsis.o(i.svcThreadGetId)
    svcThreadTerminate                       0x080051a5   Thumb Code    50  rt_cmsis.o(i.svcThreadTerminate)
    svcTimerCall                             0x080051dd   Thumb Code    24  rt_cmsis.o(i.svcTimerCall)
    sysMailFree                              0x080051f5   Thumb Code    96  rt_cmsis.o(i.sysMailFree)
    sysTimerTick                             0x08005255   Thumb Code    84  rt_cmsis.o(i.sysTimerTick)
    os_mailQ_def_mail_box_Peripherals_to_Control 0x080052b0   Data          12  threads.o(.constdata)
    os_maxtaskrun                            0x080052ec   Data           2  rtx_conf_cm.o(.constdata)
    os_stackinfo                             0x080052f0   Data           4  rtx_conf_cm.o(.constdata)
    os_rrobin                                0x080052f4   Data           4  rtx_conf_cm.o(.constdata)
    os_tickfreq                              0x080052f8   Data           4  rtx_conf_cm.o(.constdata)
    os_tickus_i                              0x080052fc   Data           2  rtx_conf_cm.o(.constdata)
    os_tickus_f                              0x080052fe   Data           2  rtx_conf_cm.o(.constdata)
    os_trv                                   0x08005300   Data           4  rtx_conf_cm.o(.constdata)
    os_flags                                 0x08005304   Data           1  rtx_conf_cm.o(.constdata)
    CMSIS_RTOS_API_Version                   0x08005308   Data           4  rtx_conf_cm.o(.constdata)
    CMSIS_RTOS_RTX_Version                   0x0800530c   Data           4  rtx_conf_cm.o(.constdata)
    os_clockrate                             0x08005310   Data           4  rtx_conf_cm.o(.constdata)
    os_timernum                              0x08005314   Data           4  rtx_conf_cm.o(.constdata)
    mp_tcb_size                              0x08005318   Data           2  rtx_conf_cm.o(.constdata)
    mp_stk_size                              0x0800531c   Data           4  rtx_conf_cm.o(.constdata)
    os_stack_sz                              0x08005320   Data           4  rtx_conf_cm.o(.constdata)
    os_fifo_size                             0x08005324   Data           1  rtx_conf_cm.o(.constdata)
    os_thread_def_osTimerThread              0x08005328   Data          16  rtx_conf_cm.o(.constdata)
    os_messageQ_def_osTimerMessageQ          0x08005338   Data           8  rtx_conf_cm.o(.constdata)
    mp_tmr_size                              0x08005340   Data           2  rtx_conf_cm.o(.constdata)
    Region$$Table$$Base                      0x080053e0   Number         0  anon$$obj.o(Region$$Table)
    Region$$Table$$Limit                     0x08005400   Number         0  anon$$obj.o(Region$$Table)
    debug_a                                  0x20000000   Data           4  initialize_modules.o(.data)
    debug_b                                  0x20000004   Data           4  initialize_modules.o(.data)
    debug_c                                  0x20000008   Data           4  initialize_modules.o(.data)
    Cal1                                     0x2000000c   Data          36  accelerometer_data.o(.data)
    Cal2                                     0x20000030   Data          12  accelerometer_data.o(.data)
    Accelerometer_thread                     0x2000003c   Data           4  threads.o(.data)
    TemperatureSensor_thread                 0x20000040   Data           4  threads.o(.data)
    Control_thread                           0x20000044   Data           4  threads.o(.data)
    mail_box_Peripherals_to_Control          0x20000048   Data           4  threads.o(.data)
    os_mailQ_p_mail_box_Peripherals_to_Control 0x2000004c   Data           8  threads.o(.data)
    debug_acc                                0x20000054   Data           4  lsm9ds1.o(.data)
    LSM9DS1Timeout                           0x20000058   Data           4  lsm9ds1.o(.data)
    osThreadId_osTimerThread                 0x2000005c   Data           4  rtx_conf_cm.o(.data)
    osMessageQId_osTimerMessageQ             0x20000060   Data           4  rtx_conf_cm.o(.data)
    os_tmr                                   0x20000064   Data           4  rtx_conf_cm.o(.data)
    m_tmr                                    0x20000068   Data           4  rtx_conf_cm.o(.data)
    os_thread_def_main                       0x2000006c   Data          16  rtx_conf_cm.o(.data)
    SystemCoreClock                          0x2000008c   Data           4  system_stm32f4xx.o(.data)
    AHBPrescTable                            0x20000090   Data          16  system_stm32f4xx.o(.data)
    os_initialized                           0x200000a0   Data           1  rt_cmsis.o(.data)
    os_running                               0x200000a1   Data           1  rt_cmsis.o(.data)
    os_timer_head                            0x200000a4   Data           4  rt_cmsis.o(.data)
    os_tsk                                   0x200000a8   Data           8  rt_task.o(.data)
    os_tick_irqn                             0x200000b4   Data           4  rt_system.o(.data)
    os_time                                  0x200000b8   Data           4  rt_time.o(.data)
    dbg_msg                                  0x200000bc   Data           1  hal_cm.o(.data)
    os_robin                                 0x200000c0   Data           8  rt_robin.o(.data)
    debug_d                                  0x200000cc   Data          12  initialize_modules.o(.bss)
    buffer_list                              0x200000d8   Data         620  accelerometer_data.o(.bss)
    Accelerometer_Filter_x                   0x20000344   Data         124  accelerometer_data.o(.bss)
    Accelerometer_Filter_y                   0x200003c0   Data         124  accelerometer_data.o(.bss)
    Accelerometer_Filter_z                   0x2000043c   Data         124  accelerometer_data.o(.bss)
    Pitch_Filter                             0x200004b8   Data         124  accelerometer_data.o(.bss)
    Roll_Filter                              0x20000534   Data         124  accelerometer_data.o(.bss)
    Temperature_Filter                       0x200005b0   Data         124  adc_temperaturesensor_data.o(.bss)
    os_mailQ_q_mail_box_Peripherals_to_Control 0x2000062c   Data          56  threads.o(.bss)
    os_mailQ_m_mail_box_Peripherals_to_Control 0x20000664   Data         172  threads.o(.bss)
    mp_tcb                                   0x20000710   Data         376  rtx_conf_cm.o(.bss)
    mp_stk                                   0x20000888   Data        7216  rtx_conf_cm.o(.bss)
    os_stack_mem                             0x200024b8   Data        1432  rtx_conf_cm.o(.bss)
    os_fifo                                  0x20002a50   Data         132  rtx_conf_cm.o(.bss)
    os_active_TCB                            0x20002ad4   Data          28  rtx_conf_cm.o(.bss)
    os_messageQ_q_osTimerMessageQ            0x20002af0   Data          32  rtx_conf_cm.o(.bss)
    os_idle_TCB                              0x20002b10   Data          52  rt_task.o(.bss)
    os_rdy                                   0x20002b44   Data          24  rt_list.o(.bss)
    os_dly                                   0x20002b5c   Data          24  rt_list.o(.bss)
    __initial_sp                             0x20002f78   Data           0  startup_stm32f40_41xxx.o(STACK)



==============================================================================

Memory Map of the image

  Image Entry point : 0x08000189

  Load Region LR_IROM1 (Base: 0x08000000, Size: 0x000054cc, Max: 0x00100000, ABSOLUTE)

    Execution Region ER_IROM1 (Base: 0x08000000, Size: 0x00005400, Max: 0x00100000, ABSOLUTE)

    Base Addr    Size         Type   Attr      Idx    E Section Name        Object

    0x08000000   0x00000188   Data   RO         1285    RESET               startup_stm32f40_41xxx.o
    0x08000188   0x00000000   Code   RO         2558  * .ARM.Collect$$$$00000000  mc_w.l(entry.o)
    0x08000188   0x00000004   Code   RO         2601    .ARM.Collect$$$$00000001  mc_w.l(entry2.o)
    0x0800018c   0x00000004   Code   RO         2604    .ARM.Collect$$$$00000004  mc_w.l(entry5.o)
    0x08000190   0x00000000   Code   RO         2606    .ARM.Collect$$$$00000008  mc_w.l(entry7b.o)
    0x08000190   0x00000000   Code   RO         2608    .ARM.Collect$$$$0000000A  mc_w.l(entry8b.o)
    0x08000190   0x00000000   Code   RO         2609    .ARM.Collect$$$$0000000D  mc_w.l(entry10a.o)
    0x08000190   0x00000000   Code   RO         2611    .ARM.Collect$$$$0000000F  mc_w.l(entry11a.o)
    0x08000190   0x00000018   Code   RO          508    .ARM.Collect$$$$000000FF  rtx_conf_cm.o
    0x080001a8   0x00000004   Code   RO         2602    .ARM.Collect$$$$00002712  mc_w.l(entry2.o)
    0x080001ac   0x00000180   Code   RO         2519    .emb_text           RTX_CM4.lib(hal_cm4.o)
    0x0800032c   0x00000022   Code   RO            4    .text               main.o
    0x0800034e   0x00000002   PAD
    0x08000350   0x000000f8   Code   RO          206    .text               initialize_modules.o
    0x08000448   0x00000074   Code   RO          241    .text               initialize_interrupts.o
    0x080004bc   0x0000008c   Code   RO          265    .text               initialize_timers.o
    0x08000548   0x000002bc   Code   RO          292    .text               accelerometer_data.o
    0x08000804   0x000000f8   Code   RO          325    .text               filter_data.o
    0x080008fc   0x000000d4   Code   RO          340    .text               adc_temperaturesensor_data.o
    0x080009d0   0x00000194   Code   RO          367    .text               threads.o
    0x08000b64   0x00000034   Code   RO          400    .text               gpio_manager.o
    0x08000b98   0x00000450   Code   RO          484    .text               lsm9ds1.o
    0x08000fe8   0x0000001e   Code   RO          509    .text               rtx_conf_cm.o
    0x08001006   0x00000002   PAD
    0x08001008   0x000000e0   Code   RO          540    .text               misc.o
    0x080010e8   0x00000464   Code   RO          564    .text               stm32f4xx_adc.o
    0x0800154c   0x00000110   Code   RO          828    .text               stm32f4xx_exti.o
    0x0800165c   0x00000294   Code   RO          900    .text               stm32f4xx_gpio.o
    0x080018f0   0x00000634   Code   RO         1068    .text               stm32f4xx_rcc.o
    0x08001f24   0x0000044e   Code   RO         1166    .text               stm32f4xx_spi.o
    0x08002372   0x00000002   PAD
    0x08002374   0x00000094   Code   RO         1190    .text               stm32f4xx_syscfg.o
    0x08002408   0x00000ca2   Code   RO         1214    .text               stm32f4xx_tim.o
    0x080030aa   0x00000002   PAD
    0x080030ac   0x00000024   Code   RO         1286    .text               startup_stm32f40_41xxx.o
    0x080030d0   0x00000210   Code   RO         1293    .text               system_stm32f4xx.o
    0x080032e0   0x00000024   Code   RO         2563    .text               mc_w.l(memcpya.o)
    0x08003304   0x0000014e   Code   RO         2567    .text               mf_w.l(dadd.o)
    0x08003452   0x000000e4   Code   RO         2569    .text               mf_w.l(dmul.o)
    0x08003536   0x000000de   Code   RO         2571    .text               mf_w.l(ddiv.o)
    0x08003614   0x00000026   Code   RO         2573    .text               mf_w.l(f2d.o)
    0x0800363a   0x00000038   Code   RO         2575    .text               mf_w.l(d2f.o)
    0x08003672   0x0000001e   Code   RO         2613    .text               mc_w.l(llshl.o)
    0x08003690   0x00000020   Code   RO         2615    .text               mc_w.l(llushr.o)
    0x080036b0   0x00000024   Code   RO         2617    .text               mc_w.l(llsshr.o)
    0x080036d4   0x00000000   Code   RO         2626    .text               mc_w.l(iusefp.o)
    0x080036d4   0x0000006e   Code   RO         2627    .text               mf_w.l(fepilogue.o)
    0x08003742   0x000000ba   Code   RO         2629    .text               mf_w.l(depilogue.o)
    0x080037fc   0x000000a2   Code   RO         2633    .text               mf_w.l(dsqrt.o)
    0x0800389e   0x00000002   PAD
    0x080038a0   0x00000024   Code   RO         2637    .text               mc_w.l(init.o)
    0x080038c4   0x00000004   Code   RO         2529    SVC_TABLE           RTX_CM4.lib(svc_table.o)
    0x080038c8   0x00000030   Code   RO         2597    i.__ARM_fpclassify  m_wm.l(fpclassify.o)
    0x080038f8   0x000002d8   Code   RO         2532    i.__hardfp_atan     m_wm.l(atan.o)
    0x08003bd0   0x0000007a   Code   RO         2546    i.__hardfp_sqrt     m_wm.l(sqrt.o)
    0x08003c4a   0x000000f8   Code   RO         2599    i.__kernel_poly     m_wm.l(poly.o)
    0x08003d42   0x00000014   Code   RO         2578    i.__mathlib_dbl_infnan  m_wm.l(dunder.o)
    0x08003d56   0x00000002   PAD
    0x08003d58   0x00000020   Code   RO         2583    i.__mathlib_dbl_underflow  m_wm.l(dunder.o)
    0x08003d78   0x0000000e   Code   RO         2641    i.__scatterload_copy  mc_w.l(handlers.o)
    0x08003d86   0x00000002   Code   RO         2642    i.__scatterload_null  mc_w.l(handlers.o)
    0x08003d88   0x0000000e   Code   RO         2643    i.__scatterload_zeroinit  mc_w.l(handlers.o)
    0x08003d96   0x00000002   PAD
    0x08003d98   0x0000000c   Code   RO         2621    i.__set_errno       mc_w.l(errno.o)
    0x08003da4   0x00000046   Code   RO         2392    i._init_box         RTX_CM4.lib(rt_membox.o)
    0x08003dea   0x00000002   PAD
    0x08003dec   0x00000030   Code   RO         2445    i.dbg_init          RTX_CM4.lib(hal_cm.o)
    0x08003e1c   0x00000020   Code   RO         2446    i.dbg_task_notify   RTX_CM4.lib(hal_cm.o)
    0x08003e3c   0x00000010   Code   RO         2447    i.dbg_task_switch   RTX_CM4.lib(hal_cm.o)
    0x08003e4c   0x00000018   Code   RO         2593    i.fabs              m_wm.l(fabs.o)
    0x08003e64   0x0000002a   Code   RO         1323    i.isrMessageGet     RTX_CM4.lib(rt_cmsis.o)
    0x08003e8e   0x0000002c   Code   RO         1324    i.isrMessagePut     RTX_CM4.lib(rt_cmsis.o)
    0x08003eba   0x00000024   Code   RO         1326    i.isrSignalSet      RTX_CM4.lib(rt_cmsis.o)
    0x08003ede   0x00000002   PAD
    0x08003ee0   0x00000028   Code   RO         2120    i.isr_evt_set       RTX_CM4.lib(rt_event.o)
    0x08003f08   0x00000052   Code   RO         2238    i.isr_mbx_receive   RTX_CM4.lib(rt_mailbox.o)
    0x08003f5a   0x0000000e   Code   RO         2239    i.isr_mbx_send      RTX_CM4.lib(rt_mailbox.o)
    0x08003f68   0x00000024   Code   RO         1328    i.osKernelInitialize  RTX_CM4.lib(rt_cmsis.o)
    0x08003f8c   0x0000006c   Code   RO         1330    i.osKernelStart     RTX_CM4.lib(rt_cmsis.o)
    0x08003ff8   0x00000030   Code   RO         1334    i.osMailCreate      RTX_CM4.lib(rt_cmsis.o)
    0x08004028   0x0000001c   Code   RO         1335    i.osMailFree        RTX_CM4.lib(rt_cmsis.o)
    0x08004044   0x00000016   Code   RO         1336    i.osMailGet         RTX_CM4.lib(rt_cmsis.o)
    0x0800405a   0x00000014   Code   RO         1337    i.osMailPut         RTX_CM4.lib(rt_cmsis.o)
    0x0800406e   0x00000002   PAD
    0x08004070   0x00000018   Code   RO         1339    i.osMessageGet      RTX_CM4.lib(rt_cmsis.o)
    0x08004088   0x00000018   Code   RO         1340    i.osMessagePut      RTX_CM4.lib(rt_cmsis.o)
    0x080040a0   0x00000018   Code   RO         1354    i.osSignalSet       RTX_CM4.lib(rt_cmsis.o)
    0x080040b8   0x00000018   Code   RO         1355    i.osSignalWait      RTX_CM4.lib(rt_cmsis.o)
    0x080040d0   0x00000030   Code   RO         1356    i.osThreadCreate    RTX_CM4.lib(rt_cmsis.o)
    0x08004100   0x00000018   Code   RO         1357    i.osThreadExit      RTX_CM4.lib(rt_cmsis.o)
    0x08004118   0x0000000c   Code   RO         1363    i.osTimerCall       RTX_CM4.lib(rt_cmsis.o)
    0x08004124   0x0000002c   Code   RO         1368    i.osTimerThread     RTX_CM4.lib(rt_cmsis.o)
    0x08004150   0x00000028   Code   RO         2030    i.os_tick_init      RTX_CM4.lib(rt_system.o)
    0x08004178   0x00000002   Code   RO         2031    i.os_tick_irqack    RTX_CM4.lib(rt_system.o)
    0x0800417a   0x0000001a   Code   RO         2393    i.rt_alloc_box      RTX_CM4.lib(rt_membox.o)
    0x08004194   0x0000003e   Code   RO         2421    i.rt_alloc_mem      RTX_CM4.lib(rt_memory.o)
    0x080041d2   0x00000002   PAD
    0x080041d4   0x00000038   Code   RO         1945    i.rt_block          RTX_CM4.lib(rt_task.o)
    0x0800420c   0x00000048   Code   RO         2498    i.rt_chk_robin      RTX_CM4.lib(rt_robin.o)
    0x08004254   0x00000070   Code   RO         2162    i.rt_dec_dly        RTX_CM4.lib(rt_list.o)
    0x080042c4   0x00000044   Code   RO         1946    i.rt_dispatch       RTX_CM4.lib(rt_task.o)
    0x08004308   0x00000050   Code   RO         2123    i.rt_evt_psh        RTX_CM4.lib(rt_event.o)
    0x08004358   0x0000005c   Code   RO         2124    i.rt_evt_set        RTX_CM4.lib(rt_event.o)
    0x080043b4   0x0000003c   Code   RO         2125    i.rt_evt_wait       RTX_CM4.lib(rt_event.o)
    0x080043f0   0x00000020   Code   RO         2394    i.rt_free_box       RTX_CM4.lib(rt_membox.o)
    0x08004410   0x00000028   Code   RO         2422    i.rt_free_mem       RTX_CM4.lib(rt_memory.o)
    0x08004438   0x00000028   Code   RO         2163    i.rt_get_first      RTX_CM4.lib(rt_list.o)
    0x08004460   0x00000008   Code   RO         1373    i.rt_id2obj         RTX_CM4.lib(rt_cmsis.o)
    0x08004468   0x00000048   Code   RO         1947    i.rt_init_context   RTX_CM4.lib(rt_task.o)
    0x080044b0   0x0000001a   Code   RO         2423    i.rt_init_mem       RTX_CM4.lib(rt_memory.o)
    0x080044ca   0x00000002   PAD
    0x080044cc   0x00000018   Code   RO         2499    i.rt_init_robin     RTX_CM4.lib(rt_robin.o)
    0x080044e4   0x00000080   Code   RO         2448    i.rt_init_stack     RTX_CM4.lib(hal_cm.o)
    0x08004564   0x00000008   Code   RO         2240    i.rt_mbx_check      RTX_CM4.lib(rt_mailbox.o)
    0x0800456c   0x0000001a   Code   RO         2241    i.rt_mbx_init       RTX_CM4.lib(rt_mailbox.o)
    0x08004586   0x00000002   PAD
    0x08004588   0x000000f0   Code   RO         2242    i.rt_mbx_psh        RTX_CM4.lib(rt_mailbox.o)
    0x08004678   0x00000098   Code   RO         2243    i.rt_mbx_send       RTX_CM4.lib(rt_mailbox.o)
    0x08004710   0x000000b4   Code   RO         2244    i.rt_mbx_wait       RTX_CM4.lib(rt_mailbox.o)
    0x080047c4   0x0000003c   Code   RO         1374    i.rt_ms2tick        RTX_CM4.lib(rt_cmsis.o)
    0x08004800   0x0000007c   Code   RO         2034    i.rt_pop_req        RTX_CM4.lib(rt_system.o)
    0x0800487c   0x00000020   Code   RO         2035    i.rt_psh_req        RTX_CM4.lib(rt_system.o)
    0x0800489c   0x0000005c   Code   RO         2165    i.rt_psq_enq        RTX_CM4.lib(rt_list.o)
    0x080048f8   0x00000048   Code   RO         2166    i.rt_put_dly        RTX_CM4.lib(rt_list.o)
    0x08004940   0x00000036   Code   RO         2167    i.rt_put_prio       RTX_CM4.lib(rt_list.o)
    0x08004976   0x00000002   PAD
    0x08004978   0x00000014   Code   RO         2168    i.rt_put_rdy_first  RTX_CM4.lib(rt_list.o)
    0x0800498c   0x00000034   Code   RO         2169    i.rt_resort_prio    RTX_CM4.lib(rt_list.o)
    0x080049c0   0x00000010   Code   RO         2449    i.rt_ret_regs       RTX_CM4.lib(hal_cm.o)
    0x080049d0   0x0000000c   Code   RO         2450    i.rt_ret_val        RTX_CM4.lib(hal_cm.o)
    0x080049dc   0x00000010   Code   RO         2451    i.rt_ret_val2       RTX_CM4.lib(hal_cm.o)
    0x080049ec   0x00000028   Code   RO         2170    i.rt_rmv_dly        RTX_CM4.lib(rt_list.o)
    0x08004a14   0x00000030   Code   RO         2171    i.rt_rmv_list       RTX_CM4.lib(rt_list.o)
    0x08004a44   0x00000034   Code   RO         2289    i.rt_sem_psh        RTX_CM4.lib(rt_semaphore.o)
    0x08004a78   0x00000024   Code   RO         2037    i.rt_stk_check      RTX_CM4.lib(rt_system.o)
    0x08004a9c   0x00000028   Code   RO         1948    i.rt_switch_req     RTX_CM4.lib(rt_task.o)
    0x08004ac4   0x000000cc   Code   RO         1949    i.rt_sys_init       RTX_CM4.lib(rt_task.o)
    0x08004b90   0x00000078   Code   RO         1950    i.rt_sys_start      RTX_CM4.lib(rt_task.o)
    0x08004c08   0x00000040   Code   RO         2039    i.rt_systick        RTX_CM4.lib(rt_system.o)
    0x08004c48   0x00000012   Code   RO         1375    i.rt_tid2ptcb       RTX_CM4.lib(rt_cmsis.o)
    0x08004c5a   0x00000002   PAD
    0x08004c5c   0x00000034   Code   RO         1376    i.rt_timer_insert   RTX_CM4.lib(rt_cmsis.o)
    0x08004c90   0x00000080   Code   RO         1951    i.rt_tsk_create     RTX_CM4.lib(rt_task.o)
    0x08004d10   0x00000174   Code   RO         1952    i.rt_tsk_delete     RTX_CM4.lib(rt_task.o)
    0x08004e84   0x0000007c   Code   RO         1954    i.rt_tsk_prio       RTX_CM4.lib(rt_task.o)
    0x08004f00   0x00000010   Code   RO         1955    i.rt_tsk_self       RTX_CM4.lib(rt_task.o)
    0x08004f10   0x00000070   Code   RO         1379    i.svcKernelInitialize  RTX_CM4.lib(rt_cmsis.o)
    0x08004f80   0x00000048   Code   RO         1381    i.svcKernelStart    RTX_CM4.lib(rt_cmsis.o)
    0x08004fc8   0x00000042   Code   RO         1383    i.svcMailCreate     RTX_CM4.lib(rt_cmsis.o)
    0x0800500a   0x00000024   Code   RO         1384    i.svcMessageCreate  RTX_CM4.lib(rt_cmsis.o)
    0x0800502e   0x0000003a   Code   RO         1385    i.svcMessageGet     RTX_CM4.lib(rt_cmsis.o)
    0x08005068   0x00000036   Code   RO         1386    i.svcMessagePut     RTX_CM4.lib(rt_cmsis.o)
    0x0800509e   0x00000024   Code   RO         1397    i.svcSignalSet      RTX_CM4.lib(rt_cmsis.o)
    0x080050c2   0x00000002   PAD
    0x080050c4   0x00000054   Code   RO         1398    i.svcSignalWait     RTX_CM4.lib(rt_cmsis.o)
    0x08005118   0x00000070   Code   RO         1399    i.svcThreadCreate   RTX_CM4.lib(rt_cmsis.o)
    0x08005188   0x0000001c   Code   RO         1400    i.svcThreadGetId    RTX_CM4.lib(rt_cmsis.o)
    0x080051a4   0x00000038   Code   RO         1403    i.svcThreadTerminate  RTX_CM4.lib(rt_cmsis.o)
    0x080051dc   0x00000018   Code   RO         1405    i.svcTimerCall      RTX_CM4.lib(rt_cmsis.o)
    0x080051f4   0x00000060   Code   RO         1411    i.sysMailFree       RTX_CM4.lib(rt_cmsis.o)
    0x08005254   0x0000005c   Code   RO         1414    i.sysTimerTick      RTX_CM4.lib(rt_cmsis.o)
    0x080052b0   0x0000003c   Data   RO          369    .constdata          threads.o
    0x080052ec   0x00000056   Data   RO          511    .constdata          rtx_conf_cm.o
    0x08005342   0x00000006   PAD
    0x08005348   0x00000098   Data   RO         2535    .constdata          m_wm.l(atan.o)
    0x080053e0   0x00000020   Data   RO         2639    Region$$Table       anon$$obj.o


    Execution Region RW_IRAM1 (Base: 0x20000000, Size: 0x00002f78, Max: 0x00020000, ABSOLUTE)

    Base Addr    Size         Type   Attr      Idx    E Section Name        Object

    0x20000000   0x0000000c   Data   RW          208    .data               initialize_modules.o
    0x2000000c   0x00000030   Data   RW          294    .data               accelerometer_data.o
    0x2000003c   0x00000018   Data   RW          370    .data               threads.o
    0x20000054   0x00000008   Data   RW          485    .data               lsm9ds1.o
    0x2000005c   0x00000020   Data   RW          512    .data               rtx_conf_cm.o
    0x2000007c   0x00000010   Data   RW         1069    .data               stm32f4xx_rcc.o
    0x2000008c   0x00000014   Data   RW         1294    .data               system_stm32f4xx.o
    0x200000a0   0x00000008   Data   RW         1417    .data               RTX_CM4.lib(rt_cmsis.o)
    0x200000a8   0x00000008   Data   RW         1957    .data               RTX_CM4.lib(rt_task.o)
    0x200000b0   0x00000008   Data   RW         2042    .data               RTX_CM4.lib(rt_system.o)
    0x200000b8   0x00000004   Data   RW         2332    .data               RTX_CM4.lib(rt_time.o)
    0x200000bc   0x00000001   Data   RW         2452    .data               RTX_CM4.lib(hal_cm.o)
    0x200000bd   0x00000003   PAD
    0x200000c0   0x00000008   Data   RW         2500    .data               RTX_CM4.lib(rt_robin.o)
    0x200000c8   0x00000004   Data   RW         2622    .data               mc_w.l(errno.o)
    0x200000cc   0x0000000c   Zero   RW          207    .bss                initialize_modules.o
    0x200000d8   0x000004d8   Zero   RW          293    .bss                accelerometer_data.o
    0x200005b0   0x0000007c   Zero   RW          341    .bss                adc_temperaturesensor_data.o
    0x2000062c   0x000000e4   Zero   RW          368    .bss                threads.o
    0x20000710   0x00002400   Zero   RW          510    .bss                rtx_conf_cm.o
    0x20002b10   0x00000034   Zero   RW         1956    .bss                RTX_CM4.lib(rt_task.o)
    0x20002b44   0x00000030   Zero   RW         2172    .bss                RTX_CM4.lib(rt_list.o)
    0x20002b74   0x00000004   PAD
    0x20002b78   0x00000400   Zero   RW         1283    STACK               startup_stm32f40_41xxx.o


==============================================================================

Image component sizes


      Code (inc. data)   RO Data    RW Data    ZI Data      Debug   Object Name

       700         52          0         48       1240       4175   accelerometer_data.o
       212         38          0          0        124       1513   adc_temperaturesensor_data.o
       248         20          0          0          0       1371   filter_data.o
        52          4          0          0          0        746   gpio_manager.o
       116          6          0          0          0        943   initialize_interrupts.o
       248         26          0         12         12       5978   initialize_modules.o
       140         10          0          0          0        907   initialize_timers.o
      1104         52          0          8          0       3783   lsm9ds1.o
        34          0          0          0          0     322465   main.o
       224         20          0          0          0       2025   misc.o
        54          6         86         32       9216       7550   rtx_conf_cm.o
        36          8        392          0       1024        912   startup_stm32f40_41xxx.o
      1124         24          0          0          0      10698   stm32f4xx_adc.o
       272         10          0          0          0       2467   stm32f4xx_exti.o
       660         44          0          0          0       4301   stm32f4xx_gpio.o
      1588         52          0         16          0      12950   stm32f4xx_rcc.o
      1102         32          0          0          0       7069   stm32f4xx_spi.o
       148         12          0          0          0       1917   stm32f4xx_syscfg.o
      3234         60          0          0          0      22504   stm32f4xx_tim.o
       528         46          0         20          0       2103   system_stm32f4xx.o
       404         38         60         24        228       3840   threads.o

    ----------------------------------------------------------------------
     12236        560        576        160      11844     420217   Object Totals
         0          0         32          0          0          0   (incl. Generated)
         8          0          6          0          0          0   (incl. Padding)

    ----------------------------------------------------------------------

      Code (inc. data)   RO Data    RW Data    ZI Data      Debug   Library Member Name

       268         24          0          1          0       4128   hal_cm.o
       384         28          0          0          0        796   hal_cm4.o
      1672        178          0          8          0      37983   rt_cmsis.o
       272         18          0          0          0       2470   rt_event.o
       530         34          0          0         48       7765   rt_list.o
       702         14          0          0          0       4379   rt_mailbox.o
       128          0          0          0          0       1821   rt_membox.o
       128          0          0          0          0       2203   rt_memory.o
        96         22          0          8          0       1230   rt_robin.o
        52          4          0          0          0        557   rt_semaphore.o
       298         52          0          8          0       6239   rt_system.o
      1200        174          0          8         52       9253   rt_task.o
         0          0          0          4          0        210   rt_time.o
         4          4          0          0          0        200   svc_table.o
       728        106        152          0          0        228   atan.o
        52          8          0          0          0        248   dunder.o
        24          0          0          0          0        124   fabs.o
        48          0          0          0          0        124   fpclassify.o
       248          0          0          0          0        152   poly.o
       122          0          0          0          0        148   sqrt.o
         0          0          0          0          0          0   entry.o
         0          0          0          0          0          0   entry10a.o
         0          0          0          0          0          0   entry11a.o
         8          4          0          0          0          0   entry2.o
         4          0          0          0          0          0   entry5.o
         0          0          0          0          0          0   entry7b.o
         0          0          0          0          0          0   entry8b.o
        12          6          0          4          0         68   errno.o
        30          0          0          0          0          0   handlers.o
        36          8          0          0          0         68   init.o
         0          0          0          0          0          0   iusefp.o
        30          0          0          0          0         68   llshl.o
        36          0          0          0          0         68   llsshr.o
        32          0          0          0          0         68   llushr.o
        36          0          0          0          0         68   memcpya.o
        56          0          0          0          0         88   d2f.o
       334          0          0          0          0        148   dadd.o
       222          0          0          0          0        100   ddiv.o
       186          0          0          0          0        176   depilogue.o
       228          0          0          0          0         96   dmul.o
       162          0          0          0          0        100   dsqrt.o
        38          0          0          0          0         68   f2d.o
       110          0          0          0          0        168   fepilogue.o

    ----------------------------------------------------------------------
      8540        684        152         44        104      81610   Library Totals
        24          0          0          3          4          0   (incl. Padding)

    ----------------------------------------------------------------------

      Code (inc. data)   RO Data    RW Data    ZI Data      Debug   Library Name

      5734        552          0         37        100      79234   RTX_CM4.lib
      1222        114        152          0          0       1024   m_wm.l
       224         18          0          4          0        408   mc_w.l
      1336          0          0          0          0        944   mf_w.l

    ----------------------------------------------------------------------
      8540        684        152         44        104      81610   Library Totals

    ----------------------------------------------------------------------

==============================================================================


      Code (inc. data)   RO Data    RW Data    ZI Data      Debug   

     20776       1244        728        204      11948     488359   Grand Totals
     20776       1244        728        204      11948     488359   ELF Image Totals
     20776       1244        728        204          0          0   ROM Totals

==============================================================================

    Total RO  Size (Code + RO Data)                21504 (  21.00kB)
    Total RW  Size (RW Data + ZI Data)             12152 (  11.87kB)
    Total ROM Size (Code + RO Data + RW Data)      21708 (  21.20kB)

==============================================================================

